<?xml version="1.0"?>
<link_info>
   <banner>TI ARM Linker PC v5.1.6</banner>
   <copyright>Copyright (c) 1996-2014 Texas Instruments Incorporated</copyright>
   <link_time>0x5ffcf6c6</link_time>
   <link_errors>0x0</link_errors>
   <output_file>Chess.out</output_file>
   <entry_point>
      <name>_c_int00</name>
      <address>0x6ae29</address>
   </entry_point>
   <input_file_list>
      <input_file id="fl-2">
         <path>.\</path>
         <kind>object</kind>
         <file>Chess.obj</file>
         <name>Chess.obj</name>
      </input_file>
      <input_file id="fl-3">
         <path>.\</path>
         <kind>object</kind>
         <file>tm4c1294ncpdt_startup_ccs.obj</file>
         <name>tm4c1294ncpdt_startup_ccs.obj</name>
      </input_file>
      <input_file id="fl-4">
         <path>.\</path>
         <kind>object</kind>
         <file>uartstdio.obj</file>
         <name>uartstdio.obj</name>
      </input_file>
      <input_file id="fl-5">
         <path>.\TOUCHinit\</path>
         <kind>object</kind>
         <file>TOUCH_TSC2046.obj</file>
         <name>TOUCH_TSC2046.obj</name>
      </input_file>
      <input_file id="fl-6">
         <path>.\TFTinit\</path>
         <kind>object</kind>
         <file>TFT_400x240_OTM4001A_16bit.obj</file>
         <name>TFT_400x240_OTM4001A_16bit.obj</name>
      </input_file>
      <input_file id="fl-7">
         <path>.\EPIinit\</path>
         <kind>object</kind>
         <file>EPIinit.obj</file>
         <name>EPIinit.obj</name>
      </input_file>
      <input_file id="fl-136">
         <path>c:\ti\ccsv6\tools\compiler\arm_5.1.6\lib\</path>
         <kind>archive</kind>
         <file>rtsv7M4_T_le_v4SPD16_eabi.lib</file>
         <name>_lock.obj</name>
      </input_file>
      <input_file id="fl-137">
         <path>c:\ti\ccsv6\tools\compiler\arm_5.1.6\lib\</path>
         <kind>archive</kind>
         <file>rtsv7M4_T_le_v4SPD16_eabi.lib</file>
         <name>boot.obj</name>
      </input_file>
      <input_file id="fl-138">
         <path>c:\ti\ccsv6\tools\compiler\arm_5.1.6\lib\</path>
         <kind>archive</kind>
         <file>rtsv7M4_T_le_v4SPD16_eabi.lib</file>
         <name>copy_decompress_none.obj</name>
      </input_file>
      <input_file id="fl-139">
         <path>c:\ti\ccsv6\tools\compiler\arm_5.1.6\lib\</path>
         <kind>archive</kind>
         <file>rtsv7M4_T_le_v4SPD16_eabi.lib</file>
         <name>copy_decompress_rle.obj</name>
      </input_file>
      <input_file id="fl-13a">
         <path>c:\ti\ccsv6\tools\compiler\arm_5.1.6\lib\</path>
         <kind>archive</kind>
         <file>rtsv7M4_T_le_v4SPD16_eabi.lib</file>
         <name>copy_zero_init.obj</name>
      </input_file>
      <input_file id="fl-13b">
         <path>c:\ti\ccsv6\tools\compiler\arm_5.1.6\lib\</path>
         <kind>archive</kind>
         <file>rtsv7M4_T_le_v4SPD16_eabi.lib</file>
         <name>exit.obj</name>
      </input_file>
      <input_file id="fl-13c">
         <path>c:\ti\ccsv6\tools\compiler\arm_5.1.6\lib\</path>
         <kind>archive</kind>
         <file>rtsv7M4_T_le_v4SPD16_eabi.lib</file>
         <name>fd_cmp_t2.obj</name>
      </input_file>
      <input_file id="fl-13d">
         <path>c:\ti\ccsv6\tools\compiler\arm_5.1.6\lib\</path>
         <kind>archive</kind>
         <file>rtsv7M4_T_le_v4SPD16_eabi.lib</file>
         <name>fd_div_t2.obj</name>
      </input_file>
      <input_file id="fl-13e">
         <path>c:\ti\ccsv6\tools\compiler\arm_5.1.6\lib\</path>
         <kind>archive</kind>
         <file>rtsv7M4_T_le_v4SPD16_eabi.lib</file>
         <name>fd_mul_t2.obj</name>
      </input_file>
      <input_file id="fl-13f">
         <path>c:\ti\ccsv6\tools\compiler\arm_5.1.6\lib\</path>
         <kind>archive</kind>
         <file>rtsv7M4_T_le_v4SPD16_eabi.lib</file>
         <name>fd_toi_t2.obj</name>
      </input_file>
      <input_file id="fl-140">
         <path>c:\ti\ccsv6\tools\compiler\arm_5.1.6\lib\</path>
         <kind>archive</kind>
         <file>rtsv7M4_T_le_v4SPD16_eabi.lib</file>
         <name>fd_tou_t2.obj</name>
      </input_file>
      <input_file id="fl-141">
         <path>c:\ti\ccsv6\tools\compiler\arm_5.1.6\lib\</path>
         <kind>archive</kind>
         <file>rtsv7M4_T_le_v4SPD16_eabi.lib</file>
         <name>memcpy_t2.obj</name>
      </input_file>
      <input_file id="fl-142">
         <path>c:\ti\ccsv6\tools\compiler\arm_5.1.6\lib\</path>
         <kind>archive</kind>
         <file>rtsv7M4_T_le_v4SPD16_eabi.lib</file>
         <name>stkdepth_vars.obj</name>
      </input_file>
      <input_file id="fl-143">
         <path>c:\ti\ccsv6\tools\compiler\arm_5.1.6\lib\</path>
         <kind>archive</kind>
         <file>rtsv7M4_T_le_v4SPD16_eabi.lib</file>
         <name>u_divt2.obj</name>
      </input_file>
      <input_file id="fl-144">
         <path>c:\ti\ccsv6\tools\compiler\arm_5.1.6\lib\</path>
         <kind>archive</kind>
         <file>rtsv7M4_T_le_v4SPD16_eabi.lib</file>
         <name>u_tofd_t2.obj</name>
      </input_file>
      <input_file id="fl-145">
         <path>c:\ti\ccsv6\tools\compiler\arm_5.1.6\lib\</path>
         <kind>archive</kind>
         <file>rtsv7M4_T_le_v4SPD16_eabi.lib</file>
         <name>args_main.obj</name>
      </input_file>
      <input_file id="fl-146">
         <path>c:\ti\ccsv6\tools\compiler\arm_5.1.6\lib\</path>
         <kind>archive</kind>
         <file>rtsv7M4_T_le_v4SPD16_eabi.lib</file>
         <name>auto_init.obj</name>
      </input_file>
      <input_file id="fl-147">
         <path>c:\ti\ccsv6\tools\compiler\arm_5.1.6\lib\</path>
         <kind>archive</kind>
         <file>rtsv7M4_T_le_v4SPD16_eabi.lib</file>
         <name>cpy_tbl.obj</name>
      </input_file>
      <input_file id="fl-148">
         <path>C:\ti\TivaWare_C_Series-2.1.0.12573\driverlib\ccs\Debug\</path>
         <kind>archive</kind>
         <file>driverlib.lib</file>
         <name>uart.obj</name>
      </input_file>
      <input_file id="fl-149">
         <path>C:\ti\TivaWare_C_Series-2.1.0.12573\driverlib\ccs\Debug\</path>
         <kind>archive</kind>
         <file>driverlib.lib</file>
         <name>timer.obj</name>
      </input_file>
      <input_file id="fl-14a">
         <path>C:\ti\TivaWare_C_Series-2.1.0.12573\driverlib\ccs\Debug\</path>
         <kind>archive</kind>
         <file>driverlib.lib</file>
         <name>systick.obj</name>
      </input_file>
      <input_file id="fl-14b">
         <path>C:\ti\TivaWare_C_Series-2.1.0.12573\driverlib\ccs\Debug\</path>
         <kind>archive</kind>
         <file>driverlib.lib</file>
         <name>sysctl.obj</name>
      </input_file>
      <input_file id="fl-14c">
         <path>C:\ti\TivaWare_C_Series-2.1.0.12573\driverlib\ccs\Debug\</path>
         <kind>archive</kind>
         <file>driverlib.lib</file>
         <name>ssi.obj</name>
      </input_file>
      <input_file id="fl-14d">
         <path>C:\ti\TivaWare_C_Series-2.1.0.12573\driverlib\ccs\Debug\</path>
         <kind>archive</kind>
         <file>driverlib.lib</file>
         <name>pwm.obj</name>
      </input_file>
      <input_file id="fl-14e">
         <path>C:\ti\TivaWare_C_Series-2.1.0.12573\driverlib\ccs\Debug\</path>
         <kind>archive</kind>
         <file>driverlib.lib</file>
         <name>interrupt.obj</name>
      </input_file>
      <input_file id="fl-14f">
         <path>C:\ti\TivaWare_C_Series-2.1.0.12573\driverlib\ccs\Debug\</path>
         <kind>archive</kind>
         <file>driverlib.lib</file>
         <name>gpio.obj</name>
      </input_file>
      <input_file id="fl-150">
         <path>C:\ti\TivaWare_C_Series-2.1.0.12573\driverlib\ccs\Debug\</path>
         <kind>archive</kind>
         <file>driverlib.lib</file>
         <name>fpu.obj</name>
      </input_file>
      <input_file id="fl-151">
         <path>C:\ti\TivaWare_C_Series-2.1.0.12573\driverlib\ccs\Debug\</path>
         <kind>archive</kind>
         <file>driverlib.lib</file>
         <name>epi.obj</name>
      </input_file>
      <input_file id="fl-152">
         <path>C:\ti\TivaWare_C_Series-2.1.0.12573\driverlib\ccs\Debug\</path>
         <kind>archive</kind>
         <file>driverlib.lib</file>
         <name>cpu.obj</name>
      </input_file>
   </input_file_list>
   <object_component_list>
      <object_component id="oc-e">
         <name>.intvecs</name>
         <load_address>0x0</load_address>
         <run_address>0x0</run_address>
         <size>0x208</size>
         <input_file_ref idref="fl-3"/>
      </object_component>
      <object_component id="oc-2f">
         <name>.text</name>
         <load_address>0x6328c</load_address>
         <run_address>0x6328c</run_address>
         <size>0x587c</size>
         <input_file_ref idref="fl-2"/>
      </object_component>
      <object_component id="oc-ac">
         <name>.text</name>
         <load_address>0x68b08</load_address>
         <run_address>0x68b08</run_address>
         <size>0xfec</size>
         <input_file_ref idref="fl-6"/>
      </object_component>
      <object_component id="oc-a6">
         <name>.text</name>
         <load_address>0x69af4</load_address>
         <run_address>0x69af4</run_address>
         <size>0x49c</size>
         <input_file_ref idref="fl-4"/>
      </object_component>
      <object_component id="oc-35">
         <name>.text</name>
         <load_address>0x69f90</load_address>
         <run_address>0x69f90</run_address>
         <size>0x3d8</size>
         <input_file_ref idref="fl-5"/>
      </object_component>
      <object_component id="oc-17b">
         <name>.text:SysCtlClockFreqSet</name>
         <load_address>0x6a368</load_address>
         <run_address>0x6a368</run_address>
         <size>0x1fc</size>
         <input_file_ref idref="fl-14b"/>
      </object_component>
      <object_component id="oc-193">
         <name>.text</name>
         <load_address>0x6a564</load_address>
         <run_address>0x6a564</run_address>
         <size>0x144</size>
         <input_file_ref idref="fl-7"/>
      </object_component>
      <object_component id="oc-1f1">
         <name>.text</name>
         <load_address>0x6a6a8</load_address>
         <run_address>0x6a6a8</run_address>
         <size>0x136</size>
         <input_file_ref idref="fl-13d"/>
      </object_component>
      <object_component id="oc-2a3">
         <name>.text:GPIOPadConfigSet</name>
         <load_address>0x6a7de</load_address>
         <run_address>0x6a7de</run_address>
         <size>0x130</size>
         <input_file_ref idref="fl-14f"/>
      </object_component>
      <object_component id="oc-121">
         <name>.text</name>
         <load_address>0x6a90e</load_address>
         <run_address>0x6a90e</run_address>
         <size>0xfc</size>
         <input_file_ref idref="fl-13e"/>
      </object_component>
      <object_component id="oc-53">
         <name>.text</name>
         <load_address>0x6aa0a</load_address>
         <run_address>0x6aa0a</run_address>
         <size>0x9c</size>
         <input_file_ref idref="fl-141"/>
      </object_component>
      <object_component id="oc-3e">
         <name>.text</name>
         <load_address>0x6aaa8</load_address>
         <run_address>0x6aaa8</run_address>
         <size>0x94</size>
         <input_file_ref idref="fl-146"/>
      </object_component>
      <object_component id="oc-213">
         <name>.text:__aeabi_cdcmple</name>
         <load_address>0x6ab3c</load_address>
         <run_address>0x6ab3c</run_address>
         <size>0x86</size>
         <input_file_ref idref="fl-13c"/>
      </object_component>
      <object_component id="oc-103">
         <name>.text:IntDisable</name>
         <load_address>0x6abc4</load_address>
         <run_address>0x6abc4</run_address>
         <size>0x60</size>
         <input_file_ref idref="fl-14e"/>
      </object_component>
      <object_component id="oc-1bf">
         <name>.text:IntEnable</name>
         <load_address>0x6ac24</load_address>
         <run_address>0x6ac24</run_address>
         <size>0x60</size>
         <input_file_ref idref="fl-14e"/>
      </object_component>
      <object_component id="oc-66">
         <name>.text</name>
         <load_address>0x6ac84</load_address>
         <run_address>0x6ac84</run_address>
         <size>0x5e</size>
         <input_file_ref idref="fl-139"/>
      </object_component>
      <object_component id="oc-1ad">
         <name>.text:TimerConfigure</name>
         <load_address>0x6ace4</load_address>
         <run_address>0x6ace4</run_address>
         <size>0x5c</size>
         <input_file_ref idref="fl-149"/>
      </object_component>
      <object_component id="oc-f5">
         <name>.text:GPIOIntTypeSet</name>
         <load_address>0x6ad40</load_address>
         <run_address>0x6ad40</run_address>
         <size>0x56</size>
         <input_file_ref idref="fl-14f"/>
      </object_component>
      <object_component id="oc-155">
         <name>.text:GPIOPinConfigure</name>
         <load_address>0x6ad98</load_address>
         <run_address>0x6ad98</run_address>
         <size>0x48</size>
         <input_file_ref idref="fl-14f"/>
      </object_component>
      <object_component id="oc-348">
         <name>.text:_SysCtlFrequencyGet</name>
         <load_address>0x6ade0</load_address>
         <run_address>0x6ade0</run_address>
         <size>0x48</size>
         <input_file_ref idref="fl-14b"/>
      </object_component>
      <object_component id="oc-11">
         <name>.text</name>
         <load_address>0x6ae28</load_address>
         <run_address>0x6ae28</run_address>
         <size>0x48</size>
         <input_file_ref idref="fl-137"/>
      </object_component>
      <object_component id="oc-126">
         <name>.text</name>
         <load_address>0x6ae70</load_address>
         <run_address>0x6ae70</run_address>
         <size>0x48</size>
         <input_file_ref idref="fl-13f"/>
      </object_component>
      <object_component id="oc-26d">
         <name>.text</name>
         <load_address>0x6aeb8</load_address>
         <run_address>0x6aeb8</run_address>
         <size>0x44</size>
         <input_file_ref idref="fl-147"/>
      </object_component>
      <object_component id="oc-49">
         <name>.text</name>
         <load_address>0x6aefc</load_address>
         <run_address>0x6aefc</run_address>
         <size>0x44</size>
         <input_file_ref idref="fl-13b"/>
      </object_component>
      <object_component id="oc-1f6">
         <name>.text</name>
         <load_address>0x6af40</load_address>
         <run_address>0x6af40</run_address>
         <size>0x44</size>
         <input_file_ref idref="fl-140"/>
      </object_component>
      <object_component id="oc-251">
         <name>.text:SSIConfigSetExpClk</name>
         <load_address>0x6af84</load_address>
         <run_address>0x6af84</run_address>
         <size>0x42</size>
         <input_file_ref idref="fl-14c"/>
      </object_component>
      <object_component id="oc-2d3">
         <name>.text</name>
         <load_address>0x6afc6</load_address>
         <run_address>0x6afc6</run_address>
         <size>0x42</size>
         <input_file_ref idref="fl-143"/>
      </object_component>
      <object_component id="oc-162">
         <name>.text:UARTConfigSetExpClk</name>
         <load_address>0x6b008</load_address>
         <run_address>0x6b008</run_address>
         <size>0x40</size>
         <input_file_ref idref="fl-148"/>
      </object_component>
      <object_component id="oc-8d">
         <name>.text:SysCtlPeripheralEnable</name>
         <load_address>0x6b048</load_address>
         <run_address>0x6b048</run_address>
         <size>0x34</size>
         <input_file_ref idref="fl-14b"/>
      </object_component>
      <object_component id="oc-2bb">
         <name>.text:SysCtlPeripheralPresent</name>
         <load_address>0x6b07c</load_address>
         <run_address>0x6b07c</run_address>
         <size>0x34</size>
         <input_file_ref idref="fl-14b"/>
      </object_component>
      <object_component id="oc-29d">
         <name>.text:GPIODirModeSet</name>
         <load_address>0x6b0b0</load_address>
         <run_address>0x6b0b0</run_address>
         <size>0x2a</size>
         <input_file_ref idref="fl-14f"/>
      </object_component>
      <object_component id="oc-199">
         <name>.text:IntPrioritySet</name>
         <load_address>0x6b0dc</load_address>
         <run_address>0x6b0dc</run_address>
         <size>0x24</size>
         <input_file_ref idref="fl-14e"/>
      </object_component>
      <object_component id="oc-368">
         <name>.text:EPIConfigHB16Set</name>
         <load_address>0x6b100</load_address>
         <run_address>0x6b100</run_address>
         <size>0x22</size>
         <input_file_ref idref="fl-151"/>
      </object_component>
      <object_component id="oc-1d7">
         <name>.text:PWMGenConfigure</name>
         <load_address>0x6b122</load_address>
         <run_address>0x6b122</run_address>
         <size>0x22</size>
         <input_file_ref idref="fl-14d"/>
      </object_component>
      <object_component id="oc-1ec">
         <name>.text</name>
         <load_address>0x6b144</load_address>
         <run_address>0x6b144</run_address>
         <size>0x20</size>
         <input_file_ref idref="fl-144"/>
      </object_component>
      <object_component id="oc-201">
         <name>.text:PWMPulseWidthSet</name>
         <load_address>0x6b164</load_address>
         <run_address>0x6b164</run_address>
         <size>0x1e</size>
         <input_file_ref idref="fl-14d"/>
      </object_component>
      <object_component id="oc-ef">
         <name>.text:SysCtlGPIOAHBEnable</name>
         <load_address>0x6b184</load_address>
         <run_address>0x6b184</run_address>
         <size>0x1c</size>
         <input_file_ref idref="fl-14b"/>
      </object_component>
      <object_component id="oc-338">
         <name>.text:UARTDisable</name>
         <load_address>0x6b1a0</load_address>
         <run_address>0x6b1a0</run_address>
         <size>0x1c</size>
         <input_file_ref idref="fl-148"/>
      </object_component>
      <object_component id="oc-342">
         <name>.text:_SysCtlMemTimingGet</name>
         <load_address>0x6b1bc</load_address>
         <run_address>0x6b1bc</run_address>
         <size>0x1c</size>
         <input_file_ref idref="fl-14b"/>
      </object_component>
      <object_component id="oc-93">
         <name>.text:GPIOPinTypeGPIOOutput</name>
         <load_address>0x6b1d8</load_address>
         <run_address>0x6b1d8</run_address>
         <size>0x18</size>
         <input_file_ref idref="fl-14f"/>
      </object_component>
      <object_component id="oc-43">
         <name>.text</name>
         <load_address>0x6b1f0</load_address>
         <run_address>0x6b1f0</run_address>
         <size>0x18</size>
         <input_file_ref idref="fl-145"/>
      </object_component>
      <object_component id="oc-18d">
         <name>.text:SysTickEnable</name>
         <load_address>0x6b208</load_address>
         <run_address>0x6b208</run_address>
         <size>0x14</size>
         <input_file_ref idref="fl-14a"/>
      </object_component>
      <object_component id="oc-187">
         <name>.text:SysTickIntEnable</name>
         <load_address>0x6b21c</load_address>
         <run_address>0x6b21c</run_address>
         <size>0x14</size>
         <input_file_ref idref="fl-14a"/>
      </object_component>
      <object_component id="oc-14a">
         <name>.text:TimerDisable</name>
         <load_address>0x6b230</load_address>
         <run_address>0x6b230</run_address>
         <size>0x14</size>
         <input_file_ref idref="fl-149"/>
      </object_component>
      <object_component id="oc-168">
         <name>.text:UARTEnable</name>
         <load_address>0x6b244</load_address>
         <run_address>0x6b244</run_address>
         <size>0x14</size>
         <input_file_ref idref="fl-148"/>
      </object_component>
      <object_component id="oc-7a">
         <name>.text</name>
         <load_address>0x6b258</load_address>
         <run_address>0x6b258</run_address>
         <size>0x14</size>
         <input_file_ref idref="fl-136"/>
      </object_component>
      <object_component id="oc-35c">
         <name>.text:GPIOPinTypeEPI</name>
         <load_address>0x6b26c</load_address>
         <run_address>0x6b26c</run_address>
         <size>0x12</size>
         <input_file_ref idref="fl-14f"/>
      </object_component>
      <object_component id="oc-80">
         <name>.text:GPIOPinTypeGPIOInput</name>
         <load_address>0x6b27e</load_address>
         <run_address>0x6b27e</run_address>
         <size>0x12</size>
         <input_file_ref idref="fl-14f"/>
      </object_component>
      <object_component id="oc-1d1">
         <name>.text:GPIOPinTypePWM</name>
         <load_address>0x6b290</load_address>
         <run_address>0x6b290</run_address>
         <size>0x12</size>
         <input_file_ref idref="fl-14f"/>
      </object_component>
      <object_component id="oc-24b">
         <name>.text:GPIOPinTypeSSI</name>
         <load_address>0x6b2a2</load_address>
         <run_address>0x6b2a2</run_address>
         <size>0x12</size>
         <input_file_ref idref="fl-14f"/>
      </object_component>
      <object_component id="oc-15b">
         <name>.text:GPIOPinTypeUART</name>
         <load_address>0x6b2b4</load_address>
         <run_address>0x6b2b4</run_address>
         <size>0x12</size>
         <input_file_ref idref="fl-14f"/>
      </object_component>
      <object_component id="oc-207">
         <name>.text:PWMOutputState</name>
         <load_address>0x6b2c6</load_address>
         <run_address>0x6b2c6</run_address>
         <size>0x12</size>
         <input_file_ref idref="fl-14d"/>
      </object_component>
      <object_component id="oc-25d">
         <name>.text:SSIDataGetNonBlocking</name>
         <load_address>0x6b2d8</load_address>
         <run_address>0x6b2d8</run_address>
         <size>0x12</size>
         <input_file_ref idref="fl-14c"/>
      </object_component>
      <object_component id="oc-1b3">
         <name>.text:TimerLoadSet</name>
         <load_address>0x6b2ea</load_address>
         <run_address>0x6b2ea</run_address>
         <size>0x12</size>
         <input_file_ref idref="fl-149"/>
      </object_component>
      <object_component id="oc-1c">
         <name>.text:decompress:ZI</name>
         <load_address>0x6b2fc</load_address>
         <run_address>0x6b2fc</run_address>
         <size>0x12</size>
         <input_file_ref idref="fl-13a"/>
      </object_component>
      <object_component id="oc-16f">
         <name>.text:FPUEnable</name>
         <load_address>0x6b310</load_address>
         <run_address>0x6b310</run_address>
         <size>0x10</size>
         <input_file_ref idref="fl-150"/>
      </object_component>
      <object_component id="oc-175">
         <name>.text:FPULazyStackingEnable</name>
         <load_address>0x6b320</load_address>
         <run_address>0x6b320</run_address>
         <size>0x10</size>
         <input_file_ref idref="fl-150"/>
      </object_component>
      <object_component id="oc-1fb">
         <name>.text:PWMGenPeriodSet</name>
         <load_address>0x6b330</load_address>
         <run_address>0x6b330</run_address>
         <size>0x10</size>
         <input_file_ref idref="fl-14d"/>
      </object_component>
      <object_component id="oc-181">
         <name>.text:SysTickPeriodSet</name>
         <load_address>0x6b340</load_address>
         <run_address>0x6b340</run_address>
         <size>0x10</size>
         <input_file_ref idref="fl-14a"/>
      </object_component>
      <object_component id="oc-10f">
         <name>.text:GPIOIntStatus</name>
         <load_address>0x6b350</load_address>
         <run_address>0x6b350</run_address>
         <size>0xe</size>
         <input_file_ref idref="fl-14f"/>
      </object_component>
      <object_component id="oc-13e">
         <name>.text:TimerEnable</name>
         <load_address>0x6b35e</load_address>
         <run_address>0x6b35e</run_address>
         <size>0xe</size>
         <input_file_ref idref="fl-149"/>
      </object_component>
      <object_component id="oc-144">
         <name>.text:UARTCharGetNonBlocking</name>
         <load_address>0x6b36c</load_address>
         <run_address>0x6b36c</run_address>
         <size>0xe</size>
         <input_file_ref idref="fl-148"/>
      </object_component>
      <object_component id="oc-138">
         <name>.text:UARTCharPutNonBlocking</name>
         <load_address>0x6b37a</load_address>
         <run_address>0x6b37a</run_address>
         <size>0xe</size>
         <input_file_ref idref="fl-148"/>
      </object_component>
      <object_component id="oc-16">
         <name>.text:decompress:none</name>
         <load_address>0x6b388</load_address>
         <run_address>0x6b388</run_address>
         <size>0xe</size>
         <input_file_ref idref="fl-138"/>
      </object_component>
      <object_component id="oc-311">
         <name>.text:CPUcpsid</name>
         <load_address>0x6b396</load_address>
         <run_address>0x6b396</run_address>
         <size>0xc</size>
         <input_file_ref idref="fl-152"/>
      </object_component>
      <object_component id="oc-31f">
         <name>.text:CPUcpsie</name>
         <load_address>0x6b3a2</load_address>
         <run_address>0x6b3a2</run_address>
         <size>0xc</size>
         <input_file_ref idref="fl-152"/>
      </object_component>
      <object_component id="oc-fb">
         <name>.text:GPIOIntEnable</name>
         <load_address>0x6b3ae</load_address>
         <run_address>0x6b3ae</run_address>
         <size>0xc</size>
         <input_file_ref idref="fl-14f"/>
      </object_component>
      <object_component id="oc-219">
         <name>.text:PWMGenDisable</name>
         <load_address>0x6b3ba</load_address>
         <run_address>0x6b3ba</run_address>
         <size>0xc</size>
         <input_file_ref idref="fl-14d"/>
      </object_component>
      <object_component id="oc-20d">
         <name>.text:PWMGenEnable</name>
         <load_address>0x6b3c6</load_address>
         <run_address>0x6b3c6</run_address>
         <size>0xc</size>
         <input_file_ref idref="fl-14d"/>
      </object_component>
      <object_component id="oc-1a7">
         <name>.text:SSIDataGet</name>
         <load_address>0x6b3d2</load_address>
         <run_address>0x6b3d2</run_address>
         <size>0xc</size>
         <input_file_ref idref="fl-14c"/>
      </object_component>
      <object_component id="oc-29">
         <name>.text</name>
         <load_address>0x6b3de</load_address>
         <run_address>0x6b3de</run_address>
         <size>0xc</size>
         <input_file_ref idref="fl-3"/>
      </object_component>
      <object_component id="oc-109">
         <name>.text:IntMasterDisable</name>
         <load_address>0x6b3ea</load_address>
         <run_address>0x6b3ea</run_address>
         <size>0xa</size>
         <input_file_ref idref="fl-14e"/>
      </object_component>
      <object_component id="oc-11b">
         <name>.text:IntMasterEnable</name>
         <load_address>0x6b3f4</load_address>
         <run_address>0x6b3f4</run_address>
         <size>0xa</size>
         <input_file_ref idref="fl-14e"/>
      </object_component>
      <object_component id="oc-19f">
         <name>.text:SSIDataPut</name>
         <load_address>0x6b3fe</load_address>
         <run_address>0x6b3fe</run_address>
         <size>0xa</size>
         <input_file_ref idref="fl-14c"/>
      </object_component>
      <object_component id="oc-257">
         <name>.text:SSIEnable</name>
         <load_address>0x6b408</load_address>
         <run_address>0x6b408</run_address>
         <size>0xa</size>
         <input_file_ref idref="fl-14c"/>
      </object_component>
      <object_component id="oc-1c5">
         <name>.text:TimerIntStatus</name>
         <load_address>0x6b412</load_address>
         <run_address>0x6b412</run_address>
         <size>0xa</size>
         <input_file_ref idref="fl-149"/>
      </object_component>
      <object_component id="oc-2c7">
         <name>.text:UARTCharGet</name>
         <load_address>0x6b41c</load_address>
         <run_address>0x6b41c</run_address>
         <size>0xa</size>
         <input_file_ref idref="fl-148"/>
      </object_component>
      <object_component id="oc-2c1">
         <name>.text:UARTCharPut</name>
         <load_address>0x6b426</load_address>
         <run_address>0x6b426</run_address>
         <size>0xa</size>
         <input_file_ref idref="fl-148"/>
      </object_component>
      <object_component id="oc-1b9">
         <name>.text:TimerIntEnable</name>
         <load_address>0x6b430</load_address>
         <run_address>0x6b430</run_address>
         <size>0x8</size>
         <input_file_ref idref="fl-149"/>
      </object_component>
      <object_component id="oc-132">
         <name>.text:UARTBusy</name>
         <load_address>0x6b438</load_address>
         <run_address>0x6b438</run_address>
         <size>0x8</size>
         <input_file_ref idref="fl-148"/>
      </object_component>
      <object_component id="oc-115">
         <name>.text:GPIOIntClear</name>
         <load_address>0x6b440</load_address>
         <run_address>0x6b440</run_address>
         <size>0x6</size>
         <input_file_ref idref="fl-14f"/>
      </object_component>
      <object_component id="oc-86">
         <name>.text:GPIOPinRead</name>
         <load_address>0x6b446</load_address>
         <run_address>0x6b446</run_address>
         <size>0x6</size>
         <input_file_ref idref="fl-14f"/>
      </object_component>
      <object_component id="oc-74">
         <name>.text:GPIOPinWrite</name>
         <load_address>0x6b44c</load_address>
         <run_address>0x6b44c</run_address>
         <size>0x6</size>
         <input_file_ref idref="fl-14f"/>
      </object_component>
      <object_component id="oc-8c">
         <name>.text:SysCtlDelay</name>
         <load_address>0x6b452</load_address>
         <run_address>0x6b452</run_address>
         <size>0x6</size>
         <input_file_ref idref="fl-14b"/>
      </object_component>
      <object_component id="oc-22">
         <name>.text:decompress:rle24</name>
         <load_address>0x6b458</load_address>
         <run_address>0x6b458</run_address>
         <size>0x6</size>
         <input_file_ref idref="fl-139"/>
      </object_component>
      <object_component id="oc-36e">
         <name>.text:EPIAddressMapSet</name>
         <load_address>0x6b45e</load_address>
         <run_address>0x6b45e</run_address>
         <size>0x4</size>
         <input_file_ref idref="fl-151"/>
      </object_component>
      <object_component id="oc-362">
         <name>.text:EPIModeSet</name>
         <load_address>0x6b462</load_address>
         <run_address>0x6b462</run_address>
         <size>0x4</size>
         <input_file_ref idref="fl-151"/>
      </object_component>
      <object_component id="oc-1cb">
         <name>.text:TimerIntClear</name>
         <load_address>0x6b466</load_address>
         <run_address>0x6b466</run_address>
         <size>0x4</size>
         <input_file_ref idref="fl-149"/>
      </object_component>
      <object_component id="oc-1dd">
         <name>.const:.string:gImage_Start</name>
         <load_address>0x208</load_address>
         <run_address>0x208</run_address>
         <size>0x30668</size>
         <input_file_ref idref="fl-2"/>
      </object_component>
      <object_component id="oc-226">
         <name>.const:.string:gImage_musicList</name>
         <load_address>0x30870</load_address>
         <run_address>0x30870</run_address>
         <size>0x30668</size>
         <input_file_ref idref="fl-2"/>
      </object_component>
      <object_component id="oc-de">
         <name>.const:.string:gImage_shizi</name>
         <load_address>0x60ed8</load_address>
         <run_address>0x60ed8</run_address>
         <size>0x68c</size>
         <input_file_ref idref="fl-2"/>
      </object_component>
      <object_component id="oc-2e2">
         <name>.const:asc2_1608</name>
         <load_address>0x61564</load_address>
         <run_address>0x61564</run_address>
         <size>0x600</size>
         <input_file_ref idref="fl-6"/>
      </object_component>
      <object_component id="oc-d8">
         <name>.const:.string:gImage_bing</name>
         <load_address>0x61b64</load_address>
         <run_address>0x61b64</run_address>
         <size>0x1c2</size>
         <input_file_ref idref="fl-2"/>
      </object_component>
      <object_component id="oc-c0">
         <name>.const:.string:gImage_che</name>
         <load_address>0x61d26</load_address>
         <run_address>0x61d26</run_address>
         <size>0x1c2</size>
         <input_file_ref idref="fl-2"/>
      </object_component>
      <object_component id="oc-cf">
         <name>.const:.string:gImage_heishi</name>
         <load_address>0x61ee8</load_address>
         <run_address>0x61ee8</run_address>
         <size>0x1c2</size>
         <input_file_ref idref="fl-2"/>
      </object_component>
      <object_component id="oc-c9">
         <name>.const:.string:gImage_heixiang</name>
         <load_address>0x620aa</load_address>
         <run_address>0x620aa</run_address>
         <size>0x1c2</size>
         <input_file_ref idref="fl-2"/>
      </object_component>
      <object_component id="oc-d2">
         <name>.const:.string:gImage_hongshi</name>
         <load_address>0x6226c</load_address>
         <run_address>0x6226c</run_address>
         <size>0x1c2</size>
         <input_file_ref idref="fl-2"/>
      </object_component>
      <object_component id="oc-cc">
         <name>.const:.string:gImage_hongxiang</name>
         <load_address>0x6242e</load_address>
         <run_address>0x6242e</run_address>
         <size>0x1c2</size>
         <input_file_ref idref="fl-2"/>
      </object_component>
      <object_component id="oc-bb">
         <name>.const:.string:gImage_jiang</name>
         <load_address>0x625f0</load_address>
         <run_address>0x625f0</run_address>
         <size>0x1c2</size>
         <input_file_ref idref="fl-2"/>
      </object_component>
      <object_component id="oc-c3">
         <name>.const:.string:gImage_ma</name>
         <load_address>0x627b2</load_address>
         <run_address>0x627b2</run_address>
         <size>0x1c2</size>
         <input_file_ref idref="fl-2"/>
      </object_component>
      <object_component id="oc-c6">
         <name>.const:.string:gImage_pao</name>
         <load_address>0x62974</load_address>
         <run_address>0x62974</run_address>
         <size>0x1c2</size>
         <input_file_ref idref="fl-2"/>
      </object_component>
      <object_component id="oc-db">
         <name>.const:.string:gImage_shuai</name>
         <load_address>0x62b36</load_address>
         <run_address>0x62b36</run_address>
         <size>0x1c2</size>
         <input_file_ref idref="fl-2"/>
      </object_component>
      <object_component id="oc-d5">
         <name>.const:.string:gImage_zu</name>
         <load_address>0x62cf8</load_address>
         <run_address>0x62cf8</run_address>
         <size>0x1c2</size>
         <input_file_ref idref="fl-2"/>
      </object_component>
      <object_component id="oc-351">
         <name>.const:g_pppui32XTALtoVCO</name>
         <load_address>0x62ebc</load_address>
         <run_address>0x62ebc</run_address>
         <size>0x120</size>
         <input_file_ref idref="fl-14b"/>
      </object_component>
      <object_component id="oc-375">
         <name>.const:g_pui32Regs</name>
         <load_address>0x62fdc</load_address>
         <run_address>0x62fdc</run_address>
         <size>0x9c</size>
         <input_file_ref idref="fl-14e"/>
      </object_component>
      <object_component id="oc-333">
         <name>.const:g_pui32GPIOBaseAddrs</name>
         <load_address>0x63078</load_address>
         <run_address>0x63078</run_address>
         <size>0x90</size>
         <input_file_ref idref="fl-14f"/>
      </object_component>
      <object_component id="oc-30c">
         <name>.const</name>
         <load_address>0x63108</load_address>
         <run_address>0x63108</run_address>
         <size>0x70</size>
         <input_file_ref idref="fl-14e"/>
      </object_component>
      <object_component id="oc-34e">
         <name>.const:g_pui32Xtals</name>
         <load_address>0x63178</load_address>
         <run_address>0x63178</run_address>
         <size>0x6c</size>
         <input_file_ref idref="fl-14b"/>
      </object_component>
      <object_component id="oc-3e0">
         <name>.const:g_sXTALtoMEMTIM</name>
         <load_address>0x631e4</load_address>
         <run_address>0x631e4</run_address>
         <size>0x30</size>
         <input_file_ref idref="fl-14b"/>
      </object_component>
      <object_component id="oc-a2">
         <name>.const:tubeCodeTable</name>
         <load_address>0x63214</load_address>
         <run_address>0x63214</run_address>
         <size>0x28</size>
         <input_file_ref idref="fl-2"/>
      </object_component>
      <object_component id="oc-2cd">
         <name>.const</name>
         <load_address>0x6323c</load_address>
         <run_address>0x6323c</run_address>
         <size>0x1c</size>
         <input_file_ref idref="fl-4"/>
      </object_component>
      <object_component id="oc-9c">
         <name>.const:.string</name>
         <load_address>0x63258</load_address>
         <run_address>0x63258</run_address>
         <size>0x16</size>
         <input_file_ref idref="fl-2"/>
      </object_component>
      <object_component id="oc-3bb">
         <name>.const:.string</name>
         <load_address>0x63270</load_address>
         <run_address>0x63270</run_address>
         <size>0x12</size>
         <input_file_ref idref="fl-4"/>
      </object_component>
      <object_component id="oc-354">
         <name>.const</name>
         <load_address>0x63284</load_address>
         <run_address>0x63284</run_address>
         <size>0x8</size>
         <input_file_ref idref="fl-14b"/>
      </object_component>
      <object_component id="oc-421">
         <name>.cinit..data.load</name>
         <load_address>0x6b470</load_address>
         <run_address>0x6b470</run_address>
         <size>0x12c3</size>
      </object_component>
      <object_component id="oc-41f">
         <name>__TI_handler_table</name>
         <load_address>0x6c734</load_address>
         <run_address>0x6c734</run_address>
         <size>0xc</size>
      </object_component>
      <object_component id="oc-422">
         <name>.cinit..bss.load</name>
         <load_address>0x6c740</load_address>
         <run_address>0x6c740</run_address>
         <size>0x8</size>
      </object_component>
      <object_component id="oc-420">
         <name>__TI_cinit_table</name>
         <load_address>0x6c748</load_address>
         <run_address>0x6c748</run_address>
         <size>0x10</size>
      </object_component>
      <object_component id="oc-4f">
         <name>.data</name>
         <load_address>0x20002ebc</load_address>
         <run_address>0x20002ebc</run_address>
         <size>0x4</size>
         <input_file_ref idref="fl-142"/>
      </object_component>
      <object_component id="oc-99">
         <name>.data</name>
         <load_address>0x20002a80</load_address>
         <run_address>0x20002a80</run_address>
         <size>0x43c</size>
         <input_file_ref idref="fl-2"/>
      </object_component>
      <object_component id="oc-b2">
         <name>.data:qz</name>
         <load_address>0x20003040</load_address>
         <run_address>0x20003040</run_address>
         <size>0x80</size>
         <input_file_ref idref="fl-2"/>
      </object_component>
      <object_component id="oc-b5">
         <name>.data:offsetx</name>
         <load_address>0x20003144</load_address>
         <run_address>0x20003144</run_address>
         <size>0x24</size>
         <input_file_ref idref="fl-2"/>
      </object_component>
      <object_component id="oc-b8">
         <name>.data:offsety</name>
         <load_address>0x200030c0</load_address>
         <run_address>0x200030c0</run_address>
         <size>0x44</size>
         <input_file_ref idref="fl-2"/>
      </object_component>
      <object_component id="oc-12f">
         <name>.data:Londonbridge</name>
         <load_address>0x20002ec0</load_address>
         <run_address>0x20002ec0</run_address>
         <size>0x180</size>
         <input_file_ref idref="fl-2"/>
      </object_component>
      <object_component id="oc-150">
         <name>.data:FIFO</name>
         <load_address>0x20003104</load_address>
         <run_address>0x20003104</run_address>
         <size>0x40</size>
         <input_file_ref idref="fl-2"/>
      </object_component>
      <object_component id="oc-21f">
         <name>.data:tunearray</name>
         <load_address>0x20002300</load_address>
         <run_address>0x20002300</run_address>
         <size>0x780</size>
         <input_file_ref idref="fl-2"/>
      </object_component>
      <object_component id="oc-222">
         <name>.data:durationarray</name>
         <load_address>0x20000000</load_address>
         <run_address>0x20000000</run_address>
         <size>0x2300</size>
         <input_file_ref idref="fl-2"/>
      </object_component>
      <object_component id="oc-276">
         <name>.data</name>
         <load_address>0x20003170</load_address>
         <run_address>0x20003170</run_address>
         <size>0x8</size>
         <input_file_ref idref="fl-136"/>
      </object_component>
      <object_component id="oc-279">
         <name>.data</name>
         <load_address>0x20003178</load_address>
         <run_address>0x20003178</run_address>
         <size>0x8</size>
         <input_file_ref idref="fl-13b"/>
      </object_component>
      <object_component id="oc-2d0">
         <name>.data</name>
         <load_address>0x20003180</load_address>
         <run_address>0x20003180</run_address>
         <size>0x5</size>
         <input_file_ref idref="fl-4"/>
      </object_component>
      <object_component id="oc-2df">
         <name>.data</name>
         <load_address>0x20003168</load_address>
         <run_address>0x20003168</run_address>
         <size>0x8</size>
         <input_file_ref idref="fl-6"/>
      </object_component>
      <object_component id="oc-e9">
         <name>.bss:qn</name>
         <uninitialized>true</uninitialized>
         <run_address>0x20003ae8</run_address>
         <size>0x960</size>
         <input_file_ref idref="fl-2"/>
      </object_component>
      <object_component id="oc-ec">
         <name>.bss:Undoqn</name>
         <uninitialized>true</uninitialized>
         <run_address>0x20003188</run_address>
         <size>0x960</size>
         <input_file_ref idref="fl-2"/>
      </object_component>
      <object_component id="oc-1a5">
         <name>.common:g_ulTickCount</name>
         <uninitialized>true</uninitialized>
         <run_address>0x20004484</run_address>
         <size>0x4</size>
      </object_component>
      <object_component id="oc-a5">
         <name>.common:num</name>
         <uninitialized>true</uninitialized>
         <run_address>0x20004498</run_address>
         <size>0x4</size>
      </object_component>
      <object_component id="oc-e6">
         <name>.common:lastcolor</name>
         <uninitialized>true</uninitialized>
         <run_address>0x20004494</run_address>
         <size>0x4</size>
      </object_component>
      <object_component id="oc-e5">
         <name>.common:ii</name>
         <uninitialized>true</uninitialized>
         <run_address>0x20004488</run_address>
         <size>0x4</size>
      </object_component>
      <object_component id="oc-e8">
         <name>.common:redlastcolor</name>
         <uninitialized>true</uninitialized>
         <run_address>0x200044a0</run_address>
         <size>0x4</size>
      </object_component>
      <object_component id="oc-e7">
         <name>.common:jj</name>
         <uninitialized>true</uninitialized>
         <run_address>0x2000448c</run_address>
         <size>0x4</size>
      </object_component>
      <object_component id="oc-235">
         <name>.common:key</name>
         <uninitialized>true</uninitialized>
         <run_address>0x20004490</run_address>
         <size>0x4</size>
      </object_component>
      <object_component id="oc-239">
         <name>.common:a</name>
         <uninitialized>true</uninitialized>
         <run_address>0x2000447c</run_address>
         <size>0x4</size>
      </object_component>
      <object_component id="oc-12e">
         <name>.common:IrData</name>
         <uninitialized>true</uninitialized>
         <run_address>0x20004478</run_address>
         <size>0x4</size>
      </object_component>
      <object_component id="oc-225">
         <name>.common:pageNum</name>
         <uninitialized>true</uninitialized>
         <run_address>0x2000449c</run_address>
         <size>0x4</size>
      </object_component>
      <object_component id="oc-218">
         <name>.common:g_ui32SysClock</name>
         <uninitialized>true</uninitialized>
         <run_address>0x20004480</run_address>
         <size>0x4</size>
      </object_component>
      <object_component id="oc-23a">
         <name>.common:ui32Loop</name>
         <uninitialized>true</uninitialized>
         <run_address>0x200044a4</run_address>
         <size>0x4</size>
      </object_component>
      <object_component id="oc-237">
         <name>.common:TouchXData</name>
         <uninitialized>true</uninitialized>
         <run_address>0x20004448</run_address>
         <size>0x18</size>
      </object_component>
      <object_component id="oc-238">
         <name>.common:TouchYData</name>
         <uninitialized>true</uninitialized>
         <run_address>0x20004460</run_address>
         <size>0x18</size>
      </object_component>
      <object_component id="oc-28">
         <name>.stack</name>
         <uninitialized>true</uninitialized>
         <run_address>0x200044a8</run_address>
         <size>0x0</size>
         <input_file_ref idref="fl-137"/>
      </object_component>
      <object_component id="oc-423">
         <name>.stack</name>
         <uninitialized>true</uninitialized>
         <run_address>0x200044a8</run_address>
         <size>0x0</size>
      </object_component>
      <object_component id="oc-f">
         <name>.debug_info</name>
         <load_address>0x0</load_address>
         <run_address>0x0</run_address>
         <size>0xdb</size>
         <input_file_ref idref="fl-3"/>
      </object_component>
      <object_component id="oc-13">
         <name>.debug_info</name>
         <load_address>0xdb</load_address>
         <run_address>0xdb</run_address>
         <size>0xf3</size>
         <input_file_ref idref="fl-137"/>
      </object_component>
      <object_component id="oc-19">
         <name>.debug_info</name>
         <load_address>0x1ce</load_address>
         <run_address>0x1ce</run_address>
         <size>0x194</size>
         <input_file_ref idref="fl-138"/>
      </object_component>
      <object_component id="oc-1e">
         <name>.debug_info</name>
         <load_address>0x362</load_address>
         <run_address>0x362</run_address>
         <size>0x16a</size>
         <input_file_ref idref="fl-13a"/>
      </object_component>
      <object_component id="oc-25">
         <name>.debug_info</name>
         <load_address>0x4cc</load_address>
         <run_address>0x4cc</run_address>
         <size>0x18e</size>
         <input_file_ref idref="fl-139"/>
      </object_component>
      <object_component id="oc-2d">
         <name>.debug_info</name>
         <load_address>0x65a</load_address>
         <run_address>0x65a</run_address>
         <size>0x25a</size>
         <input_file_ref idref="fl-3"/>
      </object_component>
      <object_component id="oc-30">
         <name>.debug_info</name>
         <load_address>0x8b4</load_address>
         <run_address>0x8b4</run_address>
         <size>0x7e55</size>
         <input_file_ref idref="fl-2"/>
      </object_component>
      <object_component id="oc-39">
         <name>.debug_info</name>
         <load_address>0x8709</load_address>
         <run_address>0x8709</run_address>
         <size>0xaf5</size>
         <input_file_ref idref="fl-5"/>
      </object_component>
      <object_component id="oc-3d">
         <name>.debug_info</name>
         <load_address>0x91fe</load_address>
         <run_address>0x91fe</run_address>
         <size>0x19e</size>
         <input_file_ref idref="fl-3"/>
      </object_component>
      <object_component id="oc-3f">
         <name>.debug_info</name>
         <load_address>0x939c</load_address>
         <run_address>0x939c</run_address>
         <size>0x13d</size>
         <input_file_ref idref="fl-146"/>
      </object_component>
      <object_component id="oc-44">
         <name>.debug_info</name>
         <load_address>0x94d9</load_address>
         <run_address>0x94d9</run_address>
         <size>0x11c</size>
         <input_file_ref idref="fl-145"/>
      </object_component>
      <object_component id="oc-4b">
         <name>.debug_info</name>
         <load_address>0x95f5</load_address>
         <run_address>0x95f5</run_address>
         <size>0x1c2</size>
         <input_file_ref idref="fl-13b"/>
      </object_component>
      <object_component id="oc-50">
         <name>.debug_info</name>
         <load_address>0x97b7</load_address>
         <run_address>0x97b7</run_address>
         <size>0xbe</size>
         <input_file_ref idref="fl-142"/>
      </object_component>
      <object_component id="oc-55">
         <name>.debug_info</name>
         <load_address>0x9875</load_address>
         <run_address>0x9875</run_address>
         <size>0xcc</size>
         <input_file_ref idref="fl-141"/>
      </object_component>
      <object_component id="oc-59">
         <name>.debug_info</name>
         <load_address>0x9941</load_address>
         <run_address>0x9941</run_address>
         <size>0x46</size>
         <input_file_ref idref="fl-138"/>
      </object_component>
      <object_component id="oc-5e">
         <name>.debug_info</name>
         <load_address>0x9987</load_address>
         <run_address>0x9987</run_address>
         <size>0xf2</size>
         <input_file_ref idref="fl-138"/>
      </object_component>
      <object_component id="oc-60">
         <name>.debug_info</name>
         <load_address>0x9a79</load_address>
         <run_address>0x9a79</run_address>
         <size>0x46</size>
         <input_file_ref idref="fl-13a"/>
      </object_component>
      <object_component id="oc-65">
         <name>.debug_info</name>
         <load_address>0x9abf</load_address>
         <run_address>0x9abf</run_address>
         <size>0xad</size>
         <input_file_ref idref="fl-13a"/>
      </object_component>
      <object_component id="oc-69">
         <name>.debug_info</name>
         <load_address>0x9b6c</load_address>
         <run_address>0x9b6c</run_address>
         <size>0x1ef</size>
         <input_file_ref idref="fl-139"/>
      </object_component>
      <object_component id="oc-6d">
         <name>.debug_info</name>
         <load_address>0x9d5b</load_address>
         <run_address>0x9d5b</run_address>
         <size>0xb7</size>
         <input_file_ref idref="fl-139"/>
      </object_component>
      <object_component id="oc-6e">
         <name>.debug_info</name>
         <load_address>0x9e12</load_address>
         <run_address>0x9e12</run_address>
         <size>0x39</size>
         <input_file_ref idref="fl-139"/>
      </object_component>
      <object_component id="oc-75">
         <name>.debug_info</name>
         <load_address>0x9e4b</load_address>
         <run_address>0x9e4b</run_address>
         <size>0x207</size>
         <input_file_ref idref="fl-14f"/>
      </object_component>
      <object_component id="oc-7d">
         <name>.debug_info</name>
         <load_address>0xa052</load_address>
         <run_address>0xa052</run_address>
         <size>0x1d4</size>
         <input_file_ref idref="fl-136"/>
      </object_component>
      <object_component id="oc-81">
         <name>.debug_info</name>
         <load_address>0xa226</load_address>
         <run_address>0xa226</run_address>
         <size>0x1e9</size>
         <input_file_ref idref="fl-14f"/>
      </object_component>
      <object_component id="oc-87">
         <name>.debug_info</name>
         <load_address>0xa40f</load_address>
         <run_address>0xa40f</run_address>
         <size>0x1df</size>
         <input_file_ref idref="fl-14f"/>
      </object_component>
      <object_component id="oc-8f">
         <name>.debug_info</name>
         <load_address>0xa5ee</load_address>
         <run_address>0xa5ee</run_address>
         <size>0x1e1</size>
         <input_file_ref idref="fl-14b"/>
      </object_component>
      <object_component id="oc-94">
         <name>.debug_info</name>
         <load_address>0xa7cf</load_address>
         <run_address>0xa7cf</run_address>
         <size>0x1eb</size>
         <input_file_ref idref="fl-14f"/>
      </object_component>
      <object_component id="oc-9a">
         <name>.debug_info</name>
         <load_address>0xa9ba</load_address>
         <run_address>0xa9ba</run_address>
         <size>0xae1</size>
         <input_file_ref idref="fl-2"/>
      </object_component>
      <object_component id="oc-9d">
         <name>.debug_info</name>
         <load_address>0xb49b</load_address>
         <run_address>0xb49b</run_address>
         <size>0x1f9</size>
         <input_file_ref idref="fl-2"/>
      </object_component>
      <object_component id="oc-a0">
         <name>.debug_info</name>
         <load_address>0xb694</load_address>
         <run_address>0xb694</run_address>
         <size>0x1335</size>
         <input_file_ref idref="fl-2"/>
      </object_component>
      <object_component id="oc-a3">
         <name>.debug_info</name>
         <load_address>0xc9c9</load_address>
         <run_address>0xc9c9</run_address>
         <size>0xc9</size>
         <input_file_ref idref="fl-2"/>
      </object_component>
      <object_component id="oc-a8">
         <name>.debug_info</name>
         <load_address>0xca92</load_address>
         <run_address>0xca92</run_address>
         <size>0x76f</size>
         <input_file_ref idref="fl-4"/>
      </object_component>
      <object_component id="oc-b0">
         <name>.debug_info</name>
         <load_address>0xd201</load_address>
         <run_address>0xd201</run_address>
         <size>0x1c9b</size>
         <input_file_ref idref="fl-6"/>
      </object_component>
      <object_component id="oc-b3">
         <name>.debug_info</name>
         <load_address>0xee9c</load_address>
         <run_address>0xee9c</run_address>
         <size>0xb3</size>
         <input_file_ref idref="fl-2"/>
      </object_component>
      <object_component id="oc-b6">
         <name>.debug_info</name>
         <load_address>0xef4f</load_address>
         <run_address>0xef4f</run_address>
         <size>0xbd</size>
         <input_file_ref idref="fl-2"/>
      </object_component>
      <object_component id="oc-b9">
         <name>.debug_info</name>
         <load_address>0xf00c</load_address>
         <run_address>0xf00c</run_address>
         <size>0xbd</size>
         <input_file_ref idref="fl-2"/>
      </object_component>
      <object_component id="oc-bc">
         <name>.debug_info</name>
         <load_address>0xf0c9</load_address>
         <run_address>0xf0c9</run_address>
         <size>0xc8</size>
         <input_file_ref idref="fl-2"/>
      </object_component>
      <object_component id="oc-c1">
         <name>.debug_info</name>
         <load_address>0xf191</load_address>
         <run_address>0xf191</run_address>
         <size>0xc4</size>
         <input_file_ref idref="fl-2"/>
      </object_component>
      <object_component id="oc-c4">
         <name>.debug_info</name>
         <load_address>0xf255</load_address>
         <run_address>0xf255</run_address>
         <size>0xc2</size>
         <input_file_ref idref="fl-2"/>
      </object_component>
      <object_component id="oc-c7">
         <name>.debug_info</name>
         <load_address>0xf317</load_address>
         <run_address>0xf317</run_address>
         <size>0xc4</size>
         <input_file_ref idref="fl-2"/>
      </object_component>
      <object_component id="oc-ca">
         <name>.debug_info</name>
         <load_address>0xf3db</load_address>
         <run_address>0xf3db</run_address>
         <size>0xce</size>
         <input_file_ref idref="fl-2"/>
      </object_component>
      <object_component id="oc-cd">
         <name>.debug_info</name>
         <load_address>0xf4a9</load_address>
         <run_address>0xf4a9</run_address>
         <size>0xd0</size>
         <input_file_ref idref="fl-2"/>
      </object_component>
      <object_component id="oc-d0">
         <name>.debug_info</name>
         <load_address>0xf579</load_address>
         <run_address>0xf579</run_address>
         <size>0xca</size>
         <input_file_ref idref="fl-2"/>
      </object_component>
      <object_component id="oc-d3">
         <name>.debug_info</name>
         <load_address>0xf643</load_address>
         <run_address>0xf643</run_address>
         <size>0xcc</size>
         <input_file_ref idref="fl-2"/>
      </object_component>
      <object_component id="oc-d6">
         <name>.debug_info</name>
         <load_address>0xf70f</load_address>
         <run_address>0xf70f</run_address>
         <size>0xc2</size>
         <input_file_ref idref="fl-2"/>
      </object_component>
      <object_component id="oc-d9">
         <name>.debug_info</name>
         <load_address>0xf7d1</load_address>
         <run_address>0xf7d1</run_address>
         <size>0xc6</size>
         <input_file_ref idref="fl-2"/>
      </object_component>
      <object_component id="oc-dc">
         <name>.debug_info</name>
         <load_address>0xf897</load_address>
         <run_address>0xf897</run_address>
         <size>0xc8</size>
         <input_file_ref idref="fl-2"/>
      </object_component>
      <object_component id="oc-df">
         <name>.debug_info</name>
         <load_address>0xf95f</load_address>
         <run_address>0xf95f</run_address>
         <size>0xc8</size>
         <input_file_ref idref="fl-2"/>
      </object_component>
      <object_component id="oc-ea">
         <name>.debug_info</name>
         <load_address>0xfa27</load_address>
         <run_address>0xfa27</run_address>
         <size>0xb3</size>
         <input_file_ref idref="fl-2"/>
      </object_component>
      <object_component id="oc-ed">
         <name>.debug_info</name>
         <load_address>0xfada</load_address>
         <run_address>0xfada</run_address>
         <size>0xbb</size>
         <input_file_ref idref="fl-2"/>
      </object_component>
      <object_component id="oc-f0">
         <name>.debug_info</name>
         <load_address>0xfb95</load_address>
         <run_address>0xfb95</run_address>
         <size>0x1eb</size>
         <input_file_ref idref="fl-14b"/>
      </object_component>
      <object_component id="oc-f6">
         <name>.debug_info</name>
         <load_address>0xfd80</load_address>
         <run_address>0xfd80</run_address>
         <size>0x21f</size>
         <input_file_ref idref="fl-14f"/>
      </object_component>
      <object_component id="oc-fc">
         <name>.debug_info</name>
         <load_address>0xff9f</load_address>
         <run_address>0xff9f</run_address>
         <size>0x1f3</size>
         <input_file_ref idref="fl-14f"/>
      </object_component>
      <object_component id="oc-104">
         <name>.debug_info</name>
         <load_address>0x10192</load_address>
         <run_address>0x10192</run_address>
         <size>0x1ce</size>
         <input_file_ref idref="fl-14e"/>
      </object_component>
      <object_component id="oc-10a">
         <name>.debug_info</name>
         <load_address>0x10360</load_address>
         <run_address>0x10360</run_address>
         <size>0x1a4</size>
         <input_file_ref idref="fl-14e"/>
      </object_component>
      <object_component id="oc-110">
         <name>.debug_info</name>
         <load_address>0x10504</load_address>
         <run_address>0x10504</run_address>
         <size>0x1e3</size>
         <input_file_ref idref="fl-14f"/>
      </object_component>
      <object_component id="oc-116">
         <name>.debug_info</name>
         <load_address>0x106e7</load_address>
         <run_address>0x106e7</run_address>
         <size>0x1f1</size>
         <input_file_ref idref="fl-14f"/>
      </object_component>
      <object_component id="oc-11d">
         <name>.debug_info</name>
         <load_address>0x108d8</load_address>
         <run_address>0x108d8</run_address>
         <size>0x1a2</size>
         <input_file_ref idref="fl-14e"/>
      </object_component>
      <object_component id="oc-124">
         <name>.debug_info</name>
         <load_address>0x10a7a</load_address>
         <run_address>0x10a7a</run_address>
         <size>0xed</size>
         <input_file_ref idref="fl-13e"/>
      </object_component>
      <object_component id="oc-127">
         <name>.debug_info</name>
         <load_address>0x10b67</load_address>
         <run_address>0x10b67</run_address>
         <size>0xe1</size>
         <input_file_ref idref="fl-13f"/>
      </object_component>
      <object_component id="oc-130">
         <name>.debug_info</name>
         <load_address>0x10c48</load_address>
         <run_address>0x10c48</run_address>
         <size>0xc7</size>
         <input_file_ref idref="fl-2"/>
      </object_component>
      <object_component id="oc-133">
         <name>.debug_info</name>
         <load_address>0x10d0f</load_address>
         <run_address>0x10d0f</run_address>
         <size>0x1ab</size>
         <input_file_ref idref="fl-148"/>
      </object_component>
      <object_component id="oc-139">
         <name>.debug_info</name>
         <load_address>0x10eba</load_address>
         <run_address>0x10eba</run_address>
         <size>0x1f1</size>
         <input_file_ref idref="fl-148"/>
      </object_component>
      <object_component id="oc-13f">
         <name>.debug_info</name>
         <load_address>0x110ab</load_address>
         <run_address>0x110ab</run_address>
         <size>0x1e3</size>
         <input_file_ref idref="fl-149"/>
      </object_component>
      <object_component id="oc-145">
         <name>.debug_info</name>
         <load_address>0x1128e</load_address>
         <run_address>0x1128e</run_address>
         <size>0x1c7</size>
         <input_file_ref idref="fl-148"/>
      </object_component>
      <object_component id="oc-14b">
         <name>.debug_info</name>
         <load_address>0x11455</load_address>
         <run_address>0x11455</run_address>
         <size>0x1e5</size>
         <input_file_ref idref="fl-149"/>
      </object_component>
      <object_component id="oc-151">
         <name>.debug_info</name>
         <load_address>0x1163a</load_address>
         <run_address>0x1163a</run_address>
         <size>0xb7</size>
         <input_file_ref idref="fl-2"/>
      </object_component>
      <object_component id="oc-156">
         <name>.debug_info</name>
         <load_address>0x116f1</load_address>
         <run_address>0x116f1</run_address>
         <size>0x1e4</size>
         <input_file_ref idref="fl-14f"/>
      </object_component>
      <object_component id="oc-15c">
         <name>.debug_info</name>
         <load_address>0x118d5</load_address>
         <run_address>0x118d5</run_address>
         <size>0x1df</size>
         <input_file_ref idref="fl-14f"/>
      </object_component>
      <object_component id="oc-163">
         <name>.debug_info</name>
         <load_address>0x11ab4</load_address>
         <run_address>0x11ab4</run_address>
         <size>0x28a</size>
         <input_file_ref idref="fl-148"/>
      </object_component>
      <object_component id="oc-169">
         <name>.debug_info</name>
         <load_address>0x11d3e</load_address>
         <run_address>0x11d3e</run_address>
         <size>0x1ab</size>
         <input_file_ref idref="fl-148"/>
      </object_component>
      <object_component id="oc-172">
         <name>.debug_info</name>
         <load_address>0x11ee9</load_address>
         <run_address>0x11ee9</run_address>
         <size>0x171</size>
         <input_file_ref idref="fl-150"/>
      </object_component>
      <object_component id="oc-176">
         <name>.debug_info</name>
         <load_address>0x1205a</load_address>
         <run_address>0x1205a</run_address>
         <size>0x189</size>
         <input_file_ref idref="fl-150"/>
      </object_component>
      <object_component id="oc-17d">
         <name>.debug_info</name>
         <load_address>0x121e3</load_address>
         <run_address>0x121e3</run_address>
         <size>0x4c5</size>
         <input_file_ref idref="fl-14b"/>
      </object_component>
      <object_component id="oc-182">
         <name>.debug_info</name>
         <load_address>0x126a8</load_address>
         <run_address>0x126a8</run_address>
         <size>0x1c5</size>
         <input_file_ref idref="fl-14a"/>
      </object_component>
      <object_component id="oc-188">
         <name>.debug_info</name>
         <load_address>0x1286d</load_address>
         <run_address>0x1286d</run_address>
         <size>0x18b</size>
         <input_file_ref idref="fl-14a"/>
      </object_component>
      <object_component id="oc-18e">
         <name>.debug_info</name>
         <load_address>0x129f8</load_address>
         <run_address>0x129f8</run_address>
         <size>0x185</size>
         <input_file_ref idref="fl-14a"/>
      </object_component>
      <object_component id="oc-195">
         <name>.debug_info</name>
         <load_address>0x12b7d</load_address>
         <run_address>0x12b7d</run_address>
         <size>0x27d</size>
         <input_file_ref idref="fl-7"/>
      </object_component>
      <object_component id="oc-19a">
         <name>.debug_info</name>
         <load_address>0x12dfa</load_address>
         <run_address>0x12dfa</run_address>
         <size>0x22d</size>
         <input_file_ref idref="fl-14e"/>
      </object_component>
      <object_component id="oc-1a0">
         <name>.debug_info</name>
         <load_address>0x13027</load_address>
         <run_address>0x13027</run_address>
         <size>0x25f</size>
         <input_file_ref idref="fl-14c"/>
      </object_component>
      <object_component id="oc-1a8">
         <name>.debug_info</name>
         <load_address>0x13286</load_address>
         <run_address>0x13286</run_address>
         <size>0x263</size>
         <input_file_ref idref="fl-14c"/>
      </object_component>
      <object_component id="oc-1ae">
         <name>.debug_info</name>
         <load_address>0x134e9</load_address>
         <run_address>0x134e9</run_address>
         <size>0x1f0</size>
         <input_file_ref idref="fl-149"/>
      </object_component>
      <object_component id="oc-1b4">
         <name>.debug_info</name>
         <load_address>0x136d9</load_address>
         <run_address>0x136d9</run_address>
         <size>0x21e</size>
         <input_file_ref idref="fl-149"/>
      </object_component>
      <object_component id="oc-1ba">
         <name>.debug_info</name>
         <load_address>0x138f7</load_address>
         <run_address>0x138f7</run_address>
         <size>0x1f8</size>
         <input_file_ref idref="fl-149"/>
      </object_component>
      <object_component id="oc-1c0">
         <name>.debug_info</name>
         <load_address>0x13aef</load_address>
         <run_address>0x13aef</run_address>
         <size>0x1cc</size>
         <input_file_ref idref="fl-14e"/>
      </object_component>
      <object_component id="oc-1c6">
         <name>.debug_info</name>
         <load_address>0x13cbb</load_address>
         <run_address>0x13cbb</run_address>
         <size>0x1e8</size>
         <input_file_ref idref="fl-149"/>
      </object_component>
      <object_component id="oc-1cc">
         <name>.debug_info</name>
         <load_address>0x13ea3</load_address>
         <run_address>0x13ea3</run_address>
         <size>0x1f6</size>
         <input_file_ref idref="fl-149"/>
      </object_component>
      <object_component id="oc-1d2">
         <name>.debug_info</name>
         <load_address>0x14099</load_address>
         <run_address>0x14099</run_address>
         <size>0x1dd</size>
         <input_file_ref idref="fl-14f"/>
      </object_component>
      <object_component id="oc-1d8">
         <name>.debug_info</name>
         <load_address>0x14276</load_address>
         <run_address>0x14276</run_address>
         <size>0x217</size>
         <input_file_ref idref="fl-14d"/>
      </object_component>
      <object_component id="oc-1de">
         <name>.debug_info</name>
         <load_address>0x1448d</load_address>
         <run_address>0x1448d</run_address>
         <size>0xc8</size>
         <input_file_ref idref="fl-2"/>
      </object_component>
      <object_component id="oc-1ee">
         <name>.debug_info</name>
         <load_address>0x14555</load_address>
         <run_address>0x14555</run_address>
         <size>0xe1</size>
         <input_file_ref idref="fl-144"/>
      </object_component>
      <object_component id="oc-1f3">
         <name>.debug_info</name>
         <load_address>0x14636</load_address>
         <run_address>0x14636</run_address>
         <size>0xed</size>
         <input_file_ref idref="fl-13d"/>
      </object_component>
      <object_component id="oc-1f9">
         <name>.debug_info</name>
         <load_address>0x14723</load_address>
         <run_address>0x14723</run_address>
         <size>0xec</size>
         <input_file_ref idref="fl-140"/>
      </object_component>
      <object_component id="oc-1fc">
         <name>.debug_info</name>
         <load_address>0x1480f</load_address>
         <run_address>0x1480f</run_address>
         <size>0x21a</size>
         <input_file_ref idref="fl-14d"/>
      </object_component>
      <object_component id="oc-202">
         <name>.debug_info</name>
         <load_address>0x14a29</load_address>
         <run_address>0x14a29</run_address>
         <size>0x25a</size>
         <input_file_ref idref="fl-14d"/>
      </object_component>
      <object_component id="oc-208">
         <name>.debug_info</name>
         <load_address>0x14c83</load_address>
         <run_address>0x14c83</run_address>
         <size>0x228</size>
         <input_file_ref idref="fl-14d"/>
      </object_component>
      <object_component id="oc-20e">
         <name>.debug_info</name>
         <load_address>0x14eab</load_address>
         <run_address>0x14eab</run_address>
         <size>0x1da</size>
         <input_file_ref idref="fl-14d"/>
      </object_component>
      <object_component id="oc-216">
         <name>.debug_info</name>
         <load_address>0x15085</load_address>
         <run_address>0x15085</run_address>
         <size>0xdb</size>
         <input_file_ref idref="fl-13c"/>
      </object_component>
      <object_component id="oc-21a">
         <name>.debug_info</name>
         <load_address>0x15160</load_address>
         <run_address>0x15160</run_address>
         <size>0x1dc</size>
         <input_file_ref idref="fl-14d"/>
      </object_component>
      <object_component id="oc-220">
         <name>.debug_info</name>
         <load_address>0x1533c</load_address>
         <run_address>0x1533c</run_address>
         <size>0xc1</size>
         <input_file_ref idref="fl-2"/>
      </object_component>
      <object_component id="oc-223">
         <name>.debug_info</name>
         <load_address>0x153fd</load_address>
         <run_address>0x153fd</run_address>
         <size>0xc9</size>
         <input_file_ref idref="fl-2"/>
      </object_component>
      <object_component id="oc-227">
         <name>.debug_info</name>
         <load_address>0x154c6</load_address>
         <run_address>0x154c6</run_address>
         <size>0xcf</size>
         <input_file_ref idref="fl-2"/>
      </object_component>
      <object_component id="oc-23c">
         <name>.debug_info</name>
         <load_address>0x15595</load_address>
         <run_address>0x15595</run_address>
         <size>0x8b</size>
         <input_file_ref idref="fl-2"/>
      </object_component>
      <object_component id="oc-241">
         <name>.debug_info</name>
         <load_address>0x15620</load_address>
         <run_address>0x15620</run_address>
         <size>0x18b</size>
         <input_file_ref idref="fl-2"/>
      </object_component>
      <object_component id="oc-246">
         <name>.debug_info</name>
         <load_address>0x157ab</load_address>
         <run_address>0x157ab</run_address>
         <size>0x9e</size>
         <input_file_ref idref="fl-2"/>
      </object_component>
      <object_component id="oc-24c">
         <name>.debug_info</name>
         <load_address>0x15849</load_address>
         <run_address>0x15849</run_address>
         <size>0x1dd</size>
         <input_file_ref idref="fl-14f"/>
      </object_component>
      <object_component id="oc-252">
         <name>.debug_info</name>
         <load_address>0x15a26</load_address>
         <run_address>0x15a26</run_address>
         <size>0x3c2</size>
         <input_file_ref idref="fl-14c"/>
      </object_component>
      <object_component id="oc-258">
         <name>.debug_info</name>
         <load_address>0x15de8</load_address>
         <run_address>0x15de8</run_address>
         <size>0x1a6</size>
         <input_file_ref idref="fl-14c"/>
      </object_component>
      <object_component id="oc-25e">
         <name>.debug_info</name>
         <load_address>0x15f8e</load_address>
         <run_address>0x15f8e</run_address>
         <size>0x1fe</size>
         <input_file_ref idref="fl-14c"/>
      </object_component>
      <object_component id="oc-264">
         <name>.debug_info</name>
         <load_address>0x1618c</load_address>
         <run_address>0x1618c</run_address>
         <size>0x333</size>
         <input_file_ref idref="fl-5"/>
      </object_component>
      <object_component id="oc-268">
         <name>.debug_info</name>
         <load_address>0x164bf</load_address>
         <run_address>0x164bf</run_address>
         <size>0x84</size>
         <input_file_ref idref="fl-3"/>
      </object_component>
      <object_component id="oc-26e">
         <name>.debug_info</name>
         <load_address>0x16543</load_address>
         <run_address>0x16543</run_address>
         <size>0x14b</size>
         <input_file_ref idref="fl-147"/>
      </object_component>
      <object_component id="oc-275">
         <name>.debug_info</name>
         <load_address>0x1668e</load_address>
         <run_address>0x1668e</run_address>
         <size>0x11b</size>
         <input_file_ref idref="fl-145"/>
      </object_component>
      <object_component id="oc-277">
         <name>.debug_info</name>
         <load_address>0x167a9</load_address>
         <run_address>0x167a9</run_address>
         <size>0xc8</size>
         <input_file_ref idref="fl-136"/>
      </object_component>
      <object_component id="oc-27a">
         <name>.debug_info</name>
         <load_address>0x16871</load_address>
         <run_address>0x16871</run_address>
         <size>0xeb</size>
         <input_file_ref idref="fl-13b"/>
      </object_component>
      <object_component id="oc-27d">
         <name>.debug_info</name>
         <load_address>0x1695c</load_address>
         <run_address>0x1695c</run_address>
         <size>0x146</size>
         <input_file_ref idref="fl-13b"/>
      </object_component>
      <object_component id="oc-282">
         <name>.debug_info</name>
         <load_address>0x16aa2</load_address>
         <run_address>0x16aa2</run_address>
         <size>0x2c</size>
         <input_file_ref idref="fl-138"/>
      </object_component>
      <object_component id="oc-289">
         <name>.debug_info</name>
         <load_address>0x16ace</load_address>
         <run_address>0x16ace</run_address>
         <size>0x2c</size>
         <input_file_ref idref="fl-2"/>
      </object_component>
      <object_component id="oc-294">
         <name>.debug_info</name>
         <load_address>0x16afa</load_address>
         <run_address>0x16afa</run_address>
         <size>0x18b</size>
         <input_file_ref idref="fl-148"/>
      </object_component>
      <object_component id="oc-299">
         <name>.debug_info</name>
         <load_address>0x16c85</load_address>
         <run_address>0x16c85</run_address>
         <size>0x1d7</size>
         <input_file_ref idref="fl-14f"/>
      </object_component>
      <object_component id="oc-29b">
         <name>.debug_info</name>
         <load_address>0x16e5c</load_address>
         <run_address>0x16e5c</run_address>
         <size>0xd9</size>
         <input_file_ref idref="fl-136"/>
      </object_component>
      <object_component id="oc-29e">
         <name>.debug_info</name>
         <load_address>0x16f35</load_address>
         <run_address>0x16f35</run_address>
         <size>0x217</size>
         <input_file_ref idref="fl-14f"/>
      </object_component>
      <object_component id="oc-2a4">
         <name>.debug_info</name>
         <load_address>0x1714c</load_address>
         <run_address>0x1714c</run_address>
         <size>0x312</size>
         <input_file_ref idref="fl-14f"/>
      </object_component>
      <object_component id="oc-2ac">
         <name>.debug_info</name>
         <load_address>0x1745e</load_address>
[...]
      </symbol>
      <symbol id="sm-8cb">
         <name>TOUCH_TSC2046init</name>
         <value>0x6a291</value>
         <object_component_ref idref="oc-35"/>
      </symbol>
      <symbol id="sm-8cc">
         <name>TouchInit</name>
         <value>0x6a02b</value>
         <object_component_ref idref="oc-35"/>
      </symbol>
      <symbol id="sm-8cd">
         <name>SoftSPI_PutData</name>
         <value>0x6a05f</value>
         <object_component_ref idref="oc-35"/>
      </symbol>
      <symbol id="sm-8ce">
         <name>touch_getx</name>
         <value>0x6a171</value>
         <object_component_ref idref="oc-35"/>
      </symbol>
      <symbol id="sm-8cf">
         <name>touch_gety</name>
         <value>0x6a201</value>
         <object_component_ref idref="oc-35"/>
      </symbol>
      <symbol id="sm-8d0">
         <name>IntGPIOb</name>
         <value>0x6a353</value>
         <object_component_ref idref="oc-35"/>
      </symbol>
      <symbol id="sm-8d1">
         <name>TOUCH_PointAdjust</name>
         <value>0x6a2c9</value>
         <object_component_ref idref="oc-35"/>
      </symbol>
      <symbol id="sm-967">
         <name>TFTLCD_ShowPicture</name>
         <value>0x699c1</value>
         <object_component_ref idref="oc-ac"/>
      </symbol>
      <symbol id="sm-968">
         <name>asc2_1608</name>
         <value>0x61564</value>
         <object_component_ref idref="oc-2e2"/>
      </symbol>
      <symbol id="sm-969">
         <name>TFTLCD_ExitSleep</name>
         <value>0x68cd3</value>
         <object_component_ref idref="oc-ac"/>
      </symbol>
      <symbol id="sm-96a">
         <name>WriteData</name>
         <value>0x20003168</value>
         <object_component_ref idref="oc-2df"/>
      </symbol>
      <symbol id="sm-96b">
         <name>TFTLCD_DrawVerticalLine</name>
         <value>0x69977</value>
         <object_component_ref idref="oc-ac"/>
      </symbol>
      <symbol id="sm-96c">
         <name>TFTLCD_ShowData</name>
         <value>0x69825</value>
         <object_component_ref idref="oc-ac"/>
      </symbol>
      <symbol id="sm-96d">
         <name>TFTLCD_DrawHorizontalLine</name>
         <value>0x6992d</value>
         <object_component_ref idref="oc-ac"/>
      </symbol>
      <symbol id="sm-96e">
         <name>TFTLCD_ShowString</name>
         <value>0x6970b</value>
         <object_component_ref idref="oc-ac"/>
      </symbol>
      <symbol id="sm-96f">
         <name>TFTLCD_REFRESH_GRAM</name>
         <value>0x6958d</value>
         <object_component_ref idref="oc-ac"/>
      </symbol>
      <symbol id="sm-970">
         <name>TFTLCD_CLEAR</name>
         <value>0x69769</value>
         <object_component_ref idref="oc-ac"/>
      </symbol>
      <symbol id="sm-971">
         <name>TFTLCD_SetPos</name>
         <value>0x695a1</value>
         <object_component_ref idref="oc-ac"/>
      </symbol>
      <symbol id="sm-972">
         <name>TFTLCD_EnterSleep</name>
         <value>0x68c53</value>
         <object_component_ref idref="oc-ac"/>
      </symbol>
      <symbol id="sm-973">
         <name>InitGPIOLCDInterface</name>
         <value>0x68b95</value>
         <object_component_ref idref="oc-ac"/>
      </symbol>
      <symbol id="sm-974">
         <name>TFTLCD_FillBlock</name>
         <value>0x697bd</value>
         <object_component_ref idref="oc-ac"/>
      </symbol>
      <symbol id="sm-975">
         <name>TFTLCD_ShowChar</name>
         <value>0x6967b</value>
         <object_component_ref idref="oc-ac"/>
      </symbol>
      <symbol id="sm-976">
         <name>WriteCommand</name>
         <value>0x2000316c</value>
         <object_component_ref idref="oc-2df"/>
      </symbol>
      <symbol id="sm-977">
         <name>TFTLCD_DrawPoint</name>
         <value>0x69659</value>
         <object_component_ref idref="oc-ac"/>
      </symbol>
      <symbol id="sm-978">
         <name>TFT_400x240_OTM4001Ainit</name>
         <value>0x68d89</value>
         <object_component_ref idref="oc-ac"/>
      </symbol>
      <symbol id="sm-994">
         <name>EPIGPIOinit</name>
         <value>0x6a565</value>
         <object_component_ref idref="oc-193"/>
      </symbol>
      <symbol id="sm-9ad">
         <name>_nop</name>
         <value>0x6b267</value>
         <object_component_ref idref="oc-7a"/>
      </symbol>
      <symbol id="sm-9ae">
         <name>_lock</name>
         <value>0x20003170</value>
         <object_component_ref idref="oc-276"/>
      </symbol>
      <symbol id="sm-9af">
         <name>_unlock</name>
         <value>0x20003174</value>
         <object_component_ref idref="oc-276"/>
      </symbol>
      <symbol id="sm-9b0">
         <name>_register_lock</name>
         <value>0x6b25f</value>
         <object_component_ref idref="oc-7a"/>
      </symbol>
      <symbol id="sm-9b1">
         <name>_register_unlock</name>
         <value>0x6b259</value>
         <object_component_ref idref="oc-7a"/>
      </symbol>
      <symbol id="sm-9c1">
         <name>_c_int00</name>
         <value>0x6ae29</value>
         <object_component_ref idref="oc-11"/>
      </symbol>
      <symbol id="sm-9c2">
         <name>__stack</name>
         <value>0x200044a8</value>
         <object_component_ref idref="oc-28"/>
      </symbol>
      <symbol id="sm-9d9">
         <name>__TI_decompress_none</name>
         <value>0x6b389</value>
         <object_component_ref idref="oc-16"/>
      </symbol>
      <symbol id="sm-9fd">
         <name>__TI_decompress_rle24</name>
         <value>0x6b459</value>
         <object_component_ref idref="oc-22"/>
      </symbol>
      <symbol id="sm-a11">
         <name>__TI_zero_init</name>
         <value>0x6b2fd</value>
         <object_component_ref idref="oc-1c"/>
      </symbol>
      <symbol id="sm-a30">
         <name>C$$EXIT</name>
         <value>0x6aefd</value>
         <object_component_ref idref="oc-49"/>
      </symbol>
      <symbol id="sm-a31">
         <name>abort</name>
         <value>0x6af01</value>
         <object_component_ref idref="oc-49"/>
      </symbol>
      <symbol id="sm-a32">
         <name>exit</name>
         <value>0x6af09</value>
         <object_component_ref idref="oc-49"/>
      </symbol>
      <symbol id="sm-a33">
         <name>__TI_dtors_ptr</name>
         <value>0x2000317c</value>
         <object_component_ref idref="oc-279"/>
      </symbol>
      <symbol id="sm-a34">
         <name>__TI_cleanup_ptr</name>
         <value>0x20003178</value>
         <object_component_ref idref="oc-279"/>
      </symbol>
      <symbol id="sm-a46">
         <name>__aeabi_cdcmpeq</name>
         <value>0x6ab3d</value>
         <object_component_ref idref="oc-213"/>
      </symbol>
      <symbol id="sm-a47">
         <name>__aeabi_cdcmple</name>
         <value>0x6ab3d</value>
         <object_component_ref idref="oc-213"/>
      </symbol>
      <symbol id="sm-a5b">
         <name>__aeabi_ddiv</name>
         <value>0x6a6a9</value>
         <object_component_ref idref="oc-1f1"/>
      </symbol>
      <symbol id="sm-a66">
         <name>__aeabi_dmul</name>
         <value>0x6a90f</value>
         <object_component_ref idref="oc-121"/>
      </symbol>
      <symbol id="sm-a70">
         <name>__aeabi_d2iz</name>
         <value>0x6ae71</value>
         <object_component_ref idref="oc-126"/>
      </symbol>
      <symbol id="sm-a7a">
         <name>__aeabi_d2uiz</name>
         <value>0x6af41</value>
         <object_component_ref idref="oc-1f6"/>
      </symbol>
      <symbol id="sm-a95">
         <name>memcpy</name>
         <value>0x6aa0b</value>
         <object_component_ref idref="oc-53"/>
      </symbol>
      <symbol id="sm-a96">
         <name>__aeabi_memcpy</name>
         <value>0x6aa0b</value>
         <object_component_ref idref="oc-53"/>
      </symbol>
      <symbol id="sm-a97">
         <name>__aeabi_memcpy8</name>
         <value>0x6aa0b</value>
         <object_component_ref idref="oc-53"/>
      </symbol>
      <symbol id="sm-a98">
         <name>__aeabi_memcpy4</name>
         <value>0x6aa0b</value>
         <object_component_ref idref="oc-53"/>
      </symbol>
      <symbol id="sm-aa0">
         <name>main_func_sp</name>
         <value>0x20002ebc</value>
         <object_component_ref idref="oc-4f"/>
      </symbol>
      <symbol id="sm-ab0">
         <name>__aeabi_uidivmod</name>
         <value>0x6afc7</value>
         <object_component_ref idref="oc-2d3"/>
      </symbol>
      <symbol id="sm-aba">
         <name>__aeabi_ui2d</name>
         <value>0x6b145</value>
         <object_component_ref idref="oc-1ec"/>
      </symbol>
      <symbol id="sm-ace">
         <name>_args_main</name>
         <value>0x6b1f1</value>
         <object_component_ref idref="oc-43"/>
      </symbol>
      <symbol id="sm-aeb">
         <name>__TI_auto_init</name>
         <value>0x6aaa9</value>
         <object_component_ref idref="oc-3e"/>
      </symbol>
      <symbol id="sm-b04">
         <name>copy_in</name>
         <value>0x6aeb9</value>
         <object_component_ref idref="oc-26d"/>
      </symbol>
      <symbol id="sm-b5f">
         <name>UARTCharPutNonBlocking</name>
         <value>0x6b37b</value>
         <object_component_ref idref="oc-138"/>
      </symbol>
      <symbol id="sm-b60">
         <name>UARTConfigSetExpClk</name>
         <value>0x6b009</value>
         <object_component_ref idref="oc-162"/>
      </symbol>
      <symbol id="sm-b61">
         <name>UARTDisable</name>
         <value>0x6b1a1</value>
         <object_component_ref idref="oc-338"/>
      </symbol>
      <symbol id="sm-b62">
         <name>UARTBusy</name>
         <value>0x6b439</value>
         <object_component_ref idref="oc-132"/>
      </symbol>
      <symbol id="sm-b63">
         <name>UARTCharGetNonBlocking</name>
         <value>0x6b36d</value>
         <object_component_ref idref="oc-144"/>
      </symbol>
      <symbol id="sm-b64">
         <name>UARTCharPut</name>
         <value>0x6b427</value>
         <object_component_ref idref="oc-2c1"/>
      </symbol>
      <symbol id="sm-b65">
         <name>UARTEnable</name>
         <value>0x6b245</value>
         <object_component_ref idref="oc-168"/>
      </symbol>
      <symbol id="sm-b66">
         <name>UARTCharGet</name>
         <value>0x6b41d</value>
         <object_component_ref idref="oc-2c7"/>
      </symbol>
      <symbol id="sm-bab">
         <name>TimerLoadSet</name>
         <value>0x6b2eb</value>
         <object_component_ref idref="oc-1b3"/>
      </symbol>
      <symbol id="sm-bac">
         <name>TimerDisable</name>
         <value>0x6b231</value>
         <object_component_ref idref="oc-14a"/>
      </symbol>
      <symbol id="sm-bad">
         <name>TimerEnable</name>
         <value>0x6b35f</value>
         <object_component_ref idref="oc-13e"/>
      </symbol>
      <symbol id="sm-bae">
         <name>TimerIntStatus</name>
         <value>0x6b413</value>
         <object_component_ref idref="oc-1c5"/>
      </symbol>
      <symbol id="sm-baf">
         <name>TimerIntEnable</name>
         <value>0x6b431</value>
         <object_component_ref idref="oc-1b9"/>
      </symbol>
      <symbol id="sm-bb0">
         <name>TimerConfigure</name>
         <value>0x6ace5</value>
         <object_component_ref idref="oc-1ad"/>
      </symbol>
      <symbol id="sm-bb1">
         <name>TimerIntClear</name>
         <value>0x6b467</value>
         <object_component_ref idref="oc-1cb"/>
      </symbol>
      <symbol id="sm-bd4">
         <name>SysTickEnable</name>
         <value>0x6b209</value>
         <object_component_ref idref="oc-18d"/>
      </symbol>
      <symbol id="sm-bd5">
         <name>SysTickIntEnable</name>
         <value>0x6b21d</value>
         <object_component_ref idref="oc-187"/>
      </symbol>
      <symbol id="sm-bd6">
         <name>SysTickPeriodSet</name>
         <value>0x6b341</value>
         <object_component_ref idref="oc-181"/>
      </symbol>
      <symbol id="sm-c62">
         <name>SysCtlGPIOAHBEnable</name>
         <value>0x6b185</value>
         <object_component_ref idref="oc-ef"/>
      </symbol>
      <symbol id="sm-c63">
         <name>SysCtlPeripheralPresent</name>
         <value>0x6b07d</value>
         <object_component_ref idref="oc-2bb"/>
      </symbol>
      <symbol id="sm-c64">
         <name>SysCtlDelay</name>
         <value>0x6b453</value>
         <object_component_ref idref="oc-8c"/>
      </symbol>
      <symbol id="sm-c65">
         <name>SysCtlPeripheralEnable</name>
         <value>0x6b049</value>
         <object_component_ref idref="oc-8d"/>
      </symbol>
      <symbol id="sm-c66">
         <name>SysCtlClockFreqSet</name>
         <value>0x6a369</value>
         <object_component_ref idref="oc-17b"/>
      </symbol>
      <symbol id="sm-c9e">
         <name>SSIDataPut</name>
         <value>0x6b3ff</value>
         <object_component_ref idref="oc-19f"/>
      </symbol>
      <symbol id="sm-c9f">
         <name>SSIDataGet</name>
         <value>0x6b3d3</value>
         <object_component_ref idref="oc-1a7"/>
      </symbol>
      <symbol id="sm-ca0">
         <name>SSIDataGetNonBlocking</name>
         <value>0x6b2d9</value>
         <object_component_ref idref="oc-25d"/>
      </symbol>
      <symbol id="sm-ca1">
         <name>SSIConfigSetExpClk</name>
         <value>0x6af85</value>
         <object_component_ref idref="oc-251"/>
      </symbol>
      <symbol id="sm-ca2">
         <name>SSIEnable</name>
         <value>0x6b409</value>
         <object_component_ref idref="oc-257"/>
      </symbol>
      <symbol id="sm-cd7">
         <name>PWMGenPeriodSet</name>
         <value>0x6b331</value>
         <object_component_ref idref="oc-1fb"/>
      </symbol>
      <symbol id="sm-cd8">
         <name>PWMGenDisable</name>
         <value>0x6b3bb</value>
         <object_component_ref idref="oc-219"/>
      </symbol>
      <symbol id="sm-cd9">
         <name>PWMPulseWidthSet</name>
         <value>0x6b165</value>
         <object_component_ref idref="oc-201"/>
      </symbol>
      <symbol id="sm-cda">
         <name>PWMOutputState</name>
         <value>0x6b2c7</value>
         <object_component_ref idref="oc-207"/>
      </symbol>
      <symbol id="sm-cdb">
         <name>PWMGenEnable</name>
         <value>0x6b3c7</value>
         <object_component_ref idref="oc-20d"/>
      </symbol>
      <symbol id="sm-cdc">
         <name>PWMGenConfigure</name>
         <value>0x6b123</value>
         <object_component_ref idref="oc-1d7"/>
      </symbol>
      <symbol id="sm-d35">
         <name>IntPrioritySet</name>
         <value>0x6b0dd</value>
         <object_component_ref idref="oc-199"/>
      </symbol>
      <symbol id="sm-d36">
         <name>IntEnable</name>
         <value>0x6ac25</value>
         <object_component_ref idref="oc-1bf"/>
      </symbol>
      <symbol id="sm-d37">
         <name>IntDisable</name>
         <value>0x6abc5</value>
         <object_component_ref idref="oc-103"/>
      </symbol>
      <symbol id="sm-d38">
         <name>IntMasterDisable</name>
         <value>0x6b3eb</value>
         <object_component_ref idref="oc-109"/>
      </symbol>
      <symbol id="sm-d39">
         <name>IntMasterEnable</name>
         <value>0x6b3f5</value>
         <object_component_ref idref="oc-11b"/>
      </symbol>
      <symbol id="sm-dc9">
         <name>GPIOPinTypePWM</name>
         <value>0x6b291</value>
         <object_component_ref idref="oc-1d1"/>
      </symbol>
      <symbol id="sm-dca">
         <name>GPIOPinConfigure</name>
         <value>0x6ad99</value>
         <object_component_ref idref="oc-155"/>
      </symbol>
      <symbol id="sm-dcb">
         <name>GPIOIntEnable</name>
         <value>0x6b3af</value>
         <object_component_ref idref="oc-fb"/>
      </symbol>
      <symbol id="sm-dcc">
         <name>GPIOIntTypeSet</name>
         <value>0x6ad41</value>
         <object_component_ref idref="oc-f5"/>
      </symbol>
      <symbol id="sm-dcd">
         <name>GPIOPinTypeGPIOInput</name>
         <value>0x6b27f</value>
         <object_component_ref idref="oc-80"/>
      </symbol>
      <symbol id="sm-dce">
         <name>GPIOIntClear</name>
         <value>0x6b441</value>
         <object_component_ref idref="oc-115"/>
      </symbol>
      <symbol id="sm-dcf">
         <name>GPIOPinTypeUART</name>
         <value>0x6b2b5</value>
         <object_component_ref idref="oc-15b"/>
      </symbol>
      <symbol id="sm-dd0">
         <name>GPIOIntStatus</name>
         <value>0x6b351</value>
         <object_component_ref idref="oc-10f"/>
      </symbol>
      <symbol id="sm-dd1">
         <name>GPIOPinTypeGPIOOutput</name>
         <value>0x6b1d9</value>
         <object_component_ref idref="oc-93"/>
      </symbol>
      <symbol id="sm-dd2">
         <name>GPIOPinRead</name>
         <value>0x6b447</value>
         <object_component_ref idref="oc-86"/>
      </symbol>
      <symbol id="sm-dd3">
         <name>GPIODirModeSet</name>
         <value>0x6b0b1</value>
         <object_component_ref idref="oc-29d"/>
      </symbol>
      <symbol id="sm-dd4">
         <name>GPIOPinWrite</name>
         <value>0x6b44d</value>
         <object_component_ref idref="oc-74"/>
      </symbol>
      <symbol id="sm-dd5">
         <name>GPIOPadConfigSet</name>
         <value>0x6a7df</value>
         <object_component_ref idref="oc-2a3"/>
      </symbol>
      <symbol id="sm-dd6">
         <name>GPIOPinTypeSSI</name>
         <value>0x6b2a3</value>
         <object_component_ref idref="oc-24b"/>
      </symbol>
      <symbol id="sm-dd7">
         <name>GPIOPinTypeEPI</name>
         <value>0x6b26d</value>
         <object_component_ref idref="oc-35c"/>
      </symbol>
      <symbol id="sm-ded">
         <name>FPULazyStackingEnable</name>
         <value>0x6b321</value>
         <object_component_ref idref="oc-175"/>
      </symbol>
      <symbol id="sm-dee">
         <name>FPUEnable</name>
         <value>0x6b311</value>
         <object_component_ref idref="oc-16f"/>
      </symbol>
      <symbol id="sm-e0b">
         <name>EPIModeSet</name>
         <value>0x6b463</value>
         <object_component_ref idref="oc-362"/>
      </symbol>
      <symbol id="sm-e0c">
         <name>EPIConfigHB16Set</name>
         <value>0x6b101</value>
         <object_component_ref idref="oc-368"/>
      </symbol>
      <symbol id="sm-e0d">
         <name>EPIAddressMapSet</name>
         <value>0x6b45f</value>
         <object_component_ref idref="oc-36e"/>
      </symbol>
      <symbol id="sm-e1f">
         <name>CPUcpsie</name>
         <value>0x6b3a3</value>
         <object_component_ref idref="oc-31f"/>
      </symbol>
      <symbol id="sm-e20">
         <name>CPUcpsid</name>
         <value>0x6b397</value>
         <object_component_ref idref="oc-311"/>
      </symbol>
      <symbol id="sm-e21">
         <name>__TI_static_base__</name>
         <value>0x0</value>
      </symbol>
      <symbol id="sm-e22">
         <name>__TI_args_main</name>
         <value>0x1</value>
      </symbol>
      <symbol id="sm-e23">
         <name>SHT$$INIT_ARRAY$$Limit</name>
         <value>0x0</value>
      </symbol>
      <symbol id="sm-e24">
         <name>SHT$$INIT_ARRAY$$Base</name>
         <value>0x0</value>
      </symbol>
   </symbol_table>
   <title>Link successful</title>
</link_info>
