******************************************************************************
                  TI ARM Linker PC v5.1.6                      
******************************************************************************
>> Linked Fri Dec 25 20:08:25 2020

OUTPUT FILE NAME:   <Sine_wave_TFT.out>
ENTRY POINT SYMBOL: "_c_int00"  address: 00003b89


MEMORY CONFIGURATION

         name            origin    length      used     unused   attr    fill
----------------------  --------  ---------  --------  --------  ----  --------
  FLASH                 00000000   00100000  00006496  000f9b6a  R  X
  SRAM                  20000000   00040000  000005d8  0003fa28  RW X


SEGMENT ALLOCATION MAP

run origin  load origin   length   init length attrs members
----------  ----------- ---------- ----------- ----- -------
00000000    00000000    00006498   00006498    r-x
  00000000    00000000    00000208   00000208    r-- .intvecs
  00000208    00000208    00003da6   00003da6    r-x .text
  00003fb0    00003fb0    00002268   00002268    r-- .const
  00006218    00006218    00000280   00000280    r-- .cinit
20000000    20000000    000005d8   00000000    rw-
  20000000    20000000    000003b8   00000000    rw- .data
  200003b8    200003b8    00000200   00000000    rw- .stack
  200005b8    200005b8    00000020   00000000    rw- .bss


SECTION ALLOCATION MAP

 output                                  attributes/
section   page    origin      length       input sections
--------  ----  ----------  ----------   ----------------
.intvecs   0    00000000    00000208     
                  00000000    00000208     tm4c1294ncpdt_startup_ccs.obj (.intvecs)

.init_array 
*          0    00000000    00000000     UNINITIALIZED

.text      0    00000208    00003da6     
                  00000208    00001a90     Sine_wave.obj (.text)
                  00001c98    00000fec     TFT_400x240_OTM4001A_16bit.obj (.text)
                  00002c84    0000049c     uartstdio.obj (.text)
                  00003120    000003d8     TOUCH_TSC2046.obj (.text)
                  000034f8    000001fc     driverlib.lib : sysctl.obj (.text:SysCtlClockFreqSet)
                  000036f4    00000144     EPIinit.obj (.text)
                  00003838    00000130     driverlib.lib : gpio.obj (.text:GPIOPadConfigSet)
                  00003968    0000009c     rtsv7M4_T_le_v4SPD16_eabi.lib : memcpy_t2.obj (.text)
                  00003a04    00000094                                   : auto_init.obj (.text)
                  00003a98    0000005e                                   : copy_decompress_rle.obj (.text)
                  00003af6    00000002     --HOLE-- [fill = 0]
                  00003af8    00000048     driverlib.lib : gpio.obj (.text:GPIOPinConfigure)
                  00003b40    00000048                   : sysctl.obj (.text:_SysCtlFrequencyGet)
                  00003b88    00000048     rtsv7M4_T_le_v4SPD16_eabi.lib : boot.obj (.text)
                  00003bd0    00000044                                   : cpy_tbl.obj (.text)
                  00003c14    00000044                                   : exit.obj (.text)
                  00003c58    00000042     driverlib.lib : ssi.obj (.text:SSIConfigSetExpClk)
                  00003c9a    00000042     rtsv7M4_T_le_v4SPD16_eabi.lib : u_divt2.obj (.text)
                  00003cdc    00000040     driverlib.lib : uart.obj (.text:UARTConfigSetExpClk)
                  00003d1c    00000034                   : sysctl.obj (.text:SysCtlPeripheralEnable)
                  00003d50    00000034                   : sysctl.obj (.text:SysCtlPeripheralPresent)
                  00003d84    0000002a                   : gpio.obj (.text:GPIODirModeSet)
                  00003dae    00000022                   : epi.obj (.text:EPIConfigHB16Set)
                  00003dd0    0000001c                   : sysctl.obj (.text:SysCtlGPIOAHBEnable)
                  00003dec    0000001c                   : uart.obj (.text:UARTDisable)
                  00003e08    0000001c                   : sysctl.obj (.text:_SysCtlMemTimingGet)
                  00003e24    00000018                   : gpio.obj (.text:GPIOPinTypeGPIOOutput)
                  00003e3c    00000018     rtsv7M4_T_le_v4SPD16_eabi.lib : args_main.obj (.text)
                  00003e54    00000014     driverlib.lib : systick.obj (.text:SysTickEnable)
                  00003e68    00000014                   : systick.obj (.text:SysTickIntEnable)
                  00003e7c    00000014                   : uart.obj (.text:UARTEnable)
                  00003e90    00000014     rtsv7M4_T_le_v4SPD16_eabi.lib : _lock.obj (.text)
                  00003ea4    00000012     driverlib.lib : gpio.obj (.text:GPIOPinTypeEPI)
                  00003eb6    00000012                   : gpio.obj (.text:GPIOPinTypeGPIOInput)
                  00003ec8    00000012                   : gpio.obj (.text:GPIOPinTypeSSI)
                  00003eda    00000012                   : gpio.obj (.text:GPIOPinTypeUART)
                  00003eec    00000012                   : ssi.obj (.text:SSIDataGetNonBlocking)
                  00003efe    00000012     rtsv7M4_T_le_v4SPD16_eabi.lib : copy_zero_init.obj (.text:decompress:ZI)
                  00003f10    00000010     driverlib.lib : fpu.obj (.text:FPUEnable)
                  00003f20    00000010                   : fpu.obj (.text:FPULazyStackingEnable)
                  00003f30    00000010                   : systick.obj (.text:SysTickPeriodSet)
                  00003f40    0000000e     rtsv7M4_T_le_v4SPD16_eabi.lib : copy_decompress_none.obj (.text:decompress:none)
                  00003f4e    0000000c     driverlib.lib : cpu.obj (.text:CPUcpsie)
                  00003f5a    0000000c     tm4c1294ncpdt_startup_ccs.obj (.text)
                  00003f66    0000000a     driverlib.lib : interrupt.obj (.text:IntMasterEnable)
                  00003f70    0000000a                   : ssi.obj (.text:SSIEnable)
                  00003f7a    0000000a                   : uart.obj (.text:UARTCharGet)
                  00003f84    0000000a                   : uart.obj (.text:UARTCharPut)
                  00003f8e    00000006                   : gpio.obj (.text:GPIOPinRead)
                  00003f94    00000006                   : gpio.obj (.text:GPIOPinWrite)
                  00003f9a    00000006                   : sysctl.obj (.text:SysCtlDelay)
                  00003fa0    00000006     rtsv7M4_T_le_v4SPD16_eabi.lib : copy_decompress_rle.obj (.text:decompress:rle24)
                  00003fa6    00000004     driverlib.lib : epi.obj (.text:EPIAddressMapSet)
                  00003faa    00000004                   : epi.obj (.text:EPIModeSet)

.const     0    00003fb0    00002268     
                  00003fb0    0000068c     Sine_wave.obj (.const:.string:gImage_shizi)
                  0000463c    00000600     TFT_400x240_OTM4001A_16bit.obj (.const:asc2_1608)
                  00004c3c    000001c2     Sine_wave.obj (.const:.string:gImage_bing)
                  00004dfe    000001c2     Sine_wave.obj (.const:.string:gImage_che)
                  00004fc0    000001c2     Sine_wave.obj (.const:.string:gImage_heishi)
                  00005182    000001c2     Sine_wave.obj (.const:.string:gImage_heixiang)
                  00005344    000001c2     Sine_wave.obj (.const:.string:gImage_hongshi)
                  00005506    000001c2     Sine_wave.obj (.const:.string:gImage_hongxiang)
                  000056c8    000001c2     Sine_wave.obj (.const:.string:gImage_jiang)
                  0000588a    000001c2     Sine_wave.obj (.const:.string:gImage_ma)
                  00005a4c    000001c2     Sine_wave.obj (.const:.string:gImage_pao)
                  00005c0e    000001c2     Sine_wave.obj (.const:.string:gImage_shuai)
                  00005dd0    000001c2     Sine_wave.obj (.const:.string:gImage_zu)
                  00005f92    00000002     --HOLE-- [fill = 0]
                  00005f94    00000120     driverlib.lib : sysctl.obj (.const:g_pppui32XTALtoVCO)
                  000060b4    00000090                   : gpio.obj (.const:g_pui32GPIOBaseAddrs)
                  00006144    0000006c                   : sysctl.obj (.const:g_pui32Xtals)
                  000061b0    00000030                   : sysctl.obj (.const:g_sXTALtoMEMTIM)
                  000061e0    0000001c     uartstdio.obj (.const)
                  000061fc    00000012     uartstdio.obj (.const:.string)
                  0000620e    00000002     --HOLE-- [fill = 0]
                  00006210    00000008     driverlib.lib : sysctl.obj (.const)

.cinit     0    00006218    00000280     
                  00006218    0000025b     (.cinit..data.load) [load image, compression = rle]
                  00006473    00000001     --HOLE-- [fill = 0]
                  00006474    0000000c     (__TI_handler_table)
                  00006480    00000008     (.cinit..bss.load) [load image, compression = zero_init]
                  00006488    00000010     (__TI_cinit_table)

.data      0    20000000    000003b8     UNINITIALIZED
                  20000000    000002ac     Sine_wave.obj (.data)
                  200002ac    00000080     Sine_wave.obj (.data:qz)
                  2000032c    00000044     Sine_wave.obj (.data:offsety)
                  20000370    00000024     Sine_wave.obj (.data:offsetx)
                  20000394    00000008     TFT_400x240_OTM4001A_16bit.obj (.data)
                  2000039c    00000008     rtsv7M4_T_le_v4SPD16_eabi.lib : _lock.obj (.data)
                  200003a4    00000008                                   : exit.obj (.data)
                  200003ac    00000005     uartstdio.obj (.data)
                  200003b1    00000003     --HOLE--
                  200003b4    00000004     rtsv7M4_T_le_v4SPD16_eabi.lib : stkdepth_vars.obj (.data)

.stack     0    200003b8    00000200     UNINITIALIZED
                  200003b8    00000200     --HOLE--

.bss       0    200005b8    00000020     UNINITIALIZED
                  200005b8    00000004     (.common:g_ui32SysClock)
                  200005bc    00000004     (.common:g_ulTickCount)
                  200005c0    00000004     (.common:ii)
                  200005c4    00000004     (.common:jj)
                  200005c8    00000004     (.common:key)
                  200005cc    00000004     (.common:lastcolor)
                  200005d0    00000004     (.common:redlastcolor)
                  200005d4    00000004     (.common:ui32Loop)


LINKER GENERATED COPY TABLES

__TI_cinit_table @ 00006488 records: 2, size/record: 8, table size: 16
	.data: load addr=00006218, load size=0000025b bytes, run addr=20000000, run size=000003b8 bytes, compression=rle
	.bss: load addr=00006480, load size=00000008 bytes, run addr=200005b8, run size=00000020 bytes, compression=zero_init


LINKER GENERATED HANDLER TABLE

__TI_handler_table @ 00006474 records: 3, size/record: 4, table size: 12
	index: 0, handler: __TI_decompress_rle24
	index: 1, handler: __TI_decompress_none
	index: 2, handler: __TI_zero_init


GLOBAL SYMBOLS: SORTED ALPHABETICALLY BY Name 

address    name
--------   ----
00003c15   C$$EXIT
00003f4f   CPUcpsie
000019fb   ConfigureUART
00003fa7   EPIAddressMapSet
00003daf   EPIConfigHB16Set
000036f5   EPIGPIOinit
00003fab   EPIModeSet
00003f11   FPUEnable
00003f21   FPULazyStackingEnable
00003d85   GPIODirModeSet
00003839   GPIOPadConfigSet
00003af9   GPIOPinConfigure
00003f8f   GPIOPinRead
00003ea5   GPIOPinTypeEPI
00003eb7   GPIOPinTypeGPIOInput
00003e25   GPIOPinTypeGPIOOutput
00003ec9   GPIOPinTypeSSI
00003edb   GPIOPinTypeUART
00003f95   GPIOPinWrite
00001d25   InitGPIOLCDInterface
000034e3   IntGPIOb
00003f67   IntMasterEnable
00003f5b   ResetISR
UNDEFED    SHT$$INIT_ARRAY$$Base
UNDEFED    SHT$$INIT_ARRAY$$Limit
00003c59   SSIConfigSetExpClk
00003eed   SSIDataGetNonBlocking
00003f71   SSIEnable
00003121   SSIinit
0000026d   ShowPic
000003b5   ShowQizi
000002df   ShowShizi
0000326f   SoftSPI_GetData
000031ef   SoftSPI_PutData
00003189   SoftSPIinit
000034f9   SysCtlClockFreqSet
00003f9b   SysCtlDelay
00003dd1   SysCtlGPIOAHBEnable
00003d1d   SysCtlPeripheralEnable
00003d51   SysCtlPeripheralPresent
00003e55   SysTickEnable
00003e69   SysTickIntEnable
000019e1   SysTickIntHandler
00003f31   SysTickPeriodSet
000028f9   TFTLCD_CLEAR
00002abd   TFTLCD_DrawHorizontalLine
000027e9   TFTLCD_DrawPoint
00002b07   TFTLCD_DrawVerticalLine
00001de3   TFTLCD_EnterSleep
00001e63   TFTLCD_ExitSleep
0000294d   TFTLCD_FillBlock
0000271d   TFTLCD_REFRESH_GRAM
00002731   TFTLCD_SetPos
0000280b   TFTLCD_ShowChar
000029b5   TFTLCD_ShowData
00002b51   TFTLCD_ShowPicture
0000289b   TFTLCD_ShowString
00001f19   TFT_400x240_OTM4001Ainit
00003459   TOUCH_PointAdjust
00003421   TOUCH_TSC2046init
000031bb   TouchInit
00003f7b   UARTCharGet
00003f85   UARTCharPut
00003cdd   UARTConfigSetExpClk
00003ded   UARTDisable
00003e7d   UARTEnable
00002c85   UARTStdioConfig
00002dcb   UARTgetc
00002d11   UARTgets
000030eb   UARTprintf
00002df1   UARTvprintf
00002ccb   UARTwrite
20000398   WriteCommand
20000394   WriteData
200005b8   __STACK_END
00000200   __STACK_SIZE
200005b8   __STACK_TOP
00006488   __TI_CINIT_Base
00006498   __TI_CINIT_Limit
00006474   __TI_Handler_Table_Base
00006480   __TI_Handler_Table_Limit
00000001   __TI_args_main
00003a05   __TI_auto_init
200003a4   __TI_cleanup_ptr
00003f41   __TI_decompress_none
00003fa1   __TI_decompress_rle24
200003a8   __TI_dtors_ptr
00000000   __TI_static_base__
00003eff   __TI_zero_init
00003969   __aeabi_memcpy
00003969   __aeabi_memcpy4
00003969   __aeabi_memcpy8
00003c9b   __aeabi_uidivmod
ffffffff   __binit__
ffffffff   __c_args__
200003b8   __stack
00003e3d   _args_main
00003b89   _c_int00
2000039c   _lock
00003e9f   _nop
00003e97   _register_lock
00003e91   _register_unlock
200003a0   _unlock
00003c19   abort
0000463c   asc2_1608
20000244   bing1
20000258   bing2
2000026c   bing3
20000280   bing4
20000294   bing5
ffffffff   binit
00000c8d   bluecancel
000010cd   blueclick
00000bed   blueshang
00000c45   bluexia
00000b9d   blueyou
00000b45   bluezuo
00000345   clearshow
00003bd1   copy_in
200002a9   deadnumx
200002aa   deadnumy
000016d5   delay
00000209   drawline
00003c21   exit
00004c3c   gImage_bing
00004dfe   gImage_che
00004fc0   gImage_heishi
00005182   gImage_heixiang
00005344   gImage_hongshi
00005506   gImage_hongxiang
000056c8   gImage_jiang
0000588a   gImage_ma
00005a4c   gImage_pao
00003fb0   gImage_shizi
00005c0e   gImage_shuai
00005dd0   gImage_zu
00000000   g_pfnVectors
200005b8   g_ui32SysClock
20000028   heiche1
2000008c   heiche2
2000003c   heima1
200000a0   heima2
200000dc   heipao1
200000f0   heipao2
20000064   heishi1
200000c8   heishi2
20000050   heixiang1
200000b4   heixiang2
20000190   hongche1
200001f4   hongche2
200001a4   hongma1
20000208   hongma2
20000104   hongpao1
20000118   hongpao2
200001cc   hongshi1
20000230   hongshi2
200001b8   hongxiang1
2000021c   hongxiang2
00001725   identify_key
20000078   jiang
200005c8   key
200005cc   lastcolor
00001a4d   main
200003b4   main_func_sp
00003969   memcpy
20000370   offsetx
2000032c   offsety
200002ac   qz
00000e01   redcancel
000013e9   redclick
200005d0   redlastcolor
200002ab   redselect
00000d71   redshang
00000db9   redxia
00000d11   redyou
00000cbd   redzuo
00000e19   rulema
00000f71   ruleredma
200002a8   select
20000000   shiziblue
20000014   shizired
00000493   showall
00000427   showqipan
200001e0   shuai
00003301   touch_getx
00003391   touch_gety
200005d4   ui32Loop
2000012c   zu1
20000140   zu2
20000154   zu3
20000168   zu4
2000017c   zu5


GLOBAL SYMBOLS: SORTED BY Symbol Address 

address    name
--------   ----
00000000   __TI_static_base__
00000000   g_pfnVectors
00000001   __TI_args_main
00000200   __STACK_SIZE
00000209   drawline
0000026d   ShowPic
000002df   ShowShizi
00000345   clearshow
000003b5   ShowQizi
00000427   showqipan
00000493   showall
00000b45   bluezuo
00000b9d   blueyou
00000bed   blueshang
00000c45   bluexia
00000c8d   bluecancel
00000cbd   redzuo
00000d11   redyou
00000d71   redshang
00000db9   redxia
00000e01   redcancel
00000e19   rulema
00000f71   ruleredma
000010cd   blueclick
000013e9   redclick
000016d5   delay
00001725   identify_key
000019e1   SysTickIntHandler
000019fb   ConfigureUART
00001a4d   main
00001d25   InitGPIOLCDInterface
00001de3   TFTLCD_EnterSleep
00001e63   TFTLCD_ExitSleep
00001f19   TFT_400x240_OTM4001Ainit
0000271d   TFTLCD_REFRESH_GRAM
00002731   TFTLCD_SetPos
000027e9   TFTLCD_DrawPoint
0000280b   TFTLCD_ShowChar
0000289b   TFTLCD_ShowString
000028f9   TFTLCD_CLEAR
0000294d   TFTLCD_FillBlock
000029b5   TFTLCD_ShowData
00002abd   TFTLCD_DrawHorizontalLine
00002b07   TFTLCD_DrawVerticalLine
00002b51   TFTLCD_ShowPicture
00002c85   UARTStdioConfig
00002ccb   UARTwrite
00002d11   UARTgets
00002dcb   UARTgetc
00002df1   UARTvprintf
000030eb   UARTprintf
00003121   SSIinit
00003189   SoftSPIinit
000031bb   TouchInit
000031ef   SoftSPI_PutData
0000326f   SoftSPI_GetData
00003301   touch_getx
00003391   touch_gety
00003421   TOUCH_TSC2046init
00003459   TOUCH_PointAdjust
000034e3   IntGPIOb
000034f9   SysCtlClockFreqSet
000036f5   EPIGPIOinit
00003839   GPIOPadConfigSet
00003969   __aeabi_memcpy
00003969   __aeabi_memcpy4
00003969   __aeabi_memcpy8
00003969   memcpy
00003a05   __TI_auto_init
00003af9   GPIOPinConfigure
00003b89   _c_int00
00003bd1   copy_in
00003c15   C$$EXIT
00003c19   abort
00003c21   exit
00003c59   SSIConfigSetExpClk
00003c9b   __aeabi_uidivmod
00003cdd   UARTConfigSetExpClk
00003d1d   SysCtlPeripheralEnable
00003d51   SysCtlPeripheralPresent
00003d85   GPIODirModeSet
00003daf   EPIConfigHB16Set
00003dd1   SysCtlGPIOAHBEnable
00003ded   UARTDisable
00003e25   GPIOPinTypeGPIOOutput
00003e3d   _args_main
00003e55   SysTickEnable
00003e69   SysTickIntEnable
00003e7d   UARTEnable
00003e91   _register_unlock
00003e97   _register_lock
00003e9f   _nop
00003ea5   GPIOPinTypeEPI
00003eb7   GPIOPinTypeGPIOInput
00003ec9   GPIOPinTypeSSI
00003edb   GPIOPinTypeUART
00003eed   SSIDataGetNonBlocking
00003eff   __TI_zero_init
00003f11   FPUEnable
00003f21   FPULazyStackingEnable
00003f31   SysTickPeriodSet
00003f41   __TI_decompress_none
00003f4f   CPUcpsie
00003f5b   ResetISR
00003f67   IntMasterEnable
00003f71   SSIEnable
00003f7b   UARTCharGet
00003f85   UARTCharPut
00003f8f   GPIOPinRead
00003f95   GPIOPinWrite
00003f9b   SysCtlDelay
00003fa1   __TI_decompress_rle24
00003fa7   EPIAddressMapSet
00003fab   EPIModeSet
00003fb0   gImage_shizi
0000463c   asc2_1608
00004c3c   gImage_bing
00004dfe   gImage_che
00004fc0   gImage_heishi
00005182   gImage_heixiang
00005344   gImage_hongshi
00005506   gImage_hongxiang
000056c8   gImage_jiang
0000588a   gImage_ma
00005a4c   gImage_pao
00005c0e   gImage_shuai
00005dd0   gImage_zu
00006474   __TI_Handler_Table_Base
00006480   __TI_Handler_Table_Limit
00006488   __TI_CINIT_Base
00006498   __TI_CINIT_Limit
20000000   shiziblue
20000014   shizired
20000028   heiche1
2000003c   heima1
20000050   heixiang1
20000064   heishi1
20000078   jiang
2000008c   heiche2
200000a0   heima2
200000b4   heixiang2
200000c8   heishi2
200000dc   heipao1
200000f0   heipao2
20000104   hongpao1
20000118   hongpao2
2000012c   zu1
20000140   zu2
20000154   zu3
20000168   zu4
2000017c   zu5
20000190   hongche1
200001a4   hongma1
200001b8   hongxiang1
200001cc   hongshi1
200001e0   shuai
200001f4   hongche2
20000208   hongma2
2000021c   hongxiang2
20000230   hongshi2
20000244   bing1
20000258   bing2
2000026c   bing3
20000280   bing4
20000294   bing5
200002a8   select
200002a9   deadnumx
200002aa   deadnumy
200002ab   redselect
200002ac   qz
2000032c   offsety
20000370   offsetx
20000394   WriteData
20000398   WriteCommand
2000039c   _lock
200003a0   _unlock
200003a4   __TI_cleanup_ptr
200003a8   __TI_dtors_ptr
200003b4   main_func_sp
200003b8   __stack
200005b8   __STACK_END
200005b8   __STACK_TOP
200005b8   g_ui32SysClock
200005c8   key
200005cc   lastcolor
200005d0   redlastcolor
200005d4   ui32Loop
ffffffff   __binit__
ffffffff   __c_args__
ffffffff   binit
UNDEFED    SHT$$INIT_ARRAY$$Base
UNDEFED    SHT$$INIT_ARRAY$$Limit

[192 symbols]
