<?xml version="1.0"?>
<link_info>
   <banner>TI ARM Linker PC v5.1.6</banner>
   <copyright>Copyright (c) 1996-2014 Texas Instruments Incorporated</copyright>
   <link_time>0x5fe5d639</link_time>
   <link_errors>0x0</link_errors>
   <output_file>Sine_wave_TFT.out</output_file>
   <entry_point>
      <name>_c_int00</name>
      <address>0x3b89</address>
   </entry_point>
   <input_file_list>
      <input_file id="fl-2">
         <path>.\</path>
         <kind>object</kind>
         <file>Sine_wave.obj</file>
         <name>Sine_wave.obj</name>
      </input_file>
      <input_file id="fl-3">
         <path>.\</path>
         <kind>object</kind>
         <file>tm4c1294ncpdt_startup_ccs.obj</file>
         <name>tm4c1294ncpdt_startup_ccs.obj</name>
      </input_file>
      <input_file id="fl-4">
         <path>.\</path>
         <kind>object</kind>
         <file>uartstdio.obj</file>
         <name>uartstdio.obj</name>
      </input_file>
      <input_file id="fl-5">
         <path>.\TOUCHinit\</path>
         <kind>object</kind>
         <file>TOUCH_TSC2046.obj</file>
         <name>TOUCH_TSC2046.obj</name>
      </input_file>
      <input_file id="fl-6">
         <path>.\TFTinit\</path>
         <kind>object</kind>
         <file>TFT_400x240_OTM4001A_16bit.obj</file>
         <name>TFT_400x240_OTM4001A_16bit.obj</name>
      </input_file>
      <input_file id="fl-7">
         <path>.\EPIinit\</path>
         <kind>object</kind>
         <file>EPIinit.obj</file>
         <name>EPIinit.obj</name>
      </input_file>
      <input_file id="fl-136">
         <path>c:\ti\ccsv6\tools\compiler\arm_5.1.6\lib\</path>
         <kind>archive</kind>
         <file>rtsv7M4_T_le_v4SPD16_eabi.lib</file>
         <name>boot.obj</name>
      </input_file>
      <input_file id="fl-137">
         <path>c:\ti\ccsv6\tools\compiler\arm_5.1.6\lib\</path>
         <kind>archive</kind>
         <file>rtsv7M4_T_le_v4SPD16_eabi.lib</file>
         <name>copy_decompress_none.obj</name>
      </input_file>
      <input_file id="fl-138">
         <path>c:\ti\ccsv6\tools\compiler\arm_5.1.6\lib\</path>
         <kind>archive</kind>
         <file>rtsv7M4_T_le_v4SPD16_eabi.lib</file>
         <name>copy_decompress_rle.obj</name>
      </input_file>
      <input_file id="fl-139">
         <path>c:\ti\ccsv6\tools\compiler\arm_5.1.6\lib\</path>
         <kind>archive</kind>
         <file>rtsv7M4_T_le_v4SPD16_eabi.lib</file>
         <name>copy_zero_init.obj</name>
      </input_file>
      <input_file id="fl-13a">
         <path>c:\ti\ccsv6\tools\compiler\arm_5.1.6\lib\</path>
         <kind>archive</kind>
         <file>rtsv7M4_T_le_v4SPD16_eabi.lib</file>
         <name>exit.obj</name>
      </input_file>
      <input_file id="fl-13b">
         <path>c:\ti\ccsv6\tools\compiler\arm_5.1.6\lib\</path>
         <kind>archive</kind>
         <file>rtsv7M4_T_le_v4SPD16_eabi.lib</file>
         <name>memcpy_t2.obj</name>
      </input_file>
      <input_file id="fl-13c">
         <path>c:\ti\ccsv6\tools\compiler\arm_5.1.6\lib\</path>
         <kind>archive</kind>
         <file>rtsv7M4_T_le_v4SPD16_eabi.lib</file>
         <name>stkdepth_vars.obj</name>
      </input_file>
      <input_file id="fl-13d">
         <path>c:\ti\ccsv6\tools\compiler\arm_5.1.6\lib\</path>
         <kind>archive</kind>
         <file>rtsv7M4_T_le_v4SPD16_eabi.lib</file>
         <name>u_divt2.obj</name>
      </input_file>
      <input_file id="fl-13e">
         <path>c:\ti\ccsv6\tools\compiler\arm_5.1.6\lib\</path>
         <kind>archive</kind>
         <file>rtsv7M4_T_le_v4SPD16_eabi.lib</file>
         <name>_lock.obj</name>
      </input_file>
      <input_file id="fl-13f">
         <path>c:\ti\ccsv6\tools\compiler\arm_5.1.6\lib\</path>
         <kind>archive</kind>
         <file>rtsv7M4_T_le_v4SPD16_eabi.lib</file>
         <name>args_main.obj</name>
      </input_file>
      <input_file id="fl-140">
         <path>c:\ti\ccsv6\tools\compiler\arm_5.1.6\lib\</path>
         <kind>archive</kind>
         <file>rtsv7M4_T_le_v4SPD16_eabi.lib</file>
         <name>auto_init.obj</name>
      </input_file>
      <input_file id="fl-141">
         <path>c:\ti\ccsv6\tools\compiler\arm_5.1.6\lib\</path>
         <kind>archive</kind>
         <file>rtsv7M4_T_le_v4SPD16_eabi.lib</file>
         <name>cpy_tbl.obj</name>
      </input_file>
      <input_file id="fl-142">
         <path>C:\ti\TivaWare_C_Series-2.1.0.12573\driverlib\ccs\Debug\</path>
         <kind>archive</kind>
         <file>driverlib.lib</file>
         <name>uart.obj</name>
      </input_file>
      <input_file id="fl-143">
         <path>C:\ti\TivaWare_C_Series-2.1.0.12573\driverlib\ccs\Debug\</path>
         <kind>archive</kind>
         <file>driverlib.lib</file>
         <name>systick.obj</name>
      </input_file>
      <input_file id="fl-144">
         <path>C:\ti\TivaWare_C_Series-2.1.0.12573\driverlib\ccs\Debug\</path>
         <kind>archive</kind>
         <file>driverlib.lib</file>
         <name>sysctl.obj</name>
      </input_file>
      <input_file id="fl-145">
         <path>C:\ti\TivaWare_C_Series-2.1.0.12573\driverlib\ccs\Debug\</path>
         <kind>archive</kind>
         <file>driverlib.lib</file>
         <name>ssi.obj</name>
      </input_file>
      <input_file id="fl-146">
         <path>C:\ti\TivaWare_C_Series-2.1.0.12573\driverlib\ccs\Debug\</path>
         <kind>archive</kind>
         <file>driverlib.lib</file>
         <name>interrupt.obj</name>
      </input_file>
      <input_file id="fl-147">
         <path>C:\ti\TivaWare_C_Series-2.1.0.12573\driverlib\ccs\Debug\</path>
         <kind>archive</kind>
         <file>driverlib.lib</file>
         <name>gpio.obj</name>
      </input_file>
      <input_file id="fl-148">
         <path>C:\ti\TivaWare_C_Series-2.1.0.12573\driverlib\ccs\Debug\</path>
         <kind>archive</kind>
         <file>driverlib.lib</file>
         <name>fpu.obj</name>
      </input_file>
      <input_file id="fl-149">
         <path>C:\ti\TivaWare_C_Series-2.1.0.12573\driverlib\ccs\Debug\</path>
         <kind>archive</kind>
         <file>driverlib.lib</file>
         <name>epi.obj</name>
      </input_file>
      <input_file id="fl-14a">
         <path>C:\ti\TivaWare_C_Series-2.1.0.12573\driverlib\ccs\Debug\</path>
         <kind>archive</kind>
         <file>driverlib.lib</file>
         <name>cpu.obj</name>
      </input_file>
   </input_file_list>
   <object_component_list>
      <object_component id="oc-e">
         <name>.intvecs</name>
         <load_address>0x0</load_address>
         <run_address>0x0</run_address>
         <size>0x208</size>
         <input_file_ref idref="fl-3"/>
      </object_component>
      <object_component id="oc-2f">
         <name>.text</name>
         <load_address>0x208</load_address>
         <run_address>0x208</run_address>
         <size>0x1a90</size>
         <input_file_ref idref="fl-2"/>
      </object_component>
      <object_component id="oc-74">
         <name>.text</name>
         <load_address>0x1c98</load_address>
         <run_address>0x1c98</run_address>
         <size>0xfec</size>
         <input_file_ref idref="fl-6"/>
      </object_component>
      <object_component id="oc-c8">
         <name>.text</name>
         <load_address>0x2c84</load_address>
         <run_address>0x2c84</run_address>
         <size>0x49c</size>
         <input_file_ref idref="fl-4"/>
      </object_component>
      <object_component id="oc-35">
         <name>.text</name>
         <load_address>0x3120</load_address>
         <run_address>0x3120</run_address>
         <size>0x3d8</size>
         <input_file_ref idref="fl-5"/>
      </object_component>
      <object_component id="oc-dc">
         <name>.text:SysCtlClockFreqSet</name>
         <load_address>0x34f8</load_address>
         <run_address>0x34f8</run_address>
         <size>0x1fc</size>
         <input_file_ref idref="fl-144"/>
      </object_component>
      <object_component id="oc-fa">
         <name>.text</name>
         <load_address>0x36f4</load_address>
         <run_address>0x36f4</run_address>
         <size>0x144</size>
         <input_file_ref idref="fl-7"/>
      </object_component>
      <object_component id="oc-1b6">
         <name>.text:GPIOPadConfigSet</name>
         <load_address>0x3838</load_address>
         <run_address>0x3838</run_address>
         <size>0x130</size>
         <input_file_ref idref="fl-147"/>
      </object_component>
      <object_component id="oc-53">
         <name>.text</name>
         <load_address>0x3968</load_address>
         <run_address>0x3968</run_address>
         <size>0x9c</size>
         <input_file_ref idref="fl-13b"/>
      </object_component>
      <object_component id="oc-3e">
         <name>.text</name>
         <load_address>0x3a04</load_address>
         <run_address>0x3a04</run_address>
         <size>0x94</size>
         <input_file_ref idref="fl-140"/>
      </object_component>
      <object_component id="oc-66">
         <name>.text</name>
         <load_address>0x3a98</load_address>
         <run_address>0x3a98</run_address>
         <size>0x5e</size>
         <input_file_ref idref="fl-138"/>
      </object_component>
      <object_component id="oc-bc">
         <name>.text:GPIOPinConfigure</name>
         <load_address>0x3af8</load_address>
         <run_address>0x3af8</run_address>
         <size>0x48</size>
         <input_file_ref idref="fl-147"/>
      </object_component>
      <object_component id="oc-1f5">
         <name>.text:_SysCtlFrequencyGet</name>
         <load_address>0x3b40</load_address>
         <run_address>0x3b40</run_address>
         <size>0x48</size>
         <input_file_ref idref="fl-144"/>
      </object_component>
      <object_component id="oc-11">
         <name>.text</name>
         <load_address>0x3b88</load_address>
         <run_address>0x3b88</run_address>
         <size>0x48</size>
         <input_file_ref idref="fl-136"/>
      </object_component>
      <object_component id="oc-149">
         <name>.text</name>
         <load_address>0x3bd0</load_address>
         <run_address>0x3bd0</run_address>
         <size>0x44</size>
         <input_file_ref idref="fl-141"/>
      </object_component>
      <object_component id="oc-49">
         <name>.text</name>
         <load_address>0x3c14</load_address>
         <run_address>0x3c14</run_address>
         <size>0x44</size>
         <input_file_ref idref="fl-13a"/>
      </object_component>
      <object_component id="oc-120">
         <name>.text:SSIConfigSetExpClk</name>
         <load_address>0x3c58</load_address>
         <run_address>0x3c58</run_address>
         <size>0x42</size>
         <input_file_ref idref="fl-145"/>
      </object_component>
      <object_component id="oc-1e1">
         <name>.text</name>
         <load_address>0x3c9a</load_address>
         <run_address>0x3c9a</run_address>
         <size>0x42</size>
         <input_file_ref idref="fl-13d"/>
      </object_component>
      <object_component id="oc-1c3">
         <name>.text:UARTConfigSetExpClk</name>
         <load_address>0x3cdc</load_address>
         <run_address>0x3cdc</run_address>
         <size>0x40</size>
         <input_file_ref idref="fl-142"/>
      </object_component>
      <object_component id="oc-b6">
         <name>.text:SysCtlPeripheralEnable</name>
         <load_address>0x3d1c</load_address>
         <run_address>0x3d1c</run_address>
         <size>0x34</size>
         <input_file_ref idref="fl-144"/>
      </object_component>
      <object_component id="oc-1bd">
         <name>.text:SysCtlPeripheralPresent</name>
         <load_address>0x3d50</load_address>
         <run_address>0x3d50</run_address>
         <size>0x34</size>
         <input_file_ref idref="fl-144"/>
      </object_component>
      <object_component id="oc-1b0">
         <name>.text:GPIODirModeSet</name>
         <load_address>0x3d84</load_address>
         <run_address>0x3d84</run_address>
         <size>0x2a</size>
         <input_file_ref idref="fl-147"/>
      </object_component>
      <object_component id="oc-221">
         <name>.text:EPIConfigHB16Set</name>
         <load_address>0x3dae</load_address>
         <run_address>0x3dae</run_address>
         <size>0x22</size>
         <input_file_ref idref="fl-149"/>
      </object_component>
      <object_component id="oc-16f">
         <name>.text:SysCtlGPIOAHBEnable</name>
         <load_address>0x3dd0</load_address>
         <run_address>0x3dd0</run_address>
         <size>0x1c</size>
         <input_file_ref idref="fl-144"/>
      </object_component>
      <object_component id="oc-26f">
         <name>.text:UARTDisable</name>
         <load_address>0x3dec</load_address>
         <run_address>0x3dec</run_address>
         <size>0x1c</size>
         <input_file_ref idref="fl-142"/>
      </object_component>
      <object_component id="oc-1ef">
         <name>.text:_SysCtlMemTimingGet</name>
         <load_address>0x3e08</load_address>
         <run_address>0x3e08</run_address>
         <size>0x1c</size>
         <input_file_ref idref="fl-144"/>
      </object_component>
      <object_component id="oc-100">
         <name>.text:GPIOPinTypeGPIOOutput</name>
         <load_address>0x3e24</load_address>
         <run_address>0x3e24</run_address>
         <size>0x18</size>
         <input_file_ref idref="fl-147"/>
      </object_component>
      <object_component id="oc-43">
         <name>.text</name>
         <load_address>0x3e3c</load_address>
         <run_address>0x3e3c</run_address>
         <size>0x18</size>
         <input_file_ref idref="fl-13f"/>
      </object_component>
      <object_component id="oc-f4">
         <name>.text:SysTickEnable</name>
         <load_address>0x3e54</load_address>
         <run_address>0x3e54</run_address>
         <size>0x14</size>
         <input_file_ref idref="fl-143"/>
      </object_component>
      <object_component id="oc-ee">
         <name>.text:SysTickIntEnable</name>
         <load_address>0x3e68</load_address>
         <run_address>0x3e68</run_address>
         <size>0x14</size>
         <input_file_ref idref="fl-143"/>
      </object_component>
      <object_component id="oc-1c9">
         <name>.text:UARTEnable</name>
         <load_address>0x3e7c</load_address>
         <run_address>0x3e7c</run_address>
         <size>0x14</size>
         <input_file_ref idref="fl-142"/>
      </object_component>
      <object_component id="oc-242">
         <name>.text</name>
         <load_address>0x3e90</load_address>
         <run_address>0x3e90</run_address>
         <size>0x14</size>
         <input_file_ref idref="fl-13e"/>
      </object_component>
      <object_component id="oc-215">
         <name>.text:GPIOPinTypeEPI</name>
         <load_address>0x3ea4</load_address>
         <run_address>0x3ea4</run_address>
         <size>0x12</size>
         <input_file_ref idref="fl-147"/>
      </object_component>
      <object_component id="oc-132">
         <name>.text:GPIOPinTypeGPIOInput</name>
         <load_address>0x3eb6</load_address>
         <run_address>0x3eb6</run_address>
         <size>0x12</size>
         <input_file_ref idref="fl-147"/>
      </object_component>
      <object_component id="oc-11a">
         <name>.text:GPIOPinTypeSSI</name>
         <load_address>0x3ec8</load_address>
         <run_address>0x3ec8</run_address>
         <size>0x12</size>
         <input_file_ref idref="fl-147"/>
      </object_component>
      <object_component id="oc-c2">
         <name>.text:GPIOPinTypeUART</name>
         <load_address>0x3eda</load_address>
         <run_address>0x3eda</run_address>
         <size>0x12</size>
         <input_file_ref idref="fl-147"/>
      </object_component>
      <object_component id="oc-12c">
         <name>.text:SSIDataGetNonBlocking</name>
         <load_address>0x3eec</load_address>
         <run_address>0x3eec</run_address>
         <size>0x12</size>
         <input_file_ref idref="fl-145"/>
      </object_component>
      <object_component id="oc-1c">
         <name>.text:decompress:ZI</name>
         <load_address>0x3efe</load_address>
         <run_address>0x3efe</run_address>
         <size>0x12</size>
         <input_file_ref idref="fl-139"/>
      </object_component>
      <object_component id="oc-d0">
         <name>.text:FPUEnable</name>
         <load_address>0x3f10</load_address>
         <run_address>0x3f10</run_address>
         <size>0x10</size>
         <input_file_ref idref="fl-148"/>
      </object_component>
      <object_component id="oc-d6">
         <name>.text:FPULazyStackingEnable</name>
         <load_address>0x3f20</load_address>
         <run_address>0x3f20</run_address>
         <size>0x10</size>
         <input_file_ref idref="fl-148"/>
      </object_component>
      <object_component id="oc-e2">
         <name>.text:SysTickPeriodSet</name>
         <load_address>0x3f30</load_address>
         <run_address>0x3f30</run_address>
         <size>0x10</size>
         <input_file_ref idref="fl-143"/>
      </object_component>
      <object_component id="oc-16">
         <name>.text:decompress:none</name>
         <load_address>0x3f40</load_address>
         <run_address>0x3f40</run_address>
         <size>0xe</size>
         <input_file_ref idref="fl-137"/>
      </object_component>
      <object_component id="oc-20c">
         <name>.text:CPUcpsie</name>
         <load_address>0x3f4e</load_address>
         <run_address>0x3f4e</run_address>
         <size>0xc</size>
         <input_file_ref idref="fl-14a"/>
      </object_component>
      <object_component id="oc-29">
         <name>.text</name>
         <load_address>0x3f5a</load_address>
         <run_address>0x3f5a</run_address>
         <size>0xc</size>
         <input_file_ref idref="fl-3"/>
      </object_component>
      <object_component id="oc-e8">
         <name>.text:IntMasterEnable</name>
         <load_address>0x3f66</load_address>
         <run_address>0x3f66</run_address>
         <size>0xa</size>
         <input_file_ref idref="fl-146"/>
      </object_component>
      <object_component id="oc-126">
         <name>.text:SSIEnable</name>
         <load_address>0x3f70</load_address>
         <run_address>0x3f70</run_address>
         <size>0xa</size>
         <input_file_ref idref="fl-145"/>
      </object_component>
      <object_component id="oc-1d5">
         <name>.text:UARTCharGet</name>
         <load_address>0x3f7a</load_address>
         <run_address>0x3f7a</run_address>
         <size>0xa</size>
         <input_file_ref idref="fl-142"/>
      </object_component>
      <object_component id="oc-1cf">
         <name>.text:UARTCharPut</name>
         <load_address>0x3f84</load_address>
         <run_address>0x3f84</run_address>
         <size>0xa</size>
         <input_file_ref idref="fl-142"/>
      </object_component>
      <object_component id="oc-139">
         <name>.text:GPIOPinRead</name>
         <load_address>0x3f8e</load_address>
         <run_address>0x3f8e</run_address>
         <size>0x6</size>
         <input_file_ref idref="fl-147"/>
      </object_component>
      <object_component id="oc-106">
         <name>.text:GPIOPinWrite</name>
         <load_address>0x3f94</load_address>
         <run_address>0x3f94</run_address>
         <size>0x6</size>
         <input_file_ref idref="fl-147"/>
      </object_component>
      <object_component id="oc-138">
         <name>.text:SysCtlDelay</name>
         <load_address>0x3f9a</load_address>
         <run_address>0x3f9a</run_address>
         <size>0x6</size>
         <input_file_ref idref="fl-144"/>
      </object_component>
      <object_component id="oc-22">
         <name>.text:decompress:rle24</name>
         <load_address>0x3fa0</load_address>
         <run_address>0x3fa0</run_address>
         <size>0x6</size>
         <input_file_ref idref="fl-138"/>
      </object_component>
      <object_component id="oc-227">
         <name>.text:EPIAddressMapSet</name>
         <load_address>0x3fa6</load_address>
         <run_address>0x3fa6</run_address>
         <size>0x4</size>
         <input_file_ref idref="fl-149"/>
      </object_component>
      <object_component id="oc-21b">
         <name>.text:EPIModeSet</name>
         <load_address>0x3faa</load_address>
         <run_address>0x3faa</run_address>
         <size>0x4</size>
         <input_file_ref idref="fl-149"/>
      </object_component>
      <object_component id="oc-a4">
         <name>.const:.string:gImage_shizi</name>
         <load_address>0x3fb0</load_address>
         <run_address>0x3fb0</run_address>
         <size>0x68c</size>
         <input_file_ref idref="fl-2"/>
      </object_component>
      <object_component id="oc-178">
         <name>.const:asc2_1608</name>
         <load_address>0x463c</load_address>
         <run_address>0x463c</run_address>
         <size>0x600</size>
         <input_file_ref idref="fl-6"/>
      </object_component>
      <object_component id="oc-9b">
         <name>.const:.string:gImage_bing</name>
         <load_address>0x4c3c</load_address>
         <run_address>0x4c3c</run_address>
         <size>0x1c2</size>
         <input_file_ref idref="fl-2"/>
      </object_component>
      <object_component id="oc-83">
         <name>.const:.string:gImage_che</name>
         <load_address>0x4dfe</load_address>
         <run_address>0x4dfe</run_address>
         <size>0x1c2</size>
         <input_file_ref idref="fl-2"/>
      </object_component>
      <object_component id="oc-92">
         <name>.const:.string:gImage_heishi</name>
         <load_address>0x4fc0</load_address>
         <run_address>0x4fc0</run_address>
         <size>0x1c2</size>
         <input_file_ref idref="fl-2"/>
      </object_component>
      <object_component id="oc-8c">
         <name>.const:.string:gImage_heixiang</name>
         <load_address>0x5182</load_address>
         <run_address>0x5182</run_address>
         <size>0x1c2</size>
         <input_file_ref idref="fl-2"/>
      </object_component>
      <object_component id="oc-95">
         <name>.const:.string:gImage_hongshi</name>
         <load_address>0x5344</load_address>
         <run_address>0x5344</run_address>
         <size>0x1c2</size>
         <input_file_ref idref="fl-2"/>
      </object_component>
      <object_component id="oc-8f">
         <name>.const:.string:gImage_hongxiang</name>
         <load_address>0x5506</load_address>
         <run_address>0x5506</run_address>
         <size>0x1c2</size>
         <input_file_ref idref="fl-2"/>
      </object_component>
      <object_component id="oc-9e">
         <name>.const:.string:gImage_jiang</name>
         <load_address>0x56c8</load_address>
         <run_address>0x56c8</run_address>
         <size>0x1c2</size>
         <input_file_ref idref="fl-2"/>
      </object_component>
      <object_component id="oc-86">
         <name>.const:.string:gImage_ma</name>
         <load_address>0x588a</load_address>
         <run_address>0x588a</run_address>
         <size>0x1c2</size>
         <input_file_ref idref="fl-2"/>
      </object_component>
      <object_component id="oc-89">
         <name>.const:.string:gImage_pao</name>
         <load_address>0x5a4c</load_address>
         <run_address>0x5a4c</run_address>
         <size>0x1c2</size>
         <input_file_ref idref="fl-2"/>
      </object_component>
      <object_component id="oc-a1">
         <name>.const:.string:gImage_shuai</name>
         <load_address>0x5c0e</load_address>
         <run_address>0x5c0e</run_address>
         <size>0x1c2</size>
         <input_file_ref idref="fl-2"/>
      </object_component>
      <object_component id="oc-98">
         <name>.const:.string:gImage_zu</name>
         <load_address>0x5dd0</load_address>
         <run_address>0x5dd0</run_address>
         <size>0x1c2</size>
         <input_file_ref idref="fl-2"/>
      </object_component>
      <object_component id="oc-1fe">
         <name>.const:g_pppui32XTALtoVCO</name>
         <load_address>0x5f94</load_address>
         <run_address>0x5f94</run_address>
         <size>0x120</size>
         <input_file_ref idref="fl-144"/>
      </object_component>
      <object_component id="oc-1ab">
         <name>.const:g_pui32GPIOBaseAddrs</name>
         <load_address>0x60b4</load_address>
         <run_address>0x60b4</run_address>
         <size>0x90</size>
         <input_file_ref idref="fl-147"/>
      </object_component>
      <object_component id="oc-1fb">
         <name>.const:g_pui32Xtals</name>
         <load_address>0x6144</load_address>
         <run_address>0x6144</run_address>
         <size>0x6c</size>
         <input_file_ref idref="fl-144"/>
      </object_component>
      <object_component id="oc-282">
         <name>.const:g_sXTALtoMEMTIM</name>
         <load_address>0x61b0</load_address>
         <run_address>0x61b0</run_address>
         <size>0x30</size>
         <input_file_ref idref="fl-144"/>
      </object_component>
      <object_component id="oc-1db">
         <name>.const</name>
         <load_address>0x61e0</load_address>
         <run_address>0x61e0</run_address>
         <size>0x1c</size>
         <input_file_ref idref="fl-4"/>
      </object_component>
      <object_component id="oc-27a">
         <name>.const:.string</name>
         <load_address>0x61fc</load_address>
         <run_address>0x61fc</run_address>
         <size>0x12</size>
         <input_file_ref idref="fl-4"/>
      </object_component>
      <object_component id="oc-201">
         <name>.const</name>
         <load_address>0x6210</load_address>
         <run_address>0x6210</run_address>
         <size>0x8</size>
         <input_file_ref idref="fl-144"/>
      </object_component>
      <object_component id="oc-2c6">
         <name>.cinit..data.load</name>
         <load_address>0x6218</load_address>
         <run_address>0x6218</run_address>
         <size>0x25b</size>
      </object_component>
      <object_component id="oc-2c4">
         <name>__TI_handler_table</name>
         <load_address>0x6474</load_address>
         <run_address>0x6474</run_address>
         <size>0xc</size>
      </object_component>
      <object_component id="oc-2c7">
         <name>.cinit..bss.load</name>
         <load_address>0x6480</load_address>
         <run_address>0x6480</run_address>
         <size>0x8</size>
      </object_component>
      <object_component id="oc-2c5">
         <name>__TI_cinit_table</name>
         <load_address>0x6488</load_address>
         <run_address>0x6488</run_address>
         <size>0x10</size>
      </object_component>
      <object_component id="oc-4f">
         <name>.data</name>
         <load_address>0x200003b4</load_address>
         <run_address>0x200003b4</run_address>
         <size>0x4</size>
         <input_file_ref idref="fl-13c"/>
      </object_component>
      <object_component id="oc-7a">
         <name>.data:offsety</name>
         <load_address>0x2000032c</load_address>
         <run_address>0x2000032c</run_address>
         <size>0x44</size>
         <input_file_ref idref="fl-2"/>
      </object_component>
      <object_component id="oc-7d">
         <name>.data:offsetx</name>
         <load_address>0x20000370</load_address>
         <run_address>0x20000370</run_address>
         <size>0x24</size>
         <input_file_ref idref="fl-2"/>
      </object_component>
      <object_component id="oc-80">
         <name>.data</name>
         <load_address>0x20000000</load_address>
         <run_address>0x20000000</run_address>
         <size>0x2ac</size>
         <input_file_ref idref="fl-2"/>
      </object_component>
      <object_component id="oc-a7">
         <name>.data:qz</name>
         <load_address>0x200002ac</load_address>
         <run_address>0x200002ac</run_address>
         <size>0x80</size>
         <input_file_ref idref="fl-2"/>
      </object_component>
      <object_component id="oc-152">
         <name>.data</name>
         <load_address>0x2000039c</load_address>
         <run_address>0x2000039c</run_address>
         <size>0x8</size>
         <input_file_ref idref="fl-13e"/>
      </object_component>
      <object_component id="oc-155">
         <name>.data</name>
         <load_address>0x200003a4</load_address>
         <run_address>0x200003a4</run_address>
         <size>0x8</size>
         <input_file_ref idref="fl-13a"/>
      </object_component>
      <object_component id="oc-175">
         <name>.data</name>
         <load_address>0x20000394</load_address>
         <run_address>0x20000394</run_address>
         <size>0x8</size>
         <input_file_ref idref="fl-6"/>
      </object_component>
      <object_component id="oc-1de">
         <name>.data</name>
         <load_address>0x200003ac</load_address>
         <run_address>0x200003ac</run_address>
         <size>0x5</size>
         <input_file_ref idref="fl-4"/>
      </object_component>
      <object_component id="oc-b2">
         <name>.common:ii</name>
         <uninitialized>true</uninitialized>
         <run_address>0x200005c0</run_address>
         <size>0x4</size>
      </object_component>
      <object_component id="oc-b5">
         <name>.common:jj</name>
         <uninitialized>true</uninitialized>
         <run_address>0x200005c4</run_address>
         <size>0x4</size>
      </object_component>
      <object_component id="oc-10c">
         <name>.common:g_ulTickCount</name>
         <uninitialized>true</uninitialized>
         <run_address>0x200005bc</run_address>
         <size>0x4</size>
      </object_component>
      <object_component id="oc-b1">
         <name>.common:lastcolor</name>
         <uninitialized>true</uninitialized>
         <run_address>0x200005cc</run_address>
         <size>0x4</size>
      </object_component>
      <object_component id="oc-b4">
         <name>.common:redlastcolor</name>
         <uninitialized>true</uninitialized>
         <run_address>0x200005d0</run_address>
         <size>0x4</size>
      </object_component>
      <object_component id="oc-10d">
         <name>.common:g_ui32SysClock</name>
         <uninitialized>true</uninitialized>
         <run_address>0x200005b8</run_address>
         <size>0x4</size>
      </object_component>
      <object_component id="oc-cf">
         <name>.common:ui32Loop</name>
         <uninitialized>true</uninitialized>
         <run_address>0x200005d4</run_address>
         <size>0x4</size>
      </object_component>
      <object_component id="oc-10e">
         <name>.common:key</name>
         <uninitialized>true</uninitialized>
         <run_address>0x200005c8</run_address>
         <size>0x4</size>
      </object_component>
      <object_component id="oc-28">
         <name>.stack</name>
         <uninitialized>true</uninitialized>
         <run_address>0x200003b8</run_address>
         <size>0x0</size>
         <input_file_ref idref="fl-136"/>
      </object_component>
      <object_component id="oc-2c8">
         <name>.stack</name>
         <uninitialized>true</uninitialized>
         <run_address>0x200003b8</run_address>
         <size>0x0</size>
      </object_component>
      <object_component id="oc-f">
         <name>.debug_info</name>
         <load_address>0x0</load_address>
         <run_address>0x0</run_address>
         <size>0xe1</size>
         <input_file_ref idref="fl-3"/>
      </object_component>
      <object_component id="oc-14">
         <name>.debug_info</name>
         <load_address>0xe1</load_address>
         <run_address>0xe1</run_address>
         <size>0xf3</size>
         <input_file_ref idref="fl-136"/>
      </object_component>
      <object_component id="oc-17">
         <name>.debug_info</name>
         <load_address>0x1d4</load_address>
         <run_address>0x1d4</run_address>
         <size>0x194</size>
         <input_file_ref idref="fl-137"/>
      </object_component>
      <object_component id="oc-1f">
         <name>.debug_info</name>
         <load_address>0x368</load_address>
         <run_address>0x368</run_address>
         <size>0x16a</size>
         <input_file_ref idref="fl-139"/>
      </object_component>
      <object_component id="oc-26">
         <name>.debug_info</name>
         <load_address>0x4d2</load_address>
         <run_address>0x4d2</run_address>
         <size>0x18e</size>
         <input_file_ref idref="fl-138"/>
      </object_component>
      <object_component id="oc-2a">
         <name>.debug_info</name>
         <load_address>0x660</load_address>
         <run_address>0x660</run_address>
         <size>0x260</size>
         <input_file_ref idref="fl-3"/>
      </object_component>
      <object_component id="oc-30">
         <name>.debug_info</name>
         <load_address>0x8c0</load_address>
         <run_address>0x8c0</run_address>
         <size>0x1738</size>
         <input_file_ref idref="fl-2"/>
      </object_component>
      <object_component id="oc-36">
         <name>.debug_info</name>
         <load_address>0x1ff8</load_address>
         <run_address>0x1ff8</run_address>
         <size>0xafb</size>
         <input_file_ref idref="fl-5"/>
      </object_component>
      <object_component id="oc-3d">
         <name>.debug_info</name>
         <load_address>0x2af3</load_address>
         <run_address>0x2af3</run_address>
         <size>0x13e</size>
         <input_file_ref idref="fl-3"/>
      </object_component>
      <object_component id="oc-3f">
         <name>.debug_info</name>
         <load_address>0x2c31</load_address>
         <run_address>0x2c31</run_address>
         <size>0x13d</size>
         <input_file_ref idref="fl-140"/>
      </object_component>
      <object_component id="oc-44">
         <name>.debug_info</name>
         <load_address>0x2d6e</load_address>
         <run_address>0x2d6e</run_address>
         <size>0x11c</size>
         <input_file_ref idref="fl-13f"/>
      </object_component>
      <object_component id="oc-4b">
         <name>.debug_info</name>
         <load_address>0x2e8a</load_address>
         <run_address>0x2e8a</run_address>
         <size>0x1c2</size>
         <input_file_ref idref="fl-13a"/>
      </object_component>
      <object_component id="oc-50">
         <name>.debug_info</name>
         <load_address>0x304c</load_address>
         <run_address>0x304c</run_address>
         <size>0xbe</size>
         <input_file_ref idref="fl-13c"/>
      </object_component>
      <object_component id="oc-54">
         <name>.debug_info</name>
         <load_address>0x310a</load_address>
         <run_address>0x310a</run_address>
         <size>0xcc</size>
         <input_file_ref idref="fl-13b"/>
      </object_component>
      <object_component id="oc-59">
         <name>.debug_info</name>
         <load_address>0x31d6</load_address>
         <run_address>0x31d6</run_address>
         <size>0x46</size>
         <input_file_ref idref="fl-137"/>
      </object_component>
      <object_component id="oc-5e">
         <name>.debug_info</name>
         <load_address>0x321c</load_address>
         <run_address>0x321c</run_address>
         <size>0xf2</size>
         <input_file_ref idref="fl-137"/>
      </object_component>
      <object_component id="oc-60">
         <name>.debug_info</name>
         <load_address>0x330e</load_address>
         <run_address>0x330e</run_address>
         <size>0x46</size>
         <input_file_ref idref="fl-139"/>
      </object_component>
      <object_component id="oc-65">
         <name>.debug_info</name>
         <load_address>0x3354</load_address>
         <run_address>0x3354</run_address>
         <size>0xad</size>
         <input_file_ref idref="fl-139"/>
      </object_component>
      <object_component id="oc-6a">
         <name>.debug_info</name>
         <load_address>0x3401</load_address>
         <run_address>0x3401</run_address>
         <size>0x1ef</size>
         <input_file_ref idref="fl-138"/>
      </object_component>
      <object_component id="oc-6d">
         <name>.debug_info</name>
         <load_address>0x35f0</load_address>
         <run_address>0x35f0</run_address>
         <size>0xb7</size>
         <input_file_ref idref="fl-138"/>
      </object_component>
      <object_component id="oc-6e">
         <name>.debug_info</name>
         <load_address>0x36a7</load_address>
         <run_address>0x36a7</run_address>
         <size>0x39</size>
         <input_file_ref idref="fl-138"/>
      </object_component>
      <object_component id="oc-77">
         <name>.debug_info</name>
         <load_address>0x36e0</load_address>
         <run_address>0x36e0</run_address>
         <size>0x1ca1</size>
         <input_file_ref idref="fl-6"/>
      </object_component>
      <object_component id="oc-7b">
         <name>.debug_info</name>
         <load_address>0x5381</load_address>
         <run_address>0x5381</run_address>
         <size>0xc7</size>
         <input_file_ref idref="fl-2"/>
      </object_component>
      <object_component id="oc-7e">
         <name>.debug_info</name>
         <load_address>0x5448</load_address>
         <run_address>0x5448</run_address>
         <size>0xc7</size>
         <input_file_ref idref="fl-2"/>
      </object_component>
      <object_component id="oc-81">
         <name>.debug_info</name>
         <load_address>0x550f</load_address>
         <run_address>0x550f</run_address>
         <size>0x526</size>
         <input_file_ref idref="fl-2"/>
      </object_component>
      <object_component id="oc-84">
         <name>.debug_info</name>
         <load_address>0x5a35</load_address>
         <run_address>0x5a35</run_address>
         <size>0xcd</size>
         <input_file_ref idref="fl-2"/>
      </object_component>
      <object_component id="oc-87">
         <name>.debug_info</name>
         <load_address>0x5b02</load_address>
         <run_address>0x5b02</run_address>
         <size>0xcb</size>
         <input_file_ref idref="fl-2"/>
      </object_component>
      <object_component id="oc-8a">
         <name>.debug_info</name>
         <load_address>0x5bcd</load_address>
         <run_address>0x5bcd</run_address>
         <size>0xce</size>
         <input_file_ref idref="fl-2"/>
      </object_component>
      <object_component id="oc-8d">
         <name>.debug_info</name>
         <load_address>0x5c9b</load_address>
         <run_address>0x5c9b</run_address>
         <size>0xd7</size>
         <input_file_ref idref="fl-2"/>
      </object_component>
      <object_component id="oc-90">
         <name>.debug_info</name>
         <load_address>0x5d72</load_address>
         <run_address>0x5d72</run_address>
         <size>0xd9</size>
         <input_file_ref idref="fl-2"/>
      </object_component>
      <object_component id="oc-93">
         <name>.debug_info</name>
         <load_address>0x5e4b</load_address>
         <run_address>0x5e4b</run_address>
         <size>0xd3</size>
         <input_file_ref idref="fl-2"/>
      </object_component>
      <object_component id="oc-96">
         <name>.debug_info</name>
         <load_address>0x5f1e</load_address>
         <run_address>0x5f1e</run_address>
         <size>0xd5</size>
         <input_file_ref idref="fl-2"/>
      </object_component>
      <object_component id="oc-99">
         <name>.debug_info</name>
         <load_address>0x5ff3</load_address>
         <run_address>0x5ff3</run_address>
         <size>0xcb</size>
         <input_file_ref idref="fl-2"/>
      </object_component>
      <object_component id="oc-9c">
         <name>.debug_info</name>
         <load_address>0x60be</load_address>
         <run_address>0x60be</run_address>
         <size>0xcf</size>
         <input_file_ref idref="fl-2"/>
      </object_component>
      <object_component id="oc-9f">
         <name>.debug_info</name>
         <load_address>0x618d</load_address>
         <run_address>0x618d</run_address>
         <size>0xd1</size>
         <input_file_ref idref="fl-2"/>
      </object_component>
      <object_component id="oc-a2">
         <name>.debug_info</name>
         <load_address>0x625e</load_address>
         <run_address>0x625e</run_address>
         <size>0xd1</size>
         <input_file_ref idref="fl-2"/>
      </object_component>
      <object_component id="oc-a5">
         <name>.debug_info</name>
         <load_address>0x632f</load_address>
         <run_address>0x632f</run_address>
         <size>0xd2</size>
         <input_file_ref idref="fl-2"/>
      </object_component>
      <object_component id="oc-a8">
         <name>.debug_info</name>
         <load_address>0x6401</load_address>
         <run_address>0x6401</run_address>
         <size>0xbd</size>
         <input_file_ref idref="fl-2"/>
      </object_component>
      <object_component id="oc-ab">
         <name>.debug_info</name>
         <load_address>0x64be</load_address>
         <run_address>0x64be</run_address>
         <size>0x6bf</size>
         <input_file_ref idref="fl-2"/>
      </object_component>
      <object_component id="oc-b8">
         <name>.debug_info</name>
         <load_address>0x6b7d</load_address>
         <run_address>0x6b7d</run_address>
         <size>0x1e1</size>
         <input_file_ref idref="fl-144"/>
      </object_component>
      <object_component id="oc-bf">
         <name>.debug_info</name>
         <load_address>0x6d5e</load_address>
         <run_address>0x6d5e</run_address>
         <size>0x1e4</size>
         <input_file_ref idref="fl-147"/>
      </object_component>
      <object_component id="oc-c5">
         <name>.debug_info</name>
         <load_address>0x6f42</load_address>
         <run_address>0x6f42</run_address>
         <size>0x1df</size>
         <input_file_ref idref="fl-147"/>
      </object_component>
      <object_component id="oc-ca">
         <name>.debug_info</name>
         <load_address>0x7121</load_address>
         <run_address>0x7121</run_address>
         <size>0x775</size>
         <input_file_ref idref="fl-4"/>
      </object_component>
      <object_component id="oc-d2">
         <name>.debug_info</name>
         <load_address>0x7896</load_address>
         <run_address>0x7896</run_address>
         <size>0x171</size>
         <input_file_ref idref="fl-148"/>
      </object_component>
      <object_component id="oc-d8">
         <name>.debug_info</name>
         <load_address>0x7a07</load_address>
         <run_address>0x7a07</run_address>
         <size>0x189</size>
         <input_file_ref idref="fl-148"/>
      </object_component>
      <object_component id="oc-dd">
         <name>.debug_info</name>
         <load_address>0x7b90</load_address>
         <run_address>0x7b90</run_address>
         <size>0x4c5</size>
         <input_file_ref idref="fl-144"/>
      </object_component>
      <object_component id="oc-e4">
         <name>.debug_info</name>
         <load_address>0x8055</load_address>
         <run_address>0x8055</run_address>
         <size>0x1c5</size>
         <input_file_ref idref="fl-143"/>
      </object_component>
      <object_component id="oc-ea">
         <name>.debug_info</name>
         <load_address>0x821a</load_address>
         <run_address>0x821a</run_address>
         <size>0x1a2</size>
         <input_file_ref idref="fl-146"/>
      </object_component>
      <object_component id="oc-ef">
         <name>.debug_info</name>
         <load_address>0x83bc</load_address>
         <run_address>0x83bc</run_address>
         <size>0x18b</size>
         <input_file_ref idref="fl-143"/>
      </object_component>
      <object_component id="oc-f5">
         <name>.debug_info</name>
         <load_address>0x8547</load_address>
         <run_address>0x8547</run_address>
         <size>0x185</size>
         <input_file_ref idref="fl-143"/>
      </object_component>
      <object_component id="oc-fb">
         <name>.debug_info</name>
         <load_address>0x86cc</load_address>
         <run_address>0x86cc</run_address>
         <size>0x283</size>
         <input_file_ref idref="fl-7"/>
      </object_component>
      <object_component id="oc-103">
         <name>.debug_info</name>
         <load_address>0x894f</load_address>
         <run_address>0x894f</run_address>
         <size>0x1eb</size>
         <input_file_ref idref="fl-147"/>
      </object_component>
      <object_component id="oc-109">
         <name>.debug_info</name>
         <load_address>0x8b3a</load_address>
         <run_address>0x8b3a</run_address>
         <size>0x207</size>
         <input_file_ref idref="fl-147"/>
      </object_component>
      <object_component id="oc-110">
         <name>.debug_info</name>
         <load_address>0x8d41</load_address>
         <run_address>0x8d41</run_address>
         <size>0x8b</size>
         <input_file_ref idref="fl-2"/>
      </object_component>
      <object_component id="oc-115">
         <name>.debug_info</name>
         <load_address>0x8dcc</load_address>
         <run_address>0x8dcc</run_address>
         <size>0x18b</size>
         <input_file_ref idref="fl-2"/>
      </object_component>
      <object_component id="oc-11d">
         <name>.debug_info</name>
         <load_address>0x8f57</load_address>
         <run_address>0x8f57</run_address>
         <size>0x1dd</size>
         <input_file_ref idref="fl-147"/>
      </object_component>
      <object_component id="oc-121">
         <name>.debug_info</name>
         <load_address>0x9134</load_address>
         <run_address>0x9134</run_address>
         <size>0x3c2</size>
         <input_file_ref idref="fl-145"/>
      </object_component>
      <object_component id="oc-127">
         <name>.debug_info</name>
         <load_address>0x94f6</load_address>
         <run_address>0x94f6</run_address>
         <size>0x1a6</size>
         <input_file_ref idref="fl-145"/>
      </object_component>
      <object_component id="oc-12d">
         <name>.debug_info</name>
         <load_address>0x969c</load_address>
         <run_address>0x969c</run_address>
         <size>0x1fe</size>
         <input_file_ref idref="fl-145"/>
      </object_component>
      <object_component id="oc-135">
         <name>.debug_info</name>
         <load_address>0x989a</load_address>
         <run_address>0x989a</run_address>
         <size>0x1e9</size>
         <input_file_ref idref="fl-147"/>
      </object_component>
      <object_component id="oc-13c">
         <name>.debug_info</name>
         <load_address>0x9a83</load_address>
         <run_address>0x9a83</run_address>
         <size>0x1df</size>
         <input_file_ref idref="fl-147"/>
      </object_component>
      <object_component id="oc-140">
         <name>.debug_info</name>
         <load_address>0x9c62</load_address>
         <run_address>0x9c62</run_address>
         <size>0x339</size>
         <input_file_ref idref="fl-5"/>
      </object_component>
      <object_component id="oc-144">
         <name>.debug_info</name>
         <load_address>0x9f9b</load_address>
         <run_address>0x9f9b</run_address>
         <size>0x84</size>
         <input_file_ref idref="fl-3"/>
      </object_component>
      <object_component id="oc-14b">
         <name>.debug_info</name>
         <load_address>0xa01f</load_address>
         <run_address>0xa01f</run_address>
         <size>0x14b</size>
         <input_file_ref idref="fl-141"/>
      </object_component>
      <object_component id="oc-151">
         <name>.debug_info</name>
         <load_address>0xa16a</load_address>
         <run_address>0xa16a</run_address>
         <size>0x11b</size>
         <input_file_ref idref="fl-13f"/>
      </object_component>
      <object_component id="oc-153">
         <name>.debug_info</name>
         <load_address>0xa285</load_address>
         <run_address>0xa285</run_address>
         <size>0xc8</size>
         <input_file_ref idref="fl-13e"/>
      </object_component>
      <object_component id="oc-156">
         <name>.debug_info</name>
         <load_address>0xa34d</load_address>
         <run_address>0xa34d</run_address>
         <size>0xeb</size>
         <input_file_ref idref="fl-13a"/>
      </object_component>
      <object_component id="oc-159">
         <name>.debug_info</name>
         <load_address>0xa438</load_address>
         <run_address>0xa438</run_address>
         <size>0x146</size>
         <input_file_ref idref="fl-13a"/>
      </object_component>
      <object_component id="oc-15e">
         <name>.debug_info</name>
         <load_address>0xa57e</load_address>
         <run_address>0xa57e</run_address>
         <size>0x2c</size>
         <input_file_ref idref="fl-137"/>
      </object_component>
      <object_component id="oc-165">
         <name>.debug_info</name>
         <load_address>0xa5aa</load_address>
         <run_address>0xa5aa</run_address>
         <size>0x2c</size>
         <input_file_ref idref="fl-2"/>
      </object_component>
      <object_component id="oc-170">
         <name>.debug_info</name>
         <load_address>0xa5d6</load_address>
         <run_address>0xa5d6</run_address>
         <size>0x1eb</size>
         <input_file_ref idref="fl-144"/>
      </object_component>
      <object_component id="oc-176">
         <name>.debug_info</name>
         <load_address>0xa7c1</load_address>
         <run_address>0xa7c1</run_address>
         <size>0x10d</size>
         <input_file_ref idref="fl-6"/>
      </object_component>
      <object_component id="oc-179">
         <name>.debug_info</name>
         <load_address>0xa8ce</load_address>
         <run_address>0xa8ce</run_address>
         <size>0xe4</size>
         <input_file_ref idref="fl-6"/>
      </object_component>
      <object_component id="oc-17c">
         <name>.debug_info</name>
         <load_address>0xa9b2</load_address>
         <run_address>0xa9b2</run_address>
         <size>0x45e</size>
         <input_file_ref idref="fl-6"/>
      </object_component>
      <object_component id="oc-183">
         <name>.debug_info</name>
         <load_address>0xae10</load_address>
         <run_address>0xae10</run_address>
         <size>0xd4</size>
         <input_file_ref idref="fl-2"/>
      </object_component>
      <object_component id="oc-1a5">
         <name>.debug_info</name>
         <load_address>0xaee4</load_address>
         <run_address>0xaee4</run_address>
         <size>0x18b</size>
         <input_file_ref idref="fl-142"/>
      </object_component>
      <object_component id="oc-1aa">
         <name>.debug_info</name>
         <load_address>0xb06f</load_address>
         <run_address>0xb06f</run_address>
         <size>0x226</size>
         <input_file_ref idref="fl-144"/>
      </object_component>
      <object_component id="oc-1ac">
         <name>.debug_info</name>
         <load_address>0xb295</load_address>
         <run_address>0xb295</run_address>
         <size>0x10d</size>
         <input_file_ref idref="fl-147"/>
      </object_component>
      <object_component id="oc-1af">
         <name>.debug_info</name>
         <load_address>0xb3a2</load_address>
         <run_address>0xb3a2</run_address>
         <size>0x1d7</size>
         <input_file_ref idref="fl-147"/>
      </object_component>
      <object_component id="oc-1b3">
         <name>.debug_info</name>
         <load_address>0xb579</load_address>
         <run_address>0xb579</run_address>
         <size>0x217</size>
         <input_file_ref idref="fl-147"/>
      </object_component>
      <object_component id="oc-1b9">
         <name>.debug_info</name>
         <load_address>0xb790</load_address>
         <run_address>0xb790</run_address>
         <size>0x312</size>
         <input_file_ref idref="fl-147"/>
      </object_component>
      <object_component id="oc-1bf">
         <name>.debug_info</name>
         <load_address>0xbaa2</load_address>
         <run_address>0xbaa2</run_address>
         <size>0x1e7</size>
         <input_file_ref idref="fl-144"/>
      </object_component>
      <object_component id="oc-1c4">
         <name>.debug_info</name>
         <load_address>0xbc89</load_address>
         <run_address>0xbc89</run_address>
         <size>0x28a</size>
         <input_file_ref idref="fl-142"/>
      </object_component>
      <object_component id="oc-1ca">
         <name>.debug_info</name>
         <load_address>0xbf13</load_address>
         <run_address>0xbf13</run_address>
         <size>0x1ab</size>
         <input_file_ref idref="fl-142"/>
      </object_component>
      <object_component id="oc-1d0">
         <name>.debug_info</name>
         <load_address>0xc0be</load_address>
         <run_address>0xc0be</run_address>
         <size>0x25d</size>
         <input_file_ref idref="fl-142"/>
      </object_component>
      <object_component id="oc-1d6">
         <name>.debug_info</name>
         <load_address>0xc31b</load_address>
         <run_address>0xc31b</run_address>
         <size>0x237</size>
         <input_file_ref idref="fl-142"/>
      </object_component>
      <object_component id="oc-1dc">
         <name>.debug_info</name>
         <load_address>0xc552</load_address>
         <run_address>0xc552</run_address>
         <size>0x122</size>
         <input_file_ref idref="fl-4"/>
      </object_component>
      <object_component id="oc-1df">
         <name>.debug_info</name>
         <load_address>0xc674</load_address>
         <run_address>0xc674</run_address>
         <size>0xcc</size>
         <input_file_ref idref="fl-4"/>
      </object_component>
      <object_component id="oc-1e4">
         <name>.debug_info</name>
         <load_address>0xc740</load_address>
         <run_address>0xc740</run_address>
         <size>0x137</size>
         <input_file_ref idref="fl-13d"/>
      </object_component>
      <object_component id="oc-1e7">
         <name>.debug_info</name>
         <load_address>0xc877</load_address>
         <run_address>0xc877</run_address>
         <size>0x22f</size>
         <input_file_ref idref="fl-4"/>
      </object_component>
      <object_component id="oc-1e8">
         <name>.debug_info</name>
         <load_address>0xcaa6</load_address>
         <run_address>0xcaa6</run_address>
         <size>0x4e</size>
         <input_file_ref idref="fl-2"/>
      </object_component>
      <object_component id="oc-1f0">
         <name>.debug_info</name>
         <load_address>0xcaf4</load_address>
         <run_address>0xcaf4</run_address>
         <size>0x264</size>
         <input_file_ref idref="fl-144"/>
      </object_component>
      <object_component id="oc-1f6">
         <name>.debug_info</name>
         <load_address>0xcd58</load_address>
         <run_address>0xcd58</run_address>
         <size>0x21e</size>
         <input_file_ref idref="fl-144"/>
      </object_component>
      <object_component id="oc-1fc">
         <name>.debug_info</name>
         <load_address>0xcf76</load_address>
         <run_address>0xcf76</run_address>
         <size>0xff</size>
         <input_file_ref idref="fl-144"/>
      </object_component>
      <object_component id="oc-1ff">
         <name>.debug_info</name>
         <load_address>0xd075</load_address>
         <run_address>0xd075</run_address>
         <size>0x10b</size>
         <input_file_ref idref="fl-144"/>
      </object_component>
      <object_component id="oc-202">
         <name>.debug_info</name>
         <load_address>0xd180</load_address>
         <run_address>0xd180</run_address>
         <size>0x112</size>
         <input_file_ref idref="fl-144"/>
      </object_component>
      <object_component id="oc-205">
         <name>.debug_info</name>
         <load_address>0xd292</load_address>
         <run_address>0xd292</run_address>
         <size>0x90</size>
         <input_file_ref idref="fl-142"/>
      </object_component>
      <object_component id="oc-20b">
         <name>.debug_info</name>
         <load_address>0xd322</load_address>
         <run_address>0xd322</run_address>
         <size>0x144</size>
         <input_file_ref idref="fl-143"/>
      </object_component>
      <object_component id="oc-20f">
         <name>.debug_info</name>
         <load_address>0xd466</load_address>
         <run_address>0xd466</run_address>
         <size>0x176</size>
         <input_file_ref idref="fl-14a"/>
      </object_component>
      <object_component id="oc-218">
         <name>.debug_info</name>
         <load_address>0xd5dc</load_address>
         <run_address>0xd5dc</run_address>
         <size>0x1dd</size>
         <input_file_ref idref="fl-147"/>
      </object_component>
      <object_component id="oc-21d">
         <name>.debug_info</name>
         <load_address>0xd7b9</load_address>
         <run_address>0xd7b9</run_address>
         <size>0x1d8</size>
         <input_file_ref idref="fl-149"/>
      </object_component>
      <object_component id="oc-223">
         <name>.debug_info</name>
         <load_address>0xd991</load_address>
         <run_address>0xd991</run_address>
         <size>0x22c</size>
         <input_file_ref idref="fl-149"/>
      </object_component>
      <object_component id="oc-229">
         <name>.debug_info</name>
         <load_address>0xdbbd</load_address>
         <run_address>0xdbbd</run_address>
         <size>0x1e2</size>
         <input_file_ref idref="fl-149"/>
      </object_component>
      <object_component id="oc-232">
         <name>.debug_info</name>
         <load_address>0xdd9f</load_address>
         <run_address>0xdd9f</run_address>
         <size>0x1c3</size>
         <input_file_ref idref="fl-145"/>
      </object_component>
      <object_component id="oc-23a">
         <name>.debug_info</name>
         <load_address>0xdf62</load_address>
         <run_address>0xdf62</run_address>
         <size>0x148</size>
         <input_file_ref idref="fl-141"/>
      </object_component>
      <object_component id="oc-23d">
         <name>.debug_info</name>
         <load_address>0xe0aa</load_address>
         <run_address>0xe0aa</run_address>
         <size>0x5e</size>
         <input_file_ref idref="fl-13f"/>
      </object_component>
      <object_component id="oc-246">
         <name>.debug_info</name>
         <load_address>0xe108</load_address>
         <run_address>0xe108</run_address>
         <size>0x1d4</size>
         <input_file_ref idref="fl-13e"/>
      </object_component>
      <object_component id="oc-24a">
         <name>.debug_info</name>
         <load_address>0xe2dc</load_address>
         <run_address>0xe2dc</run_address>
         <size>0xd9</size>
         <input_file_ref idref="fl-13e"/>
      </object_component>
      <object_component id="oc-253">
         <name>.debug_info</name>
         <load_address>0xe3b5</load_address>
         <run_address>0xe3b5</run_address>
         <size>0x47</size>
         <input_file_ref idref="fl-6"/>
      </object_component>
      <object_component id="oc-25c">
         <name>.debug_info</name>
         <load_address>0xe3fc</load_address>
         <run_address>0xe3fc</run_address>
         <size>0x6bd</size>
         <input_file_ref idref="fl-6"/>
      </object_component>
      <object_component id="oc-263">
         <name>.debug_info</name>
         <load_address>0xeab9</load_address>
         <run_address>0xeab9</run_address>
         <size>0x5f</size>
         <input_file_ref idref="fl-144"/>
      </object_component>
      <object_component id="oc-270">
         <name>.debug_info</name>
         <load_address>0xeb18</load_address>
         <run_address>0xeb18</run_address>
         <size>0x233</size>
         <input_file_ref idref="fl-142"/>
      </object_component>
      <object_component id="oc-276">
         <name>.debug_info</name>
         <load_address>0xed4b</load_address>
         <run_address>0xed4b</run_address>
         <size>0x1ce</size>
         <input_file_ref idref="fl-142"/>
      </object_component>
      <object_component id="oc-283">
         <name>.debug_info</name>
         <load_address>0xef19</load_address>
         <run_address>0xef19</run_address>
         <size>0x105</size>
         <input_file_ref idref="fl-144"/>
      </object_component>
      <object_component id="oc-292">
         <name>.debug_info</name>
         <load_address>0xf01e</load_address>
         <run_address>0xf01e</run_address>
         <size>0x1a6</size>
         <input_file_ref idref="fl-149"/>
      </object_component>
      <object_component id="oc-299">
         <name>.debug_info</name>
         <load_address>0xf1c4</load_address>
         <run_address>0xf1c4</run_address>
         <size>0xcd</size>
         <input_file_ref idref="fl-141"/>
      </object_component>
      <object_component id="oc-2c9">
         <name>.debug_info</name>
         <load_address>0xf291</load_address>
         <run_address>0xf291</run_address>
         <size>0x9a</size>
      </object_component>
      <object_component id="oc-10">
         <name>.debug_pubnames</name>
         <load_address>0x0</load_address>
         <run_address>0x0</run_address>
         <size>0x23</size>
         <input_file_ref idref="fl-3"/>
      </object_component>
      <object_component id="oc-15">
         <name>.debug_pubnames</name>
         <load_address>0x23</load_address>
         <run_address>0x23</run_address>
         <size>0x1f</size>
         <input_file_ref idref="fl-136"/>
      </object_component>
      <object_component id="oc-19">
         <name>.debug_pubnames</name>
         <load_address>0x42</load_address>
         <run_address>0x42</run_address>
         <size>0x2b</size>
         <input_file_ref idref="fl-137"/>
      </object_component>
      <object_component id="oc-20">
         <name>.debug_pubnames</name>
         <load_address>0x6d</load_address>
         <run_address>0x6d</run_address>
         <size>0x25</size>
         <input_file_ref idref="fl-139"/>
      </object_component>
      <object_component id="oc-27">
         <name>.debug_pubnames</name>
         <load_address>0x92</load_address>
         <run_address>0x92</run_address>
         <size>0x2c</size>
         <input_file_ref idref="fl-138"/>
      </object_component>
      <object_component id="oc-2b">
         <name>.debug_pubnames</name>
         <load_address>0xbe</load_address>
         <run_address>0xbe</run_address>
         <size>0x4c</size>
         <input_file_ref idref="fl-3"/>
      </object_component>
      <object_component id="oc-32">
         <name>.debug_pubnames</name>
         <load_address>0x10a</load_address>
         <run_address>0x10a</run_address>
         <size>0x16b</size>
         <input_file_ref idref="fl-2"/>
      </object_component>
      <object_component id="oc-38">
         <name>.debug_pubnames</name>
         <load_address>0x275</load_address>
         <run_address>0x275</run_address>
         <size>0xbb</size>
         <input_file_ref idref="fl-5"/>
      </object_component>
      <object_component id="oc-41">
         <name>.debug_pubnames</name>
         <load_address>0x330</load_address>
         <run_address>0x330</run_address>
         <size>0x37</size>
         <input_file_ref idref="fl-140"/>
      </object_component>
      <object_component id="oc-45">
         <name>.debug_pubnames</name>
         <load_address>0x367</load_address>
         <run_address>0x367</run_address>
         <size>0x21</size>
         <input_file_ref idref="fl-13f"/>
      </object_component>
      <object_component id="oc-4c">
         <name>.debug_pubnames</name>
         <load_address>0x388</load_address>
         <run_address>0x388</run_address>
         <size>0x35</size>
         <input_file_ref idref="fl-13a"/>
      </object_component>
      <object_component id="oc-51">
         <name>.debug_pubnames</name>
         <load_address>0x3bd</load_address>
         <run_address>0x3bd</run_address>
         <size>0x23</size>
         <input_file_ref idref="fl-13c"/>
      </object_component>
      <object_component id="oc-56">
         <name>.debug_pubnames</name>
         <load_address>0x3e0</load_address>
         <run_address>0x3e0</run_address>
         <size>0x1d</size>
         <input_file_ref idref="fl-13b"/>
      </object_component>
      <object_component id="oc-6b">
         <name>.debug_pubnames</name>
         <load_address>0x3fd</load_address>
         <run_address>0x3fd</run_address>
         <size>0x2f</size>
         <input_file_ref idref="fl-138"/>
      </object_component>
      <object_component id="oc-78">
         <name>.debug_pubnames</name>
         <load_address>0x42c</load_address>
         <run_address>0x42c</run_address>
         <size>0x18e</size>
         <input_file_ref idref="fl-6"/>
      </object_component>
      <object_component id="oc-7c">
         <name>.debug_pubnames</name>
         <load_address>0x5ba</load_address>
         <run_address>0x5ba</run_address>
         <size>0x1e</size>
         <input_file_ref idref="fl-2"/>
      </object_component>
      <object_component id="oc-7f">
         <name>.debug_pubnames</name>
         <load_address>0x5d8</load_address>
         <run_address>0x5d8</run_address>
         <size>0x1e</size>
         <input_file_ref idref="fl-2"/>
      </object_component>
      <object_component id="oc-82">
         <name>.debug_pubnames</name>
         <load_address>0x5f6</load_address>
         <run_address>0x5f6</run_address>
         <size>0x1cc</size>
         <input_file_ref idref="fl-2"/>
      </object_component>
      <object_component id="oc-85">
         <name>.debug_pubnames</name>
         <load_address>0x7c2</load_address>
         <run_address>0x7c2</run_address>
         <size>0x21</size>
         <input_file_ref idref="fl-2"/>
      </object_component>
      <object_component id="oc-88">
         <name>.debug_pubnames</name>
         <load_address>0x7e3</load_address>
         <run_address>0x7e3</run_address>
         <size>0x20</size>
         <input_file_ref idref="fl-2"/>
      </object_component>
      <object_component id="oc-8b">
         <name>.debug_pubnames</name>
         <load_address>0x803</load_address>
         <run_address>0x803</run_address>
         <size>0x21</size>
         <input_file_ref idref="fl-2"/>
      </object_component>
      <object_component id="oc-8e">
         <name>.debug_pubnames</name>
         <load_address>0x824</load_address>
         <run_address>0x824</run_address>
         <size>0x26</size>
         <input_file_ref idref="fl-2"/>
      </object_component>
      <object_component id="oc-91">
         <name>.debug_pubnames</name>
         <load_address>0x84a</load_address>
         <run_address>0x84a</run_address>
         <size>0x27</size>
         <input_file_ref idref="fl-2"/>
      </object_component>
      <object_component id="oc-94">
         <name>.debug_pubnames</name>
         <load_address>0x871</load_address>
         <run_address>0x871</run_address>
         <size>0x24</size>
         <input_file_ref idref="fl-2"/>
      </object_component>
      <object_component id="oc-97">
         <name>.debug_pubnames</name>
         <load_address>0x895</load_address>
         <run_address>0x895</run_address>
         <size>0x25</size>
         <input_file_ref idref="fl-2"/>
      </object_component>
      <object_component id="oc-9a">
         <name>.debug_pubnames</name>
         <load_address>0x8ba</load_address>
         <run_address>0x8ba</run_address>
         <size>0x20</size>
         <input_file_ref idref="fl-2"/>
      </object_component>
      <object_component id="oc-9d">
         <name>.debug_pubnames</name>
         <load_address>0x8da</load_address>
         <run_address>0x8da</run_address>
         <size>0x22</size>
         <input_file_ref idref="fl-2"/>
      </object_component>
      <object_component id="oc-a0">
         <name>.debug_pubnames</name>
         <load_address>0x8fc</load_address>
         <run_address>0x8fc</run_address>
         <size>0x23</size>
         <input_file_ref idref="fl-2"/>
      </object_component>
      <object_component id="oc-a3">
         <name>.debug_pubnames</name>
         <load_address>0x91f</load_address>
         <run_address>0x91f</run_address>
         <size>0x23</size>
         <input_file_ref idref="fl-2"/>
      </object_component>
      <object_component id="oc-a6">
         <name>.debug_pubnames</name>
         <load_address>0x942</load_address>
         <run_address>0x942</run_address>
         <size>0x23</size>
         <input_file_ref idref="fl-2"/>
      </object_component>
      <object_component id="oc-a9">
         <name>.debug_pubnames</name>
         <load_address>0x965</load_address>
         <run_address>0x965</run_address>
         <size>0x19</size>
         <input_file_ref idref="fl-2"/>
      </object_component>
      <object_component id="oc-ac">
         <name>.debug_pubnames</name>
         <load_address>0x97e</load_address>
         <run_address>0x97e</run_address>
         <size>0x79</size>
         <input_file_ref idref="fl-2"/>
      </object_component>
      <object_component id="oc-b9">
         <name>.debug_pubnames</name>
         <load_address>0x9f7</load_address>
         <run_address>0x9f7</run_address>
         <size>0x2d</size>
         <input_file_ref idref="fl-144"/>
      </object_component>
      <object_component id="oc-c1">
         <name>.debug_pubnames</name>
         <load_address>0xa24</load_address>
         <run_address>0xa24</run_address>
         <size>0x27</size>
         <input_file_ref idref="fl-147"/>
      </object_component>
      <object_component id="oc-c7">
         <name>.debug_pubnames</name>
         <load_address>0xa4b</load_address>
         <run_address>0xa4b</run_address>
         <size>0x26</size>
         <input_file_ref idref="fl-147"/>
      </object_component>
      <object_component id="oc-cc">
         <name>.debug_pubnames</name>
         <load_address>0xa71</load_address>
         <run_address>0xa71</run_address>
         <size>0x6d</size>
         <input_file_ref idref="fl-4"/>
      </object_component>
      <object_component id="oc-d3">
         <name>.debug_pubnames</name>
         <load_address>0xade</load_address>
         <run_address>0xade</run_address>
         <size>0x20</size>
         <input_file_ref idref="fl-148"/>
      </object_component>
      <object_component id="oc-da">
         <name>.debug_pubnames</name>
         <load_address>0xafe</load_address>
         <run_address>0xafe</run_address>
         <size>0x2c</size>
         <input_file_ref idref="fl-148"/>
      </object_component>
      <object_component id="oc-df">
         <name>.debug_pubnames</name>
         <load_address>0xb2a</load_address>
         <run_address>0xb2a</run_address>
         <size>0x29</size>
         <input_file_ref idref="fl-144"/>
      </object_component>
      <object_component id="oc-e6">
         <name>.debug_pubnames</name>
         <load_address>0xb53</load_address>
         <run_address>0xb53</run_address>
         <size>0x27</size>
         <input_file_ref idref="fl-143"/>
      </object_component>
      <object_component id="oc-ec">
         <name>.debug_pubnames</name>
         <load_address>0xb7a</load_address>
         <run_address>0xb7a</run_address>
         <size>0x26</size>
         <input_file_ref idref="fl-146"/>
      </object_component>
      <object_component id="oc-f0">
         <name>.debug_pubnames</name>
         <load_address>0xba0</load_address>
         <run_address>0xba0</run_address>
         <size>0x27</size>
         <input_file_ref idref="fl-143"/>
      </object_component>
      <object_component id="oc-f6">
         <name>.debug_pubnames</name>
         <load_address>0xbc7</load_address>
         <run_address>0xbc7</run_address>
         <size>0x24</size>
         <input_file_ref idref="fl-143"/>
      </object_component>
      <object_component id="oc-fd">
         <name>.debug_pubnames</name>
         <load_address>0xbeb</load_address>
         <run_address>0xbeb</run_address>
         <size>0x22</size>
         <input_file_ref idref="fl-7"/>
      </object_component>
      <object_component id="oc-105">
         <name>.debug_pubnames</name>
         <load_address>0xc0d</load_address>
         <run_address>0xc0d</run_address>
         <size>0x2c</size>
         <input_file_ref idref="fl-147"/>
      </object_component>
      <object_component id="oc-10b">
         <name>.debug_pubnames</name>
         <load_address>0xc39</load_address>
         <run_address>0xc39</run_address>
         <size>0x23</size>
         <input_file_ref idref="fl-147"/>
      </object_component>
      <object_component id="oc-11f">
         <name>.debug_pubnames</name>
         <load_address>0xc5c</load_address>
         <run_address>0xc5c</run_address>
         <size>0x25</size>
         <input_file_ref idref="fl-147"/>
      </object_component>
      <object_component id="oc-123">
         <name>.debug_pubnames</name>
         <load_address>0xc81</load_address>
         <run_address>0xc81</run_address>
         <size>0x29</size>
         <input_file_ref idref="fl-145"/>
      </object_component>
      <object_component id="oc-129">
         <name>.debug_pubnames</name>
         <load_address>0xcaa</load_address>
         <run_address>0xcaa</run_address>
         <size>0x20</size>
         <input_file_ref idref="fl-145"/>
      </object_component>
      <object_component id="oc-12f">
         <name>.debug_pubnames</name>
         <load_address>0xcca</load_address>
         <run_address>0xcca</run_address>
         <size>0x2c</size>
         <input_file_ref idref="fl-145"/>
      </object_component>
      <object_component id="oc-137">
         <name>.debug_pubnames</name>
         <load_address>0xcf6</load_address>
         <run_address>0xcf6</run_address>
         <size>0x2b</size>
         <input_file_ref idref="fl-147"/>
      </object_component>
      <object_component id="oc-13e">
         <name>.debug_pubnames</name>
         <load_address>0xd21</load_address>
         <run_address>0xd21</run_address>
         <size>0x22</size>
         <input_file_ref idref="fl-147"/>
      </object_component>
      <object_component id="oc-141">
         <name>.debug_pubnames</name>
         <load_address>0xd43</load_address>
         <run_address>0xd43</run_address>
         <size>0x1e</size>
         <input_file_ref idref="fl-5"/>
      </object_component>
      <object_component id="oc-14c">
         <name>.debug_pubnames</name>
         <load_address>0xd61</load_address>
         <run_address>0xd61</run_address>
         <size>0x1e</size>
         <input_file_ref idref="fl-141"/>
      </object_component>
      <object_component id="oc-154">
         <name>.debug_pubnames</name>
         <load_address>0xd7f</load_address>
         <run_address>0xd7f</run_address>
         <size>0x28</size>
         <input_file_ref idref="fl-13e"/>
      </object_component>
      <object_component id="oc-157">
         <name>.debug_pubnames</name>
         <load_address>0xda7</load_address>
         <run_address>0xda7</run_address>
         <size>0x3a</size>
         <input_file_ref idref="fl-13a"/>
      </object_component>
      <object_component id="oc-172">
         <name>.debug_pubnames</name>
         <load_address>0xde1</load_address>
         <run_address>0xde1</run_address>
         <size>0x2a</size>
         <input_file_ref idref="fl-144"/>
      </object_component>
      <object_component id="oc-177">
         <name>.debug_pubnames</name>
         <load_address>0xe0b</load_address>
         <run_address>0xe0b</run_address>
         <size>0x31</size>
         <input_file_ref idref="fl-6"/>
      </object_component>
      <object_component id="oc-17a">
         <name>.debug_pubnames</name>
         <load_address>0xe3c</load_address>
         <run_address>0xe3c</run_address>
         <size>0x20</size>
         <input_file_ref idref="fl-6"/>
      </object_component>
      <object_component id="oc-1ad">
         <name>.debug_pubnames</name>
         <load_address>0xe5c</load_address>
         <run_address>0xe5c</run_address>
         <size>0x2b</size>
         <input_file_ref idref="fl-147"/>
      </object_component>
      <object_component id="oc-1b5">
         <name>.debug_pubnames</name>
         <load_address>0xe87</load_address>
         <run_address>0xe87</run_address>
         <size>0x25</size>
         <input_file_ref idref="fl-147"/>
      </object_component>
      <object_component id="oc-1bb">
         <name>.debug_pubnames</name>
         <load_address>0xeac</load_address>
         <run_address>0xeac</run_address>
         <size>0x27</size>
         <input_file_ref idref="fl-147"/>
      </object_component>
      <object_component id="oc-1c0">
         <name>.debug_pubnames</name>
         <load_address>0xed3</load_address>
         <run_address>0xed3</run_address>
         <size>0x2e</size>
         <input_file_ref idref="fl-144"/>
      </object_component>
      <object_component id="oc-1c6">
         <name>.debug_pubnames</name>
         <load_address>0xf01</load_address>
         <run_address>0xf01</run_address>
         <size>0x2a</size>
         <input_file_ref idref="fl-142"/>
      </object_component>
      <object_component id="oc-1cc">
         <name>.debug_pubnames</name>
         <load_address>0xf2b</load_address>
         <run_address>0xf2b</run_address>
         <size>0x21</size>
         <input_file_ref idref="fl-142"/>
      </object_component>
      <object_component id="oc-1d2">
         <name>.debug_pubnames</name>
         <load_address>0xf4c</load_address>
         <run_address>0xf4c</run_address>
         <size>0x22</size>
         <input_file_ref idref="fl-142"/>
      </object_component>
      <object_component id="oc-1d8">
         <name>.debug_pubnames</name>
         <load_address>0xf6e</load_address>
         <run_address>0xf6e</run_address>
         <size>0x22</size>
         <input_file_ref idref="fl-142"/>
      </object_component>
      <object_component id="oc-1dd">
         <name>.debug_pubnames</name>
         <load_address>0xf90</load_address>
[...]
         <name>hongpao2</name>
         <value>0x20000118</value>
         <object_component_ref idref="oc-80"/>
      </symbol>
      <symbol id="sm-2a5">
         <name>blueyou</name>
         <value>0xb9d</value>
         <object_component_ref idref="oc-2f"/>
      </symbol>
      <symbol id="sm-2a6">
         <name>ShowShizi</name>
         <value>0x2df</value>
         <object_component_ref idref="oc-2f"/>
      </symbol>
      <symbol id="sm-2a7">
         <name>ShowQizi</name>
         <value>0x3b5</value>
         <object_component_ref idref="oc-2f"/>
      </symbol>
      <symbol id="sm-2a8">
         <name>zu5</name>
         <value>0x2000017c</value>
         <object_component_ref idref="oc-80"/>
      </symbol>
      <symbol id="sm-2a9">
         <name>zu4</name>
         <value>0x20000168</value>
         <object_component_ref idref="oc-80"/>
      </symbol>
      <symbol id="sm-2aa">
         <name>zu3</name>
         <value>0x20000154</value>
         <object_component_ref idref="oc-80"/>
      </symbol>
      <symbol id="sm-2ab">
         <name>zu2</name>
         <value>0x20000140</value>
         <object_component_ref idref="oc-80"/>
      </symbol>
      <symbol id="sm-2ac">
         <name>zu1</name>
         <value>0x2000012c</value>
         <object_component_ref idref="oc-80"/>
      </symbol>
      <symbol id="sm-2ad">
         <name>ruleredma</name>
         <value>0xf71</value>
         <object_component_ref idref="oc-2f"/>
      </symbol>
      <symbol id="sm-2ae">
         <name>heipao1</name>
         <value>0x200000dc</value>
         <object_component_ref idref="oc-80"/>
      </symbol>
      <symbol id="sm-2af">
         <name>heipao2</name>
         <value>0x200000f0</value>
         <object_component_ref idref="oc-80"/>
      </symbol>
      <symbol id="sm-2b0">
         <name>gImage_hongxiang</name>
         <value>0x5506</value>
         <object_component_ref idref="oc-8f"/>
      </symbol>
      <symbol id="sm-2b1">
         <name>hongshi1</name>
         <value>0x200001cc</value>
         <object_component_ref idref="oc-80"/>
      </symbol>
      <symbol id="sm-2b2">
         <name>hongshi2</name>
         <value>0x20000230</value>
         <object_component_ref idref="oc-80"/>
      </symbol>
      <symbol id="sm-2b3">
         <name>bing1</name>
         <value>0x20000244</value>
         <object_component_ref idref="oc-80"/>
      </symbol>
      <symbol id="sm-2b4">
         <name>bing3</name>
         <value>0x2000026c</value>
         <object_component_ref idref="oc-80"/>
      </symbol>
      <symbol id="sm-2b5">
         <name>bing2</name>
         <value>0x20000258</value>
         <object_component_ref idref="oc-80"/>
      </symbol>
      <symbol id="sm-2b6">
         <name>bing5</name>
         <value>0x20000294</value>
         <object_component_ref idref="oc-80"/>
      </symbol>
      <symbol id="sm-2b7">
         <name>bing4</name>
         <value>0x20000280</value>
         <object_component_ref idref="oc-80"/>
      </symbol>
      <symbol id="sm-2b8">
         <name>offsety</name>
         <value>0x2000032c</value>
         <object_component_ref idref="oc-7a"/>
      </symbol>
      <symbol id="sm-2b9">
         <name>offsetx</name>
         <value>0x20000370</value>
         <object_component_ref idref="oc-7d"/>
      </symbol>
      <symbol id="sm-2ba">
         <name>bluexia</name>
         <value>0xc45</value>
         <object_component_ref idref="oc-2f"/>
      </symbol>
      <symbol id="sm-2bb">
         <name>hongma1</name>
         <value>0x200001a4</value>
         <object_component_ref idref="oc-80"/>
      </symbol>
      <symbol id="sm-2bc">
         <name>hongma2</name>
         <value>0x20000208</value>
         <object_component_ref idref="oc-80"/>
      </symbol>
      <symbol id="sm-2bd">
         <name>gImage_heixiang</name>
         <value>0x5182</value>
         <object_component_ref idref="oc-8c"/>
      </symbol>
      <symbol id="sm-2de">
         <name>ResetISR</name>
         <value>0x3f5b</value>
         <object_component_ref idref="oc-29"/>
      </symbol>
      <symbol id="sm-2df">
         <name>g_pfnVectors</name>
         <value>0x0</value>
         <object_component_ref idref="oc-e"/>
      </symbol>
      <symbol id="sm-344">
         <name>UARTgetc</name>
         <value>0x2dcb</value>
         <object_component_ref idref="oc-c8"/>
      </symbol>
      <symbol id="sm-345">
         <name>UARTgets</name>
         <value>0x2d11</value>
         <object_component_ref idref="oc-c8"/>
      </symbol>
      <symbol id="sm-346">
         <name>UARTStdioConfig</name>
         <value>0x2c85</value>
         <object_component_ref idref="oc-c8"/>
      </symbol>
      <symbol id="sm-347">
         <name>UARTwrite</name>
         <value>0x2ccb</value>
         <object_component_ref idref="oc-c8"/>
      </symbol>
      <symbol id="sm-348">
         <name>UARTprintf</name>
         <value>0x30eb</value>
         <object_component_ref idref="oc-c8"/>
      </symbol>
      <symbol id="sm-349">
         <name>UARTvprintf</name>
         <value>0x2df1</value>
         <object_component_ref idref="oc-c8"/>
      </symbol>
      <symbol id="sm-37e">
         <name>SoftSPI_GetData</name>
         <value>0x326f</value>
         <object_component_ref idref="oc-35"/>
      </symbol>
      <symbol id="sm-37f">
         <name>SSIinit</name>
         <value>0x3121</value>
         <object_component_ref idref="oc-35"/>
      </symbol>
      <symbol id="sm-380">
         <name>SoftSPIinit</name>
         <value>0x3189</value>
         <object_component_ref idref="oc-35"/>
      </symbol>
      <symbol id="sm-381">
         <name>TOUCH_TSC2046init</name>
         <value>0x3421</value>
         <object_component_ref idref="oc-35"/>
      </symbol>
      <symbol id="sm-382">
         <name>TouchInit</name>
         <value>0x31bb</value>
         <object_component_ref idref="oc-35"/>
      </symbol>
      <symbol id="sm-383">
         <name>SoftSPI_PutData</name>
         <value>0x31ef</value>
         <object_component_ref idref="oc-35"/>
      </symbol>
      <symbol id="sm-384">
         <name>touch_getx</name>
         <value>0x3301</value>
         <object_component_ref idref="oc-35"/>
      </symbol>
      <symbol id="sm-385">
         <name>touch_gety</name>
         <value>0x3391</value>
         <object_component_ref idref="oc-35"/>
      </symbol>
      <symbol id="sm-386">
         <name>IntGPIOb</name>
         <value>0x34e3</value>
         <object_component_ref idref="oc-35"/>
      </symbol>
      <symbol id="sm-387">
         <name>TOUCH_PointAdjust</name>
         <value>0x3459</value>
         <object_component_ref idref="oc-35"/>
      </symbol>
      <symbol id="sm-41d">
         <name>TFTLCD_ShowPicture</name>
         <value>0x2b51</value>
         <object_component_ref idref="oc-74"/>
      </symbol>
      <symbol id="sm-41e">
         <name>asc2_1608</name>
         <value>0x463c</value>
         <object_component_ref idref="oc-178"/>
      </symbol>
      <symbol id="sm-41f">
         <name>TFTLCD_ExitSleep</name>
         <value>0x1e63</value>
         <object_component_ref idref="oc-74"/>
      </symbol>
      <symbol id="sm-420">
         <name>WriteData</name>
         <value>0x20000394</value>
         <object_component_ref idref="oc-175"/>
      </symbol>
      <symbol id="sm-421">
         <name>TFTLCD_DrawVerticalLine</name>
         <value>0x2b07</value>
         <object_component_ref idref="oc-74"/>
      </symbol>
      <symbol id="sm-422">
         <name>TFTLCD_ShowData</name>
         <value>0x29b5</value>
         <object_component_ref idref="oc-74"/>
      </symbol>
      <symbol id="sm-423">
         <name>TFTLCD_DrawHorizontalLine</name>
         <value>0x2abd</value>
         <object_component_ref idref="oc-74"/>
      </symbol>
      <symbol id="sm-424">
         <name>TFTLCD_ShowString</name>
         <value>0x289b</value>
         <object_component_ref idref="oc-74"/>
      </symbol>
      <symbol id="sm-425">
         <name>TFTLCD_REFRESH_GRAM</name>
         <value>0x271d</value>
         <object_component_ref idref="oc-74"/>
      </symbol>
      <symbol id="sm-426">
         <name>TFTLCD_CLEAR</name>
         <value>0x28f9</value>
         <object_component_ref idref="oc-74"/>
      </symbol>
      <symbol id="sm-427">
         <name>TFTLCD_SetPos</name>
         <value>0x2731</value>
         <object_component_ref idref="oc-74"/>
      </symbol>
      <symbol id="sm-428">
         <name>TFTLCD_EnterSleep</name>
         <value>0x1de3</value>
         <object_component_ref idref="oc-74"/>
      </symbol>
      <symbol id="sm-429">
         <name>InitGPIOLCDInterface</name>
         <value>0x1d25</value>
         <object_component_ref idref="oc-74"/>
      </symbol>
      <symbol id="sm-42a">
         <name>TFTLCD_FillBlock</name>
         <value>0x294d</value>
         <object_component_ref idref="oc-74"/>
      </symbol>
      <symbol id="sm-42b">
         <name>TFTLCD_ShowChar</name>
         <value>0x280b</value>
         <object_component_ref idref="oc-74"/>
      </symbol>
      <symbol id="sm-42c">
         <name>WriteCommand</name>
         <value>0x20000398</value>
         <object_component_ref idref="oc-175"/>
      </symbol>
      <symbol id="sm-42d">
         <name>TFTLCD_DrawPoint</name>
         <value>0x27e9</value>
         <object_component_ref idref="oc-74"/>
      </symbol>
      <symbol id="sm-42e">
         <name>TFT_400x240_OTM4001Ainit</name>
         <value>0x1f19</value>
         <object_component_ref idref="oc-74"/>
      </symbol>
      <symbol id="sm-44a">
         <name>EPIGPIOinit</name>
         <value>0x36f5</value>
         <object_component_ref idref="oc-fa"/>
      </symbol>
      <symbol id="sm-45a">
         <name>_c_int00</name>
         <value>0x3b89</value>
         <object_component_ref idref="oc-11"/>
      </symbol>
      <symbol id="sm-45b">
         <name>__stack</name>
         <value>0x200003b8</value>
         <object_component_ref idref="oc-28"/>
      </symbol>
      <symbol id="sm-472">
         <name>__TI_decompress_none</name>
         <value>0x3f41</value>
         <object_component_ref idref="oc-16"/>
      </symbol>
      <symbol id="sm-496">
         <name>__TI_decompress_rle24</name>
         <value>0x3fa1</value>
         <object_component_ref idref="oc-22"/>
      </symbol>
      <symbol id="sm-4aa">
         <name>__TI_zero_init</name>
         <value>0x3eff</value>
         <object_component_ref idref="oc-1c"/>
      </symbol>
      <symbol id="sm-4c9">
         <name>C$$EXIT</name>
         <value>0x3c15</value>
         <object_component_ref idref="oc-49"/>
      </symbol>
      <symbol id="sm-4ca">
         <name>abort</name>
         <value>0x3c19</value>
         <object_component_ref idref="oc-49"/>
      </symbol>
      <symbol id="sm-4cb">
         <name>exit</name>
         <value>0x3c21</value>
         <object_component_ref idref="oc-49"/>
      </symbol>
      <symbol id="sm-4cc">
         <name>__TI_dtors_ptr</name>
         <value>0x200003a8</value>
         <object_component_ref idref="oc-155"/>
      </symbol>
      <symbol id="sm-4cd">
         <name>__TI_cleanup_ptr</name>
         <value>0x200003a4</value>
         <object_component_ref idref="oc-155"/>
      </symbol>
      <symbol id="sm-4e8">
         <name>memcpy</name>
         <value>0x3969</value>
         <object_component_ref idref="oc-53"/>
      </symbol>
      <symbol id="sm-4e9">
         <name>__aeabi_memcpy</name>
         <value>0x3969</value>
         <object_component_ref idref="oc-53"/>
      </symbol>
      <symbol id="sm-4ea">
         <name>__aeabi_memcpy8</name>
         <value>0x3969</value>
         <object_component_ref idref="oc-53"/>
      </symbol>
      <symbol id="sm-4eb">
         <name>__aeabi_memcpy4</name>
         <value>0x3969</value>
         <object_component_ref idref="oc-53"/>
      </symbol>
      <symbol id="sm-4f3">
         <name>main_func_sp</name>
         <value>0x200003b4</value>
         <object_component_ref idref="oc-4f"/>
      </symbol>
      <symbol id="sm-503">
         <name>__aeabi_uidivmod</name>
         <value>0x3c9b</value>
         <object_component_ref idref="oc-1e1"/>
      </symbol>
      <symbol id="sm-51c">
         <name>_nop</name>
         <value>0x3e9f</value>
         <object_component_ref idref="oc-242"/>
      </symbol>
      <symbol id="sm-51d">
         <name>_lock</name>
         <value>0x2000039c</value>
         <object_component_ref idref="oc-152"/>
      </symbol>
      <symbol id="sm-51e">
         <name>_unlock</name>
         <value>0x200003a0</value>
         <object_component_ref idref="oc-152"/>
      </symbol>
      <symbol id="sm-51f">
         <name>_register_lock</name>
         <value>0x3e97</value>
         <object_component_ref idref="oc-242"/>
      </symbol>
      <symbol id="sm-520">
         <name>_register_unlock</name>
         <value>0x3e91</value>
         <object_component_ref idref="oc-242"/>
      </symbol>
      <symbol id="sm-534">
         <name>_args_main</name>
         <value>0x3e3d</value>
         <object_component_ref idref="oc-43"/>
      </symbol>
      <symbol id="sm-551">
         <name>__TI_auto_init</name>
         <value>0x3a05</value>
         <object_component_ref idref="oc-3e"/>
      </symbol>
      <symbol id="sm-56a">
         <name>copy_in</name>
         <value>0x3bd1</value>
         <object_component_ref idref="oc-149"/>
      </symbol>
      <symbol id="sm-5ad">
         <name>UARTConfigSetExpClk</name>
         <value>0x3cdd</value>
         <object_component_ref idref="oc-1c3"/>
      </symbol>
      <symbol id="sm-5ae">
         <name>UARTDisable</name>
         <value>0x3ded</value>
         <object_component_ref idref="oc-26f"/>
      </symbol>
      <symbol id="sm-5af">
         <name>UARTCharPut</name>
         <value>0x3f85</value>
         <object_component_ref idref="oc-1cf"/>
      </symbol>
      <symbol id="sm-5b0">
         <name>UARTEnable</name>
         <value>0x3e7d</value>
         <object_component_ref idref="oc-1c9"/>
      </symbol>
      <symbol id="sm-5b1">
         <name>UARTCharGet</name>
         <value>0x3f7b</value>
         <object_component_ref idref="oc-1d5"/>
      </symbol>
      <symbol id="sm-5d4">
         <name>SysTickEnable</name>
         <value>0x3e55</value>
         <object_component_ref idref="oc-f4"/>
      </symbol>
      <symbol id="sm-5d5">
         <name>SysTickIntEnable</name>
         <value>0x3e69</value>
         <object_component_ref idref="oc-ee"/>
      </symbol>
      <symbol id="sm-5d6">
         <name>SysTickPeriodSet</name>
         <value>0x3f31</value>
         <object_component_ref idref="oc-e2"/>
      </symbol>
      <symbol id="sm-662">
         <name>SysCtlGPIOAHBEnable</name>
         <value>0x3dd1</value>
         <object_component_ref idref="oc-16f"/>
      </symbol>
      <symbol id="sm-663">
         <name>SysCtlPeripheralPresent</name>
         <value>0x3d51</value>
         <object_component_ref idref="oc-1bd"/>
      </symbol>
      <symbol id="sm-664">
         <name>SysCtlDelay</name>
         <value>0x3f9b</value>
         <object_component_ref idref="oc-138"/>
      </symbol>
      <symbol id="sm-665">
         <name>SysCtlPeripheralEnable</name>
         <value>0x3d1d</value>
         <object_component_ref idref="oc-b6"/>
      </symbol>
      <symbol id="sm-666">
         <name>SysCtlClockFreqSet</name>
         <value>0x34f9</value>
         <object_component_ref idref="oc-dc"/>
      </symbol>
      <symbol id="sm-688">
         <name>SSIDataGetNonBlocking</name>
         <value>0x3eed</value>
         <object_component_ref idref="oc-12c"/>
      </symbol>
      <symbol id="sm-689">
         <name>SSIConfigSetExpClk</name>
         <value>0x3c59</value>
         <object_component_ref idref="oc-120"/>
      </symbol>
      <symbol id="sm-68a">
         <name>SSIEnable</name>
         <value>0x3f71</value>
         <object_component_ref idref="oc-126"/>
      </symbol>
      <symbol id="sm-694">
         <name>IntMasterEnable</name>
         <value>0x3f67</value>
         <object_component_ref idref="oc-e8"/>
      </symbol>
      <symbol id="sm-6fc">
         <name>GPIOPinConfigure</name>
         <value>0x3af9</value>
         <object_component_ref idref="oc-bc"/>
      </symbol>
      <symbol id="sm-6fd">
         <name>GPIOPinTypeGPIOInput</name>
         <value>0x3eb7</value>
         <object_component_ref idref="oc-132"/>
      </symbol>
      <symbol id="sm-6fe">
         <name>GPIOPinTypeUART</name>
         <value>0x3edb</value>
         <object_component_ref idref="oc-c2"/>
      </symbol>
      <symbol id="sm-6ff">
         <name>GPIOPinTypeGPIOOutput</name>
         <value>0x3e25</value>
         <object_component_ref idref="oc-100"/>
      </symbol>
      <symbol id="sm-700">
         <name>GPIOPinRead</name>
         <value>0x3f8f</value>
         <object_component_ref idref="oc-139"/>
      </symbol>
      <symbol id="sm-701">
         <name>GPIODirModeSet</name>
         <value>0x3d85</value>
         <object_component_ref idref="oc-1b0"/>
      </symbol>
      <symbol id="sm-702">
         <name>GPIOPinWrite</name>
         <value>0x3f95</value>
         <object_component_ref idref="oc-106"/>
      </symbol>
      <symbol id="sm-703">
         <name>GPIOPadConfigSet</name>
         <value>0x3839</value>
         <object_component_ref idref="oc-1b6"/>
      </symbol>
      <symbol id="sm-704">
         <name>GPIOPinTypeSSI</name>
         <value>0x3ec9</value>
         <object_component_ref idref="oc-11a"/>
      </symbol>
      <symbol id="sm-705">
         <name>GPIOPinTypeEPI</name>
         <value>0x3ea5</value>
         <object_component_ref idref="oc-215"/>
      </symbol>
      <symbol id="sm-71b">
         <name>FPULazyStackingEnable</name>
         <value>0x3f21</value>
         <object_component_ref idref="oc-d6"/>
      </symbol>
      <symbol id="sm-71c">
         <name>FPUEnable</name>
         <value>0x3f11</value>
         <object_component_ref idref="oc-d0"/>
      </symbol>
      <symbol id="sm-739">
         <name>EPIModeSet</name>
         <value>0x3fab</value>
         <object_component_ref idref="oc-21b"/>
      </symbol>
      <symbol id="sm-73a">
         <name>EPIConfigHB16Set</name>
         <value>0x3daf</value>
         <object_component_ref idref="oc-221"/>
      </symbol>
      <symbol id="sm-73b">
         <name>EPIAddressMapSet</name>
         <value>0x3fa7</value>
         <object_component_ref idref="oc-227"/>
      </symbol>
      <symbol id="sm-745">
         <name>CPUcpsie</name>
         <value>0x3f4f</value>
         <object_component_ref idref="oc-20c"/>
      </symbol>
      <symbol id="sm-746">
         <name>__TI_static_base__</name>
         <value>0x0</value>
      </symbol>
      <symbol id="sm-747">
         <name>__TI_args_main</name>
         <value>0x1</value>
      </symbol>
      <symbol id="sm-748">
         <name>SHT$$INIT_ARRAY$$Limit</name>
         <value>0x0</value>
      </symbol>
      <symbol id="sm-749">
         <name>SHT$$INIT_ARRAY$$Base</name>
         <value>0x0</value>
      </symbol>
   </symbol_table>
   <title>Link successful</title>
</link_info>
